Archive member included to satisfy reference by file (symbol)

app/libapp.a(main.c.obj)      (--whole-archive)
app/libapp.a(wav_reader.c.obj)
                              (--whole-archive)
zephyr/libzephyr.a(heap.c.obj)
                              (--whole-archive)
zephyr/libzephyr.a(cbprintf_packaged.c.obj)
                              (--whole-archive)
zephyr/libzephyr.a(printk.c.obj)
                              (--whole-archive)
zephyr/libzephyr.a(sem.c.obj)
                              (--whole-archive)
zephyr/libzephyr.a(thread_entry.c.obj)
                              (--whole-archive)
zephyr/libzephyr.a(cbprintf_complete.c.obj)
                              (--whole-archive)
zephyr/libzephyr.a(assert.c.obj)
                              (--whole-archive)
zephyr/libzephyr.a(mpsc_pbuf.c.obj)
                              (--whole-archive)
zephyr/libzephyr.a(reboot.c.obj)
                              (--whole-archive)
zephyr/libzephyr.a(dec.c.obj)
                              (--whole-archive)
zephyr/libzephyr.a(hex.c.obj)
                              (--whole-archive)
zephyr/libzephyr.a(rb.c.obj)  (--whole-archive)
zephyr/libzephyr.a(timeutil.c.obj)
                              (--whole-archive)
zephyr/libzephyr.a(bitarray.c.obj)
                              (--whole-archive)
zephyr/libzephyr.a(ring_buffer.c.obj)
                              (--whole-archive)
zephyr/libzephyr.a(configs.c.obj)
                              (--whole-archive)
zephyr/libzephyr.a(stm32cube_hal.c.obj)
                              (--whole-archive)
zephyr/libzephyr.a(soc_config.c.obj)
                              (--whole-archive)
zephyr/libzephyr.a(soc_m7.c.obj)
                              (--whole-archive)
zephyr/libzephyr.a(mpu_regions.c.obj)
                              (--whole-archive)
zephyr/libzephyr.a(log_core.c.obj)
                              (--whole-archive)
zephyr/libzephyr.a(log_mgmt.c.obj)
                              (--whole-archive)
zephyr/libzephyr.a(log_cache.c.obj)
                              (--whole-archive)
zephyr/libzephyr.a(log_msg.c.obj)
                              (--whole-archive)
zephyr/libzephyr.a(log_output.c.obj)
                              (--whole-archive)
zephyr/libzephyr.a(mem_attr.c.obj)
                              (--whole-archive)
zephyr/libzephyr.a(tracing_none.c.obj)
                              (--whole-archive)
zephyr/libzephyr.a(disk_access.c.obj)
                              (--whole-archive)
zephyr/libzephyr.a(kernel_shell.c.obj)
                              (--whole-archive)
zephyr/libzephyr.a(cycles.c.obj)
                              (--whole-archive)
zephyr/libzephyr.a(sleep.c.obj)
                              (--whole-archive)
zephyr/libzephyr.a(uptime.c.obj)
                              (--whole-archive)
zephyr/libzephyr.a(version.c.obj)
                              (--whole-archive)
zephyr/libzephyr.a(log-level.c.obj)
                              (--whole-archive)
zephyr/libzephyr.a(reboot.c.obj)
                              (--whole-archive)
zephyr/libzephyr.a(thread.c.obj)
                              (--whole-archive)
zephyr/libzephyr.a(list.c.obj)
                              (--whole-archive)
zephyr/libzephyr.a(stacks.c.obj)
                              (--whole-archive)
zephyr/libzephyr.a(device_service.c.obj)
                              (--whole-archive)
zephyr/libzephyr.a(devmem_service.c.obj)
                              (--whole-archive)
zephyr/libzephyr.a(shell_uart.c.obj)
                              (--whole-archive)
zephyr/libzephyr.a(shell.c.obj)
                              (--whole-archive)
zephyr/libzephyr.a(shell_fprintf.c.obj)
                              (--whole-archive)
zephyr/libzephyr.a(shell_utils.c.obj)
                              (--whole-archive)
zephyr/libzephyr.a(shell_ops.c.obj)
                              (--whole-archive)
zephyr/libzephyr.a(shell_log_backend.c.obj)
                              (--whole-archive)
zephyr/libzephyr.a(shell_help.c.obj)
                              (--whole-archive)
zephyr/libzephyr.a(shell_cmds.c.obj)
                              (--whole-archive)
zephyr/libzephyr.a(shell_history.c.obj)
                              (--whole-archive)
zephyr/libzephyr.a(shell_wildcard.c.obj)
                              (--whole-archive)
zephyr/arch/common/libarch__common.a(sw_isr_common.c.obj)
                              (--whole-archive)
zephyr/arch/arch/arm/core/libarch__arm__core.a(fatal.c.obj)
                              (--whole-archive)
zephyr/arch/arch/arm/core/libarch__arm__core.a(nmi.c.obj)
                              (--whole-archive)
zephyr/arch/arch/arm/core/libarch__arm__core.a(nmi_on_reset.S.obj)
                              (--whole-archive)
zephyr/arch/arch/arm/core/libarch__arm__core.a(tls.c.obj)
                              (--whole-archive)
zephyr/arch/arch/arm/core/cortex_m/libarch__arm__core__cortex_m.a(exc_exit.c.obj)
[...]
Memory Configuration

Name             Origin             Length             Attributes
FLASH            0x0000000008000000 0x0000000000100000 xr
RAM              0x0000000024000000 0x0000000000050000 xw
BACKUP_SRAM      0x0000000038800000 0x0000000000001000
EXTMEM           0x0000000090000000 0x0000000010000000
SRAM1            0x0000000030000000 0x0000000000004000
SRAM2            0x0000000030004000 0x0000000000004000
SRAM4            0x0000000038000000 0x0000000000004000
DTCM             0x0000000020000000 0x0000000000020000
ITCM             0x0000000000000000 0x0000000000010000
IDT_LIST         0x00000000ffff7fff 0x0000000000008000 xw
*default*        0x0000000000000000 0xffffffffffffffff

Linker script and memory map

                0x000000000800d4d4                vfprintf = __l_vfprintf
                0x0000000000000000                vfscanf = __l_vfscanf
LOAD zephyr/CMakeFiles/zephyr_final.dir/misc/empty_file.c.obj
LOAD zephyr/CMakeFiles/zephyr_final.dir/isr_tables.c.obj
LOAD zephyr/CMakeFiles/offsets.dir/./arch/arm/core/offsets/offsets.c.obj
LOAD app/libapp.a
LOAD zephyr/libzephyr.a
LOAD zephyr/arch/common/libarch__common.a
LOAD zephyr/arch/arch/arm/core/libarch__arm__core.a
LOAD zephyr/arch/arch/arm/core/cortex_m/libarch__arm__core__cortex_m.a
LOAD zephyr/arch/arch/arm/core/mpu/libarch__arm__core__mpu.a
LOAD zephyr/lib/libc/picolibc/liblib__libc__picolibc.a
LOAD zephyr/lib/libc/common/liblib__libc__common.a
LOAD zephyr/lib/posix/options/liblib__posix__options.a
LOAD zephyr/subsys/fs/libsubsys__fs.a
LOAD zephyr/drivers/disk/libdrivers__disk.a
LOAD zephyr/drivers/interrupt_controller/libdrivers__interrupt_controller.a
LOAD zephyr/drivers/clock_control/libdrivers__clock_control.a
LOAD zephyr/drivers/console/libdrivers__console.a
LOAD zephyr/drivers/dma/libdrivers__dma.a
LOAD zephyr/drivers/gpio/libdrivers__gpio.a
LOAD zephyr/drivers/i2c/libdrivers__i2c.a
LOAD zephyr/drivers/i2s/libdrivers__i2s.a
LOAD zephyr/drivers/pinctrl/libdrivers__pinctrl.a
LOAD zephyr/drivers/reset/libdrivers__reset.a
LOAD zephyr/drivers/serial/libdrivers__serial.a
LOAD zephyr/drivers/timer/libdrivers__timer.a
LOAD modules/fatfs/libmodules__fatfs.a
LOAD modules/hal_stm32/stm32cube/lib..__modules__hal__stm32__stm32cube.a
LOAD zephyr/kernel/libkernel.a
LOAD zephyr/arch/common/libisr_tables.a
LOAD /opt/zephyr-sdk-0.16.8/arm-zephyr-eabi/bin/../lib/gcc/../../picolibc/arm-zephyr-eabi/lib/thumb/v7e-m/nofp/libc.a
LOAD /opt/zephyr-sdk-0.16.8/arm-zephyr-eabi/bin/../lib/gcc/arm-zephyr-eabi/12.2.0/thumb/v7e-m/nofp/libgcc.a
                0x0000000000000020                _region_min_align = 0x20

.rel.plt        0x0000000008000000        0x0
 *(SORT_BY_ALIGNMENT(.rel.plt))
                [!provide]                        PROVIDE (__rel_iplt_start = .)
 *(SORT_BY_ALIGNMENT(.rel.iplt))
 .rel.iplt      0x0000000008000000        0x0 zephyr/CMakeFiles/zephyr_final.dir/isr_tables.c.obj
                [!provide]                        PROVIDE (__rel_iplt_end = .)

.rela.plt       0x0000000000000000        0x0
 *(SORT_BY_ALIGNMENT(.rela.plt))
                [!provide]                        PROVIDE (__rela_iplt_start = .)
 *(SORT_BY_ALIGNMENT(.rela.iplt))
                [!provide]                        PROVIDE (__rela_iplt_end = .)

.rel.dyn
 *(SORT_BY_ALIGNMENT(.rel.*))

.rela.dyn
 *(SORT_BY_ALIGNMENT(.rela.*))

/DISCARD/
 *(SORT_BY_ALIGNMENT(.plt))

/DISCARD/
 *(SORT_BY_ALIGNMENT(.iplt))
                0x0000000008000000                __rom_region_start = 0x8000000

rom_start       0x0000000008000000      0x2cc
                0x0000000008000000                __rom_start_address = .
 FILL mask 0x00
                0x0000000008000000                . = (. + (0x0 - (. - __rom_start_address)))
                0x0000000008000000                . = ALIGN (0x4)
                0x0000000008000000                . = ALIGN (0x80)
                0x0000000008000000                . = ALIGN (0x400)
                0x0000000008000000                _vector_start = .
 *(SORT_BY_ALIGNMENT(.exc_vector_table))
 *(SORT_BY_ALIGNMENT(.exc_vector_table.*))
 .exc_vector_table._vector_table_section
                0x0000000008000000       0x40 zephyr/arch/arch/arm/core/cortex_m/libarch__arm__core__cortex_m.a(vector_table.S.obj)
                0x0000000008000000                _vector_table
 *(SORT_BY_ALIGNMENT(.vectors))
                0x00000000080002cc                _vector_end = .
                0x0000000008000040                . = ALIGN (0x4)
 *(SORT_BY_ALIGNMENT(.gnu.linkonce.irq_vector_table*))
 .gnu.linkonce.irq_vector_table
                0x0000000008000040      0x28c zephyr/CMakeFiles/zephyr_final.dir/isr_tables.c.obj
                0x0000000008000040                _irq_vector_table
                0x00000000080002cc                _vector_end = .

text            0x00000000080002d0    0x133c0
                0x00000000080002d0                __text_region_start = .
 *(SORT_BY_ALIGNMENT(.text))
 .text          0x00000000080002d0      0x21c /opt/zephyr-sdk-0.16.8/arm-zephyr-eabi/bin/../lib/gcc/arm-zephyr-eabi/12.2.0/thumb/v7e-m/nofp/libgcc.a(_arm_addsubsf3.o)
                0x00000000080002d0                __aeabi_frsub
                0x00000000080002d8                __aeabi_fsub
                0x00000000080002d8                __subsf3
                0x00000000080002dc                __aeabi_fadd
                0x00000000080002dc                __addsf3
                0x000000000800043c                __aeabi_ui2f
                0x000000000800043c                __floatunsisf
                0x0000000008000444                __floatsisf
                0x0000000008000444                __aeabi_i2f
                0x0000000008000460                __aeabi_ul2f
                0x0000000008000460                __floatundisf
                0x0000000008000470                __aeabi_l2f
                0x0000000008000470                __floatdisf
 .text          0x00000000080004ec      0x2a0 /opt/zephyr-sdk-0.16.8/arm-zephyr-eabi/bin/../lib/gcc/arm-zephyr-eabi/12.2.0/thumb/v7e-m/nofp/libgcc.a(_arm_muldivsf3.o)
                0x00000000080004ec                __mulsf3
                0x00000000080004ec                __aeabi_fmul
                0x0000000008000654                __divsf3
                0x0000000008000654                __aeabi_fdiv
 .text          0x000000000800078c       0x40 /opt/zephyr-sdk-0.16.8/arm-zephyr-eabi/bin/../lib/gcc/arm-zephyr-eabi/12.2.0/thumb/v7e-m/nofp/libgcc.a(_arm_fixunssfsi.o)
                0x000000000800078c                __aeabi_f2uiz
                0x000000000800078c                __fixunssfsi
 .text          0x00000000080007cc       0xa0 /opt/zephyr-sdk-0.16.8/arm-zephyr-eabi/bin/../lib/gcc/arm-zephyr-eabi/12.2.0/thumb/v7e-m/nofp/libgcc.a(_aeabi_ldivmod.o)
                0x00000000080007cc                __aeabi_ldivmod
 .text          0x000000000800086c       0x30 /opt/zephyr-sdk-0.16.8/arm-zephyr-eabi/bin/../lib/gcc/arm-zephyr-eabi/12.2.0/thumb/v7e-m/nofp/libgcc.a(_aeabi_uldivmod.o)
                0x000000000800086c                __aeabi_uldivmod
 .text          0x000000000800089c        0x4 /opt/zephyr-sdk-0.16.8/arm-zephyr-eabi/bin/../lib/gcc/arm-zephyr-eabi/12.2.0/thumb/v7e-m/nofp/libgcc.a(_dvmd_tls.o)
                0x000000000800089c                __aeabi_ldiv0
                0x000000000800089c                __aeabi_idiv0
 .text          0x00000000080008a0       0x14 /opt/zephyr-sdk-0.16.8/arm-zephyr-eabi/bin/../lib/gcc/../../picolibc/arm-zephyr-eabi/lib/thumb/v7e-m/nofp/libc.a(strcmp.S.o)
                0x00000000080008a0                strcmp
 .text          0x00000000080008b4       0x10 /opt/zephyr-sdk-0.16.8/arm-zephyr-eabi/bin/../lib/gcc/../../picolibc/arm-zephyr-eabi/lib/thumb/v7e-m/nofp/libc.a(strcpy.S.o)
                0x00000000080008b4                strcpy
 .text          0x00000000080008c4       0x10 /opt/zephyr-sdk-0.16.8/arm-zephyr-eabi/bin/../lib/gcc/../../picolibc/arm-zephyr-eabi/lib/thumb/v7e-m/nofp/libc.a(strlen.S.o)
                0x00000000080008c4                strlen
 .text          0x00000000080008d4      0x2a0 /opt/zephyr-sdk-0.16.8/arm-zephyr-eabi/bin/../lib/gcc/arm-zephyr-eabi/12.2.0/thumb/v7e-m/nofp/libgcc.a(_udivmoddi4.o)
                0x00000000080008d4                __udivmoddi4
 *(SORT_BY_ALIGNMENT(.text.*))
 *fill*         0x0000000008000b74        0x4 
 .text.cmd_kernel_uptime
                0x0000000008000b78       0xe0 zephyr/libzephyr.a(uptime.c.obj)
 .text.cmd_stop_tone
                0x0000000008000c58       0x2c app/libapp.a(main.c.obj)
 .text.cmd_start_tone
                0x0000000008000c84       0x60 app/libapp.a(main.c.obj)
 .text.i2c_writeRegisterByte.constprop.0.isra.0
                0x0000000008000ce4       0x4c app/libapp.a(main.c.obj)
 .text.tone_thread
                0x0000000008000d30       0xd0 app/libapp.a(main.c.obj)
                0x0000000008000d30                tone_thread
 .text.main     0x0000000008000e00       0x9c app/libapp.a(main.c.obj)
                0x0000000008000e00                main
 .text.read_wav_file
                0x0000000008000e9c      0x238 app/libapp.a(wav_reader.c.obj)
                0x0000000008000e9c                read_wav_file
 .text.read_data
                0x00000000080010d4       0x1c app/libapp.a(wav_reader.c.obj)
                0x00000000080010d4                read_data
 .text.lsdir    0x00000000080010f0       0xcc app/libapp.a(wav_reader.c.obj)
                0x00000000080010f0                lsdir
 .text.cbvprintf_package
                0x00000000080011bc      0x3a4 zephyr/libzephyr.a(cbprintf_packaged.c.obj)
                0x00000000080011bc                cbvprintf_package
 .text.cbprintf_package_convert
                0x0000000008001560      0x3c8 zephyr/libzephyr.a(cbprintf_packaged.c.obj)
                0x0000000008001560                cbprintf_package_convert
 .text.__printk_hook_install
                0x0000000008001928        0xc zephyr/libzephyr.a(printk.c.obj)
                0x0000000008001928                __printk_hook_install
 .text.z_thread_entry
                0x0000000008001934       0x34 zephyr/libzephyr.a(thread_entry.c.obj)
                0x0000000008001934                z_thread_entry
 .text.sys_reboot
                0x0000000008001968       0x34 zephyr/libzephyr.a(reboot.c.obj)
                0x0000000008001968                sys_reboot
 .text.st_stm32_common_config
                0x000000000800199c       0x1c zephyr/libzephyr.a(soc_config.c.obj)
 .text.soc_early_init_hook
                0x00000000080019b8       0x60 zephyr/libzephyr.a(soc_m7.c.obj)
                0x00000000080019b8                soc_early_init_hook
 .text.activate_foreach_backend
                0x0000000008001a18       0x64 zephyr/libzephyr.a(log_core.c.obj)
 .text.enable_logger
                0x0000000008001a7c       0x5c zephyr/libzephyr.a(log_core.c.obj)
 .text.log_process_thread_timer_expiry_fn
                0x0000000008001ad8        0xc zephyr/libzephyr.a(log_core.c.obj)
 .text.z_log_init
                0x0000000008001ae4       0x8c zephyr/libzephyr.a(log_core.c.obj)
 .text.log_set_timestamp_func
                0x0000000008001b70       0x20 zephyr/libzephyr.a(log_core.c.obj)
                0x0000000008001b70                log_set_timestamp_func
 .text.z_log_notify_backend_enabled
                0x0000000008001b90       0x1c zephyr/libzephyr.a(log_core.c.obj)
                0x0000000008001b90                z_log_notify_backend_enabled
 .text.z_log_dropped
                0x0000000008001bac       0x44 zephyr/libzephyr.a(log_core.c.obj)
                0x0000000008001bac                z_log_dropped
 .text.z_log_dropped_read_and_clear
                0x0000000008001bf0       0x20 zephyr/libzephyr.a(log_core.c.obj)
                0x0000000008001bf0                z_log_dropped_read_and_clear
 .text.dropped_notify
                0x0000000008001c10       0x30 zephyr/libzephyr.a(log_core.c.obj)
                0x0000000008001c10                dropped_notify
 .text.z_log_msg_init
                0x0000000008001c40       0x20 zephyr/libzephyr.a(log_core.c.obj)
                0x0000000008001c40                z_log_msg_init
 .text.log_core_init
                0x0000000008001c60       0x38 zephyr/libzephyr.a(log_core.c.obj)
                0x0000000008001c60                log_core_init
 .text.z_log_msg_alloc
                0x0000000008001c98       0x10 zephyr/libzephyr.a(log_core.c.obj)
                0x0000000008001c98                z_log_msg_alloc
 .text.z_log_msg_local_claim
                0x0000000008001ca8        0xc zephyr/libzephyr.a(log_core.c.obj)
                0x0000000008001ca8                z_log_msg_local_claim
 .text.z_log_msg_free
                0x0000000008001cb4       0x10 zephyr/libzephyr.a(log_core.c.obj)
                0x0000000008001cb4                z_log_msg_free
 .text.z_log_msg_pending
                0x0000000008001cc4        0xc zephyr/libzephyr.a(log_core.c.obj)
                0x0000000008001cc4                z_log_msg_pending
 .text.z_impl_log_process
                0x0000000008001cd0       0xe4 zephyr/libzephyr.a(log_core.c.obj)
                0x0000000008001cd0                z_impl_log_process
 .text.z_impl_log_panic
                0x0000000008001db4       0x44 zephyr/libzephyr.a(log_core.c.obj)
                0x0000000008001db4                z_impl_log_panic
 .text.log_process_thread_func
                0x0000000008001df8       0xa4 zephyr/libzephyr.a(log_core.c.obj)
 .text.z_log_msg_post_finalize
                0x0000000008001e9c       0x78 zephyr/libzephyr.a(log_core.c.obj)
 .text.z_log_msg_commit
                0x0000000008001f14       0x24 zephyr/libzephyr.a(log_core.c.obj)
                0x0000000008001f14                z_log_msg_commit
 .text.log_source_name_get
                0x0000000008001f38       0x1c zephyr/libzephyr.a(log_mgmt.c.obj)
                0x0000000008001f38                log_source_name_get
 .text.z_log_runtime_filters_init
                0x0000000008001f54       0x3c zephyr/libzephyr.a(log_mgmt.c.obj)
                0x0000000008001f54                z_log_runtime_filters_init
 .text.log_source_id_get
                0x0000000008001f90       0x38 zephyr/libzephyr.a(log_mgmt.c.obj)
                0x0000000008001f90                log_source_id_get
 .text.filter_set
                0x0000000008001fc8       0xbc zephyr/libzephyr.a(log_mgmt.c.obj)
                0x0000000008001fc8                filter_set
 .text.backend_filter_set
                0x0000000008002084       0x30 zephyr/libzephyr.a(log_mgmt.c.obj)
 .text.log_backend_enable
                0x00000000080020b4       0x34 zephyr/libzephyr.a(log_mgmt.c.obj)
                0x00000000080020b4                log_backend_enable
 .text.log_filter_get
                0x00000000080020e8       0x4c zephyr/libzephyr.a(log_mgmt.c.obj)
                0x00000000080020e8                log_filter_get
 .text.z_impl_z_log_msg_static_create
                0x0000000008002134      0x110 zephyr/libzephyr.a(log_msg.c.obj)
                0x0000000008002134                z_impl_z_log_msg_static_create
 .text.z_log_msg_runtime_vcreate
                0x0000000008002244       0xb0 zephyr/libzephyr.a(log_msg.c.obj)
                0x0000000008002244                z_log_msg_runtime_vcreate
 .text.log_msg_get_source_id
                0x00000000080022f4       0x18 zephyr/libzephyr.a(log_msg.c.obj)
                0x00000000080022f4                log_msg_get_source_id
 .text.print_formatted
                0x000000000800230c       0x24 zephyr/libzephyr.a(log_output.c.obj)
 .text.newline_print
                0x0000000008002330       0x1c zephyr/libzephyr.a(log_output.c.obj)
 .text.log_output_process
                0x000000000800234c      0x2d4 zephyr/libzephyr.a(log_output.c.obj)
                0x000000000800234c                log_output_process
 .text.log_output_dropped_process
                0x0000000008002620       0x58 zephyr/libzephyr.a(log_output.c.obj)
                0x0000000008002620                log_output_dropped_process
 .text.log_output_timestamp_freq_set
                0x0000000008002678       0x2c zephyr/libzephyr.a(log_output.c.obj)
                0x0000000008002678                log_output_timestamp_freq_set
 .text.mem_attr_get_regions
                0x00000000080026a4        0xc zephyr/libzephyr.a(mem_attr.c.obj)
                0x00000000080026a4                mem_attr_get_regions
 .text.disk_access_get_di
                0x00000000080026b0       0x64 zephyr/libzephyr.a(disk_access.c.obj)
                0x00000000080026b0                disk_access_get_di
 .text.disk_access_ioctl
                0x0000000008002714       0xb8 zephyr/libzephyr.a(disk_access.c.obj)
                0x0000000008002714                disk_access_ioctl
 .text.disk_access_register
                0x00000000080027cc       0x68 zephyr/libzephyr.a(disk_access.c.obj)
                0x00000000080027cc                disk_access_register
 .text.cmd_kernel_cycles
                0x0000000008002834       0x1c zephyr/libzephyr.a(cycles.c.obj)
 .text.cmd_kernel_sleep
                0x0000000008002850       0x40 zephyr/libzephyr.a(sleep.c.obj)
 .text.cmd_kernel_version
                0x0000000008002890       0x18 zephyr/libzephyr.a(version.c.obj)
 .text.cmd_kernel_log_level_set
                0x00000000080028a8       0x7c zephyr/libzephyr.a(log-level.c.obj)
 .text.cmd_kernel_thread_list
                0x0000000008002924       0x34 zephyr/libzephyr.a(list.c.obj)
 .text.shell_tdata_dump
                0x0000000008002958       0xc0 zephyr/libzephyr.a(list.c.obj)
 .text.cmd_kernel_thread_stacks
                0x0000000008002a18       0x70 zephyr/libzephyr.a(stacks.c.obj)
 .text.shell_stack_dump
                0x0000000008002a88       0x60 zephyr/libzephyr.a(stacks.c.obj)
 .text.cmd_device_list
                0x0000000008002ae8       0x8c zephyr/libzephyr.a(device_service.c.obj)
 .text.cmd_devmem
                0x0000000008002b74       0xc4 zephyr/libzephyr.a(devmem_service.c.obj)
 .text.cmd_dump
                0x0000000008002c38      0x198 zephyr/libzephyr.a(devmem_service.c.obj)
 .text.set_bypass.isra.0
                0x0000000008002dd0       0x4c zephyr/libzephyr.a(devmem_service.c.obj)
 .text.bypass_cb
                0x0000000008002e1c      0x114 zephyr/libzephyr.a(devmem_service.c.obj)
 .text.cmd_load
                0x0000000008002f30       0xd8 zephyr/libzephyr.a(devmem_service.c.obj)
 .text.enable_shell_uart
                0x0000000008003008       0x38 zephyr/libzephyr.a(shell_uart.c.obj)
 .text.init     0x0000000008003040       0x60 zephyr/libzephyr.a(shell_uart.c.obj)
 .text.uart_callback
                0x00000000080030a0      0x100 zephyr/libzephyr.a(shell_uart.c.obj)
 .text.shell_internal_help_print
                0x00000000080031a0       0x20 zephyr/libzephyr.a(shell.c.obj)
 .text.kill_handler
                0x00000000080031c0       0x54 zephyr/libzephyr.a(shell.c.obj)
 .text.z_cursor_next_line_move.isra.0
                0x0000000008003214        0xc zephyr/libzephyr.a(shell.c.obj)
 .text.history_handle
                0x0000000008003220       0xac zephyr/libzephyr.a(shell.c.obj)
 .text.execute  0x00000000080032cc      0x2c8 zephyr/libzephyr.a(shell.c.obj)
 .text.state_set.constprop.0
                0x0000000008003594       0x4c zephyr/libzephyr.a(shell.c.obj)
 .text.shell_process
                0x00000000080035e0      0x6b4 zephyr/libzephyr.a(shell.c.obj)
                0x00000000080035e0                shell_process
 .text.shell_thread
                0x0000000008003c94       0xd8 zephyr/libzephyr.a(shell.c.obj)
                0x0000000008003c94                shell_thread
 .text.cmd_help
                0x0000000008003d6c       0x44 zephyr/libzephyr.a(shell.c.obj)
 .text.shell_hexdump_line
                0x0000000008003db0       0xcc zephyr/libzephyr.a(shell.c.obj)
                0x0000000008003db0                shell_hexdump_line
 .text.shell_init
                0x0000000008003e7c       0xe8 zephyr/libzephyr.a(shell.c.obj)
                0x0000000008003e7c                shell_init
 .text.z_shell_fprintf_fmt
                0x0000000008003f64       0x28 zephyr/libzephyr.a(shell_fprintf.c.obj)
                0x0000000008003f64                z_shell_fprintf_fmt
 .text.z_shell_cmd_get
                0x0000000008003f8c       0x74 zephyr/libzephyr.a(shell_utils.c.obj)
                0x0000000008003f8c                z_shell_cmd_get
 .text.shell_strtoul
                0x0000000008004000       0x54 zephyr/libzephyr.a(shell_utils.c.obj)
                0x0000000008004000                shell_strtoul
 .text.z_clear_eos
                0x0000000008004054       0x18 zephyr/libzephyr.a(shell_ops.c.obj)
 .text.z_cursor_next_line_move.isra.0
                0x000000000800406c        0xc zephyr/libzephyr.a(shell_ops.c.obj)
 .text.z_shell_op_cursor_vert_move
                0x0000000008004078       0x2c zephyr/libzephyr.a(shell_ops.c.obj)
                0x0000000008004078                z_shell_op_cursor_vert_move
 .text.z_shell_op_cursor_horiz_move
                0x00000000080040a4       0x2c zephyr/libzephyr.a(shell_ops.c.obj)
                0x00000000080040a4                z_shell_op_cursor_horiz_move
 .text.z_shell_print_cmd
                0x00000000080040d0       0x78 zephyr/libzephyr.a(shell_ops.c.obj)
                0x00000000080040d0                z_shell_print_cmd
 .text.z_shell_vt100_color_set
                0x0000000008004148       0x40 zephyr/libzephyr.a(shell_ops.c.obj)
                0x0000000008004148                z_shell_vt100_color_set
 .text.z_shell_vt100_colors_restore
                0x0000000008004188       0x3c zephyr/libzephyr.a(shell_ops.c.obj)
                0x0000000008004188                z_shell_vt100_colors_restore
 .text.z_shell_op_word_remove
                0x00000000080041c4       0xc8 zephyr/libzephyr.a(shell_ops.c.obj)
                0x00000000080041c4                z_shell_op_word_remove
 .text.reprint_from_cursor
                0x000000000800428c       0x7c zephyr/libzephyr.a(shell_ops.c.obj)
 .text.z_shell_op_char_insert
                0x0000000008004308       0x70 zephyr/libzephyr.a(shell_ops.c.obj)
                0x0000000008004308                z_shell_op_char_insert
 .text.z_shell_print_prompt_and_cmd
                0x0000000008004378       0x30 zephyr/libzephyr.a(shell_ops.c.obj)
                0x0000000008004378                z_shell_print_prompt_and_cmd
 .text.z_cursor_next_line_move.isra.0
                0x00000000080043a8        0xc zephyr/libzephyr.a(shell_help.c.obj)
 .text.z_shell_help_subcmd_print
                0x00000000080043b4       0xb4 zephyr/libzephyr.a(shell_help.c.obj)
                0x00000000080043b4                z_shell_help_subcmd_print
 .text.z_shell_help_cmd_print
                0x0000000008004468       0x40 zephyr/libzephyr.a(shell_help.c.obj)
                0x0000000008004468                z_shell_help_cmd_print
 .text.z_shell_help_request
                0x00000000080044a8       0x28 zephyr/libzephyr.a(shell_help.c.obj)
                0x00000000080044a8                z_shell_help_request
 .text.cmd_resize_default
                0x00000000080044d0       0x2c zephyr/libzephyr.a(shell_cmds.c.obj)
 .text.cmd_shell_stats_show
                0x00000000080044fc       0x14 zephyr/libzephyr.a(shell_cmds.c.obj)
 .text.cmd_backends
                0x0000000008004510       0x50 zephyr/libzephyr.a(shell_cmds.c.obj)
 .text.cmd_prompt_off
                0x0000000008004560       0x10 zephyr/libzephyr.a(shell_cmds.c.obj)
 .text.cmd_history
                0x0000000008004570       0x3c zephyr/libzephyr.a(shell_cmds.c.obj)
 .text.cmd_get_retval
                0x00000000080045ac       0x1c zephyr/libzephyr.a(shell_cmds.c.obj)
 .text.cmd_echo
                0x00000000080045c8       0x50 zephyr/libzephyr.a(shell_cmds.c.obj)
 .text.cmd_clear
                0x0000000008004618       0x34 zephyr/libzephyr.a(shell_cmds.c.obj)
 .text.cmd_resize
                0x000000000800464c      0x194 zephyr/libzephyr.a(shell_cmds.c.obj)
 .text.z_shell_wildcard_process
                0x00000000080047e0       0xe0 zephyr/libzephyr.a(shell_wildcard.c.obj)
                0x00000000080047e0                z_shell_wildcard_process
 .text.z_arm_fatal_error
                0x00000000080048c0       0xe0 zephyr/arch/arch/arm/core/libarch__arm__core.a(fatal.c.obj)
                0x00000000080048c0                z_arm_fatal_error
 .text.z_arm_nmi
                0x00000000080049a0       0x14 zephyr/arch/arch/arm/core/libarch__arm__core.a(nmi.c.obj)
                0x00000000080049a0                z_arm_nmi
 .text.z_SysNmiOnReset
                0x00000000080049b4        0x8 zephyr/arch/arch/arm/core/libarch__arm__core.a(nmi_on_reset.S.obj)
                0x00000000080049b4                z_SysNmiOnReset
 .text.arch_tls_stack_setup
                0x00000000080049bc       0x40 zephyr/arch/arch/arm/core/libarch__arm__core.a(tls.c.obj)
                0x00000000080049bc                arch_tls_stack_setup
 .text._HandlerModeExit
                0x00000000080049fc       0x28 zephyr/arch/arch/arm/core/cortex_m/libarch__arm__core__cortex_m.a(exc_exit.c.obj)
                0x00000000080049fc                z_arm_exc_exit
                0x00000000080049fc                z_arm_int_exit
 .text.bus_fault.constprop.0
                0x0000000008004a24      0x108 zephyr/arch/arch/arm/core/cortex_m/libarch__arm__core__cortex_m.a(fault.c.obj)
 .text.usage_fault.constprop.0
                0x0000000008004b2c       0xdc zephyr/arch/arch/arm/core/cortex_m/libarch__arm__core__cortex_m.a(fault.c.obj)
 .text.mem_manage_fault
                0x0000000008004c08      0x140 zephyr/arch/arch/arm/core/cortex_m/libarch__arm__core__cortex_m.a(fault.c.obj)
 .text.z_arm_fault
                0x0000000008004d48      0x20c zephyr/arch/arch/arm/core/cortex_m/libarch__arm__core__cortex_m.a(fault.c.obj)
                0x0000000008004d48                z_arm_fault
 .text.z_arm_fault_init
                0x0000000008004f54       0x18 zephyr/arch/arch/arm/core/cortex_m/libarch__arm__core__cortex_m.a(fault.c.obj)
                0x0000000008004f54                z_arm_fault_init
 .text.__fault  0x0000000008004f6c       0x14 zephyr/arch/arch/arm/core/cortex_m/libarch__arm__core__cortex_m.a(fault_s.S.obj)
                0x0000000008004f6c                z_arm_bus_fault
                0x0000000008004f6c                z_arm_usage_fault
                0x0000000008004f6c                z_arm_mpu_fault
                0x0000000008004f6c                z_arm_exc_spurious
                0x0000000008004f6c                z_arm_debug_monitor
                0x0000000008004f6c                z_arm_hard_fault
 .text._reset_section
                0x0000000008004f80       0x38 zephyr/arch/arch/arm/core/cortex_m/libarch__arm__core__cortex_m.a(reset.S.obj)
                0x0000000008004f80                z_arm_reset
                0x0000000008004f80                __start
 .text.sys_arch_reboot
                0x0000000008004fb8       0x24 zephyr/arch/arch/arm/core/cortex_m/libarch__arm__core__cortex_m.a(scb.c.obj)
                0x0000000008004fb8                sys_arch_reboot
 .text.z_impl_k_thread_abort
                0x0000000008004fdc       0x2c zephyr/arch/arch/arm/core/cortex_m/libarch__arm__core__cortex_m.a(thread_abort.c.obj)
                0x0000000008004fdc                z_impl_k_thread_abort
 .text.arch_swap
                0x0000000008005008       0x34 zephyr/arch/arch/arm/core/cortex_m/libarch__arm__core__cortex_m.a(swap.c.obj)
                0x0000000008005008                arch_swap
 .text.z_arm_pendsv_c
                0x000000000800503c       0x50 zephyr/arch/arch/arm/core/cortex_m/libarch__arm__core__cortex_m.a(swap.c.obj)
                0x000000000800503c                z_arm_pendsv_c
 .text.z_arm_pendsv
                0x000000000800508c       0x34 zephyr/arch/arch/arm/core/cortex_m/libarch__arm__core__cortex_m.a(swap_helper.S.obj)
                0x000000000800508c                z_arm_pendsv
 .text.z_arm_svc
                0x00000000080050c0       0x20 zephyr/arch/arch/arm/core/cortex_m/libarch__arm__core__cortex_m.a(swap_helper.S.obj)
                0x00000000080050c0                z_arm_svc
 .text.arch_irq_enable
                0x00000000080050e0       0x1c zephyr/arch/arch/arm/core/cortex_m/libarch__arm__core__cortex_m.a(irq_manage.c.obj)
                0x00000000080050e0                arch_irq_enable
 .text.z_arm_irq_priority_set
                0x00000000080050fc       0x2c zephyr/arch/arch/arm/core/cortex_m/libarch__arm__core__cortex_m.a(irq_manage.c.obj)
                0x00000000080050fc                z_arm_irq_priority_set
 .text.z_prep_c
                0x0000000008005128       0x4c zephyr/arch/arch/arm/core/cortex_m/libarch__arm__core__cortex_m.a(prep_c.c.obj)
                0x0000000008005128                z_prep_c
 .text.arch_new_thread
                0x0000000008005174       0x30 zephyr/arch/arch/arm/core/cortex_m/libarch__arm__core__cortex_m.a(thread.c.obj)
                0x0000000008005174                arch_new_thread
 .text.z_check_thread_stack_fail
                0x00000000080051a4       0x30 zephyr/arch/arch/arm/core/cortex_m/libarch__arm__core__cortex_m.a(thread.c.obj)
                0x00000000080051a4                z_check_thread_stack_fail
 .text.arch_switch_to_main_thread
                0x00000000080051d4       0x48 zephyr/arch/arch/arm/core/cortex_m/libarch__arm__core__cortex_m.a(thread.c.obj)
                0x00000000080051d4                arch_switch_to_main_thread
 .text.z_arm_cpu_idle_init
                0x000000000800521c        0xc zephyr/arch/arch/arm/core/cortex_m/libarch__arm__core__cortex_m.a(cpu_idle.c.obj)
                0x000000000800521c                z_arm_cpu_idle_init
 .text.z_arm_interrupt_init
                0x0000000008005228       0x18 zephyr/arch/arch/arm/core/cortex_m/libarch__arm__core__cortex_m.a(irq_init.c.obj)
                0x0000000008005228                z_arm_interrupt_init
 .text._isr_wrapper
                0x0000000008005240       0x24 zephyr/arch/arch/arm/core/cortex_m/libarch__arm__core__cortex_m.a(isr_wrapper.c.obj)
                0x0000000008005240                _isr_wrapper
 .text.arch_dcache_enable
                0x0000000008005264       0x5c zephyr/arch/arch/arm/core/cortex_m/libarch__arm__core__cortex_m.a(cache.c.obj)
                0x0000000008005264                arch_dcache_enable
 .text.arch_dcache_disable
                0x00000000080052c0       0x54 zephyr/arch/arch/arm/core/cortex_m/libarch__arm__core__cortex_m.a(cache.c.obj)
                0x00000000080052c0                arch_dcache_disable
 .text.arch_dcache_flush_range
                0x0000000008005314       0x30 zephyr/arch/arch/arm/core/cortex_m/libarch__arm__core__cortex_m.a(cache.c.obj)
                0x0000000008005314                arch_dcache_flush_range
 .text.arch_dcache_invd_range
                0x0000000008005344       0x30 zephyr/arch/arch/arm/core/cortex_m/libarch__arm__core__cortex_m.a(cache.c.obj)
                0x0000000008005344                arch_dcache_invd_range
 .text.arch_icache_enable
                0x0000000008005374       0x34 zephyr/arch/arch/arm/core/cortex_m/libarch__arm__core__cortex_m.a(cache.c.obj)
                0x0000000008005374                arch_icache_enable
 .text.arch_icache_disable
                0x00000000080053a8       0x28 zephyr/arch/arch/arm/core/cortex_m/libarch__arm__core__cortex_m.a(cache.c.obj)
                0x00000000080053a8                arch_icache_disable
 .text.z_arm_configure_static_mpu_regions
                0x00000000080053d0       0x18 zephyr/arch/arch/arm/core/mpu/libarch__arm__core__mpu.a(arm_core_mpu.c.obj)
                0x00000000080053d0                z_arm_configure_static_mpu_regions
 .text.z_arm_configure_dynamic_mpu_regions
                0x00000000080053e8       0x24 zephyr/arch/arch/arm/core/mpu/libarch__arm__core__mpu.a(arm_core_mpu.c.obj)
                0x00000000080053e8                z_arm_configure_dynamic_mpu_regions
 .text.region_allocate_and_init
                0x000000000800540c       0x58 zephyr/arch/arch/arm/core/mpu/libarch__arm__core__mpu.a(arm_mpu.c.obj)
 .text.mpu_configure_regions
                0x0000000008005464       0x70 zephyr/arch/arch/arm/core/mpu/libarch__arm__core__mpu.a(arm_mpu.c.obj)
 .text.arm_core_mpu_enable
                0x00000000080054d4       0x18 zephyr/arch/arch/arm/core/mpu/libarch__arm__core__mpu.a(arm_mpu.c.obj)
                0x00000000080054d4                arm_core_mpu_enable
 .text.arm_core_mpu_disable
                0x00000000080054ec       0x14 zephyr/arch/arch/arm/core/mpu/libarch__arm__core__mpu.a(arm_mpu.c.obj)
                0x00000000080054ec                arm_core_mpu_disable
 .text.arm_core_mpu_configure_static_mpu_regions
                0x0000000008005500       0x14 zephyr/arch/arch/arm/core/mpu/libarch__arm__core__mpu.a(arm_mpu.c.obj)
                0x0000000008005500                arm_core_mpu_configure_static_mpu_regions
 .text.arm_core_mpu_configure_dynamic_mpu_regions
                0x0000000008005514       0x38 zephyr/arch/arch/arm/core/mpu/libarch__arm__core__mpu.a(arm_mpu.c.obj)
                0x0000000008005514                arm_core_mpu_configure_dynamic_mpu_regions
 .text.z_arm_mpu_init
                0x000000000800554c      0x17c zephyr/arch/arch/arm/core/mpu/libarch__arm__core__mpu.a(arm_mpu.c.obj)
                0x000000000800554c                z_arm_mpu_init
 .text.z_impl_zephyr_fputc
                0x00000000080056c8       0x10 zephyr/lib/libc/picolibc/liblib__libc__picolibc.a(libc-hooks.c.obj)
                0x00000000080056c8                z_impl_zephyr_fputc
 .text.__stdout_hook_install
                0x00000000080056d8       0x18 zephyr/lib/libc/picolibc/liblib__libc__picolibc.a(libc-hooks.c.obj)
                0x00000000080056d8                __stdout_hook_install
 .text.cbvprintf
                0x00000000080056f0       0x38 zephyr/lib/libc/picolibc/liblib__libc__picolibc.a(libc-hooks.c.obj)
                0x00000000080056f0                cbvprintf
 .text.malloc_prepare
                0x0000000008005728       0x24 zephyr/lib/libc/common/liblib__libc__common.a(malloc.c.obj)
 .text.malloc_lock
                0x000000000800574c       0x14 zephyr/lib/libc/common/liblib__libc__common.a(malloc.c.obj)
 .text.malloc_unlock
                0x0000000008005760        0xc zephyr/lib/libc/common/liblib__libc__common.a(malloc.c.obj)
 .text.malloc   0x000000000800576c       0x34 zephyr/lib/libc/common/liblib__libc__common.a(malloc.c.obj)
                0x000000000800576c                malloc
 .text.free     0x00000000080057a0       0x1c zephyr/lib/libc/common/liblib__libc__common.a(malloc.c.obj)
                0x00000000080057a0                free
 .text.getopt_init
                0x00000000080057bc       0x48 zephyr/lib/posix/options/liblib__posix__options.a(getopt.c.obj)
                0x00000000080057bc                getopt_init
 .text.getopt   0x0000000008005804       0xf8 zephyr/lib/posix/options/liblib__posix__options.a(getopt.c.obj)
                0x0000000008005804                getopt
 .text.z_getopt_global_state_update
                0x00000000080058fc       0x34 zephyr/lib/posix/options/liblib__posix__options.a(getopt_common.c.obj)
                0x00000000080058fc                z_getopt_global_state_update
 .text.getopt_state_get
                0x0000000008005930        0x8 zephyr/lib/posix/options/liblib__posix__options.a(getopt_common.c.obj)
                0x0000000008005930                getopt_state_get
 .text.registry_find
                0x0000000008005938       0x2c zephyr/subsys/fs/libsubsys__fs.a(fs.c.obj)
 .text.k_mutex_lock.constprop.0.isra.0
                0x0000000008005964       0x10 zephyr/subsys/fs/libsubsys__fs.a(fs.c.obj)
 .text.k_mutex_unlock.constprop.0.isra.0
                0x0000000008005974        0xc zephyr/subsys/fs/libsubsys__fs.a(fs.c.obj)
 .text.fs_get_mnt_point
                0x0000000008005980       0x90 zephyr/subsys/fs/libsubsys__fs.a(fs.c.obj)
 .text.fs_open  0x0000000008005a10      0x124 zephyr/subsys/fs/libsubsys__fs.a(fs.c.obj)
                0x0000000008005a10                fs_open
 .text.fs_close
                0x0000000008005b34       0x3c zephyr/subsys/fs/libsubsys__fs.a(fs.c.obj)
                0x0000000008005b34                fs_close
 .text.fs_read  0x0000000008005b70       0x3c zephyr/subsys/fs/libsubsys__fs.a(fs.c.obj)
                0x0000000008005b70                fs_read
 .text.fs_opendir
                0x0000000008005bac       0xd0 zephyr/subsys/fs/libsubsys__fs.a(fs.c.obj)
                0x0000000008005bac                fs_opendir
 .text.fs_readdir
                0x0000000008005c7c       0xf0 zephyr/subsys/fs/libsubsys__fs.a(fs.c.obj)
                0x0000000008005c7c                fs_readdir
 .text.fs_closedir
                0x0000000008005d6c       0x44 zephyr/subsys/fs/libsubsys__fs.a(fs.c.obj)
                0x0000000008005d6c                fs_closedir
 .text.fs_mount
                0x0000000008005db0      0x194 zephyr/subsys/fs/libsubsys__fs.a(fs.c.obj)
                0x0000000008005db0                fs_mount
 .text.fs_unmount
                0x0000000008005f44       0xa8 zephyr/subsys/fs/libsubsys__fs.a(fs.c.obj)
                0x0000000008005f44                fs_unmount
 .text.fs_register
                0x0000000008005fec       0x50 zephyr/subsys/fs/libsubsys__fs.a(fs.c.obj)
                0x0000000008005fec                fs_register
 .text.translate_error
                0x000000000800603c       0x14 zephyr/subsys/fs/libsubsys__fs.a(fat_fs.c.obj)
 .text.fatfs_init
                0x0000000008006050        0xc zephyr/subsys/fs/libsubsys__fs.a(fat_fs.c.obj)
 .text.fatfs_mount
                0x000000000800605c       0x74 zephyr/subsys/fs/libsubsys__fs.a(fat_fs.c.obj)
 .text.fatfs_closedir
                0x00000000080060d0       0x24 zephyr/subsys/fs/libsubsys__fs.a(fat_fs.c.obj)
 .text.fatfs_opendir
                0x00000000080060f4       0x50 zephyr/subsys/fs/libsubsys__fs.a(fat_fs.c.obj)
 .text.fatfs_close
                0x0000000008006144       0x28 zephyr/subsys/fs/libsubsys__fs.a(fat_fs.c.obj)
 .text.fatfs_open
                0x000000000800616c       0x58 zephyr/subsys/fs/libsubsys__fs.a(fat_fs.c.obj)
 .text.fatfs_unmount
                0x00000000080061c4       0x7c zephyr/subsys/fs/libsubsys__fs.a(fat_fs.c.obj)
 .text.stm32_sdmmc_access_deinit
                0x0000000008006240       0x44 zephyr/drivers/disk/libdrivers__disk.a(sdmmc_stm32.c.obj)
 .text.stm32_sdmmc_card_present
                0x0000000008006284       0x5c zephyr/drivers/disk/libdrivers__disk.a(sdmmc_stm32.c.obj)
 .text.stm32_sdmmc_access_init
                0x00000000080062e0       0xc4 zephyr/drivers/disk/libdrivers__disk.a(sdmmc_stm32.c.obj)
 .text.stm32_sdmmc_access_write
                0x00000000080063a4       0x90 zephyr/drivers/disk/libdrivers__disk.a(sdmmc_stm32.c.obj)
 .text.stm32_sdmmc_access_read
                0x0000000008006434       0x90 zephyr/drivers/disk/libdrivers__disk.a(sdmmc_stm32.c.obj)
 .text.disk_stm32_sdmmc_init
                0x00000000080064c4      0x1bc zephyr/drivers/disk/libdrivers__disk.a(sdmmc_stm32.c.obj)
 .text.stm32_exti_isr
                0x0000000008006680       0x50 zephyr/drivers/interrupt_controller/libdrivers__interrupt_controller.a(intc_exti_stm32.c.obj)
 .text.stm32_fill_irq_table
                0x00000000080066d0       0x18 zephyr/drivers/interrupt_controller/libdrivers__interrupt_controller.a(intc_exti_stm32.c.obj)
 .text.stm32_exti_init
                0x00000000080066e8       0xb4 zephyr/drivers/interrupt_controller/libdrivers__interrupt_controller.a(intc_exti_stm32.c.obj)
 .text.stm32_gpio_intc_enable_line
                0x000000000800679c       0x30 zephyr/drivers/interrupt_controller/libdrivers__interrupt_controller.a(intc_exti_stm32.c.obj)
                0x000000000800679c                stm32_gpio_intc_enable_line
 .text.stm32_gpio_intc_set_irq_callback
                0x00000000080067cc       0x40 zephyr/drivers/interrupt_controller/libdrivers__interrupt_controller.a(intc_exti_stm32.c.obj)
                0x00000000080067cc                stm32_gpio_intc_set_irq_callback
 .text.stm32_gpio_intc_remove_irq_callback
                0x000000000800680c       0x24 zephyr/drivers/interrupt_controller/libdrivers__interrupt_controller.a(intc_exti_stm32.c.obj)
                0x000000000800680c                stm32_gpio_intc_remove_irq_callback
 .text.stm32_exti_get_line_src_port
                0x0000000008006830       0x38 zephyr/drivers/interrupt_controller/libdrivers__interrupt_controller.a(intc_exti_stm32.c.obj)
                0x0000000008006830                stm32_exti_get_line_src_port
 .text.get_pllsrc_frequency
                0x0000000008006868       0x1c zephyr/drivers/clock_control/libdrivers__clock_control.a(clock_stm32_ll_h7.c.obj)
 .text.get_hclk_frequency
                0x0000000008006884       0x34 zephyr/drivers/clock_control/libdrivers__clock_control.a(clock_stm32_ll_h7.c.obj)
 .text.stm32_clock_control_get_subsys_rate
                0x00000000080068b8       0xd8 zephyr/drivers/clock_control/libdrivers__clock_control.a(clock_stm32_ll_h7.c.obj)
 .text.stm32_clock_control_init
                0x0000000008006990      0x288 zephyr/drivers/clock_control/libdrivers__clock_control.a(clock_stm32_ll_h7.c.obj)
                0x0000000008006990                stm32_clock_control_init
 .text.uart_console_init
                0x0000000008006c18       0x28 zephyr/drivers/console/libdrivers__console.a(uart_console.c.obj)
 .text.console_out
                0x0000000008006c40       0x28 zephyr/drivers/console/libdrivers__console.a(uart_console.c.obj)
 .text.dma_stm32_get_status
                0x0000000008006c68       0x44 zephyr/drivers/dma/libdrivers__dma.a(dma_stm32.c.obj)
                0x0000000008006c68                dma_stm32_get_status
 .text.dma_stm32_stop
                0x0000000008006cac       0x78 zephyr/drivers/dma/libdrivers__dma.a(dma_stm32.c.obj)
                0x0000000008006cac                dma_stm32_stop
 .text.dma_stm32_reload
                0x0000000008006d24       0xf4 zephyr/drivers/dma/libdrivers__dma.a(dma_stm32.c.obj)
                0x0000000008006d24                dma_stm32_reload
 .text.dma_stm32_init
                0x0000000008006e18       0x94 zephyr/drivers/dma/libdrivers__dma.a(dma_stm32.c.obj)
 .text.dma_stm32_irq_handler
                0x0000000008006eac       0xc8 zephyr/drivers/dma/libdrivers__dma.a(dma_stm32.c.obj)
 .text.dma_stm32_configure
                0x0000000008006f74      0x424 zephyr/drivers/dma/libdrivers__dma.a(dma_stm32.c.obj)
                0x0000000008006f74                dma_stm32_configure
 .text.dma_stm32_id_to_stream
                0x0000000008007398        0xc zephyr/drivers/dma/libdrivers__dma.a(dma_stm32_v1.c.obj)
                0x0000000008007398                dma_stm32_id_to_stream
 .text.dma_stm32_clear_ht
                0x00000000080073a4        0xc zephyr/drivers/dma/libdrivers__dma.a(dma_stm32_v1.c.obj)
                0x00000000080073a4                dma_stm32_clear_ht
 .text.dma_stm32_clear_tc
                0x00000000080073b0        0xc zephyr/drivers/dma/libdrivers__dma.a(dma_stm32_v1.c.obj)
                0x00000000080073b0                dma_stm32_clear_tc
 .text.dma_stm32_is_ht_active
                0x00000000080073bc       0x18 zephyr/drivers/dma/libdrivers__dma.a(dma_stm32_v1.c.obj)
                0x00000000080073bc                dma_stm32_is_ht_active
 .text.dma_stm32_is_tc_active
                0x00000000080073d4       0x18 zephyr/drivers/dma/libdrivers__dma.a(dma_stm32_v1.c.obj)
                0x00000000080073d4                dma_stm32_is_tc_active
 .text.dma_stm32_clear_te
                0x00000000080073ec        0xc zephyr/drivers/dma/libdrivers__dma.a(dma_stm32_v1.c.obj)
                0x00000000080073ec                dma_stm32_clear_te
 .text.dma_stm32_clear_dme
                0x00000000080073f8        0xc zephyr/drivers/dma/libdrivers__dma.a(dma_stm32_v1.c.obj)
                0x00000000080073f8                dma_stm32_clear_dme
 .text.dma_stm32_clear_fe
                0x0000000008007404        0xc zephyr/drivers/dma/libdrivers__dma.a(dma_stm32_v1.c.obj)
                0x0000000008007404                dma_stm32_clear_fe
 .text.dma_stm32_is_te_active
                0x0000000008007410       0x18 zephyr/drivers/dma/libdrivers__dma.a(dma_stm32_v1.c.obj)
                0x0000000008007410                dma_stm32_is_te_active
 .text.dma_stm32_is_dme_active
                0x0000000008007428       0x18 zephyr/drivers/dma/libdrivers__dma.a(dma_stm32_v1.c.obj)
                0x0000000008007428                dma_stm32_is_dme_active
 .text.dma_stm32_is_fe_active
                0x0000000008007440       0x18 zephyr/drivers/dma/libdrivers__dma.a(dma_stm32_v1.c.obj)
                0x0000000008007440                dma_stm32_is_fe_active
 .text.stm32_dma_dump_stream_irq.part.0
                0x0000000008007458       0x68 zephyr/drivers/dma/libdrivers__dma.a(dma_stm32_v1.c.obj)
 .text.stm32_dma_dump_stream_irq
                0x00000000080074c0       0x18 zephyr/drivers/dma/libdrivers__dma.a(dma_stm32_v1.c.obj)
                0x00000000080074c0                stm32_dma_dump_stream_irq
 .text.stm32_dma_is_tc_irq_active
                0x00000000080074d8       0x2c zephyr/drivers/dma/libdrivers__dma.a(dma_stm32_v1.c.obj)
                0x00000000080074d8                stm32_dma_is_tc_irq_active
 .text.stm32_dma_is_ht_irq_active
                0x0000000008007504       0x2c zephyr/drivers/dma/libdrivers__dma.a(dma_stm32_v1.c.obj)
                0x0000000008007504                stm32_dma_is_ht_irq_active
 .text.stm32_dma_is_unexpected_irq_happened
                0x0000000008007530       0x5c zephyr/drivers/dma/libdrivers__dma.a(dma_stm32_v1.c.obj)
                0x0000000008007530                stm32_dma_is_unexpected_irq_happened
 .text.stm32_dma_enable_stream
                0x000000000800758c       0x1c zephyr/drivers/dma/libdrivers__dma.a(dma_stm32_v1.c.obj)
                0x000000000800758c                stm32_dma_enable_stream
 .text.stm32_dma_is_enabled_stream
                0x00000000080075a8       0x1c zephyr/drivers/dma/libdrivers__dma.a(dma_stm32_v1.c.obj)
                0x00000000080075a8                stm32_dma_is_enabled_stream
 .text.stm32_dma_disable_stream
                0x00000000080075c4       0x34 zephyr/drivers/dma/libdrivers__dma.a(dma_stm32_v1.c.obj)
                0x00000000080075c4                stm32_dma_disable_stream
 .text.stm32_dma_disable_fifo_irq
                0x00000000080075f8       0x20 zephyr/drivers/dma/libdrivers__dma.a(dma_stm32_v1.c.obj)
                0x00000000080075f8                stm32_dma_disable_fifo_irq
 .text.stm32_dma_get_mburst
                0x0000000008007618       0x4c zephyr/drivers/dma/libdrivers__dma.a(dma_stm32_v1.c.obj)
                0x0000000008007618                stm32_dma_get_mburst
 .text.stm32_dma_get_pburst
                0x0000000008007664       0x4c zephyr/drivers/dma/libdrivers__dma.a(dma_stm32_v1.c.obj)
                0x0000000008007664                stm32_dma_get_pburst
 .text.stm32_dma_get_fifo_threshold
                0x00000000080076b0       0x38 zephyr/drivers/dma/libdrivers__dma.a(dma_stm32_v1.c.obj)
                0x00000000080076b0                stm32_dma_get_fifo_threshold
 .text.dmamux_stm32_get_status
                0x00000000080076e8       0x64 zephyr/drivers/dma/libdrivers__dma.a(dmamux_stm32.c.obj)
                0x00000000080076e8                dmamux_stm32_get_status
 .text.dmamux_stm32_reload
                0x000000000800774c       0x6c zephyr/drivers/dma/libdrivers__dma.a(dmamux_stm32.c.obj)
                0x000000000800774c                dmamux_stm32_reload
 .text.dmamux_stm32_stop
                0x00000000080077b8       0x64 zephyr/drivers/dma/libdrivers__dma.a(dmamux_stm32.c.obj)
                0x00000000080077b8                dmamux_stm32_stop
 .text.dmamux_stm32_start
                0x000000000800781c       0x64 zephyr/drivers/dma/libdrivers__dma.a(dmamux_stm32.c.obj)
                0x000000000800781c                dmamux_stm32_start
 .text.dmamux_stm32_configure
                0x0000000008007880       0x98 zephyr/drivers/dma/libdrivers__dma.a(dmamux_stm32.c.obj)
                0x0000000008007880                dmamux_stm32_configure
 .text.dmamux_stm32_init
                0x0000000008007918       0x84 zephyr/drivers/dma/libdrivers__dma.a(dmamux_stm32.c.obj)
 .text.gpio_stm32_pin_interrupt_configure
                0x000000000800799c       0xb0 zephyr/drivers/gpio/libdrivers__gpio.a(gpio_stm32.c.obj)
 .text.gpio_stm32_init
                0x0000000008007a4c       0x30 zephyr/drivers/gpio/libdrivers__gpio.a(gpio_stm32.c.obj)
 .text.msg_init
                0x0000000008007a7c       0x9c zephyr/drivers/i2c/libdrivers__i2c.a(i2c_ll_stm32_v2.c.obj)
 .text.stm32_i2c_configure_timing
                0x0000000008007b18      0x170 zephyr/drivers/i2c/libdrivers__i2c.a(i2c_ll_stm32_v2.c.obj)
                0x0000000008007b18                stm32_i2c_configure_timing
 .text.i2c_stm32_get_config.part.0
                0x0000000008007c88       0x20 zephyr/drivers/i2c/libdrivers__i2c.a(i2c_ll_stm32.c.obj)
 .text.i2c_stm32_set_smbus_mode
                0x0000000008007ca8       0x5c zephyr/drivers/i2c/libdrivers__i2c.a(i2c_ll_stm32.c.obj)
                0x0000000008007ca8                i2c_stm32_set_smbus_mode
 .text.i2c_stm32_runtime_configure
                0x0000000008007d04       0x90 zephyr/drivers/i2c/libdrivers__i2c.a(i2c_ll_stm32.c.obj)
                0x0000000008007d04                i2c_stm32_runtime_configure
 .text.i2c_stm32_init
                0x0000000008007d94      0x154 zephyr/drivers/i2c/libdrivers__i2c.a(i2c_ll_stm32.c.obj)
 .text.i2s_stm32_isr
                0x0000000008007ee8       0x48 zephyr/drivers/i2s/libdrivers__i2s.a(i2s_ll_stm32.c.obj)
 .text.tx_stream_disable
                0x0000000008007f30       0x70 zephyr/drivers/i2s/libdrivers__i2s.a(i2s_ll_stm32.c.obj)
 .text.rx_stream_disable
                0x0000000008007fa0       0x68 zephyr/drivers/i2s/libdrivers__i2s.a(i2s_ll_stm32.c.obj)
 .text.i2s_stm32_configure
                0x0000000008008008      0x260 zephyr/drivers/i2s/libdrivers__i2s.a(i2s_ll_stm32.c.obj)
 .text.i2s_stm32_trigger
                0x0000000008008268      0x1d8 zephyr/drivers/i2s/libdrivers__i2s.a(i2s_ll_stm32.c.obj)
 .text.rx_stream_start
                0x0000000008008440       0xdc zephyr/drivers/i2s/libdrivers__i2s.a(i2s_ll_stm32.c.obj)
 .text.dma_rx_callback
                0x000000000800851c       0x84 zephyr/drivers/i2s/libdrivers__i2s.a(i2s_ll_stm32.c.obj)
 .text.dma_tx_callback
                0x00000000080085a0       0xd8 zephyr/drivers/i2s/libdrivers__i2s.a(i2s_ll_stm32.c.obj)
 .text.tx_stream_start
                0x0000000008008678       0xe4 zephyr/drivers/i2s/libdrivers__i2s.a(i2s_ll_stm32.c.obj)
 .text.i2s_stm32_initialize
                0x000000000800875c      0x1fc zephyr/drivers/i2s/libdrivers__i2s.a(i2s_ll_stm32.c.obj)
 .text.pinctrl_configure_pins
                0x0000000008008958       0x84 zephyr/drivers/pinctrl/libdrivers__pinctrl.a(pinctrl_stm32.c.obj)
                0x0000000008008958                pinctrl_configure_pins
 .text.uart_stm32_irq_err_enable
                0x00000000080089dc       0x88 zephyr/drivers/serial/libdrivers__serial.a(uart_stm32.c.obj)
 .text.uart_stm32_irq_err_disable
                0x0000000008008a64       0x88 zephyr/drivers/serial/libdrivers__serial.a(uart_stm32.c.obj)
 .text.uart_stm32_set_baudrate.part.0
                0x0000000008008aec       0x1c zephyr/drivers/serial/libdrivers__serial.a(uart_stm32.c.obj)
 .text.uart_stm32_parameters_set
                0x0000000008008b08      0x134 zephyr/drivers/serial/libdrivers__serial.a(uart_stm32.c.obj)
 .text.uart_stm32_init
                0x0000000008008c3c      0x220 zephyr/drivers/serial/libdrivers__serial.a(uart_stm32.c.obj)
 .text.uart_stm32_configure
                0x0000000008008e5c      0x188 zephyr/drivers/serial/libdrivers__serial.a(uart_stm32.c.obj)
 .text.elapsed  0x0000000008008fe4       0x4c zephyr/drivers/timer/libdrivers__timer.a(cortex_m_systick.c.obj)
 .text.sys_clock_driver_init
                0x0000000008009030       0x38 zephyr/drivers/timer/libdrivers__timer.a(cortex_m_systick.c.obj)
 .text.sys_clock_isr
                0x0000000008009068       0x60 zephyr/drivers/timer/libdrivers__timer.a(cortex_m_systick.c.obj)
                0x0000000008009068                sys_clock_isr
 .text.sys_clock_set_timeout
                0x00000000080090c8       0xfc zephyr/drivers/timer/libdrivers__timer.a(cortex_m_systick.c.obj)
                0x00000000080090c8                sys_clock_set_timeout
 .text.sys_clock_elapsed
                0x00000000080091c4       0x3c zephyr/drivers/timer/libdrivers__timer.a(cortex_m_systick.c.obj)
                0x00000000080091c4                sys_clock_elapsed
 .text.sys_clock_cycle_get_32
                0x0000000008009200       0x28 zephyr/drivers/timer/libdrivers__timer.a(cortex_m_systick.c.obj)
                0x0000000008009200                sys_clock_cycle_get_32
 .text.get_ldnumber
                0x0000000008009228       0x8c modules/fatfs/libmodules__fatfs.a(ff.c.obj)
 .text.check_fs
                0x00000000080092b4       0xc0 modules/fatfs/libmodules__fatfs.a(ff.c.obj)
 .text.mount_volume
                0x0000000008009374      0x228 modules/fatfs/libmodules__fatfs.a(ff.c.obj)
 .text.follow_path
                0x000000000800959c      0x188 modules/fatfs/libmodules__fatfs.a(ff.c.obj)
 .text.f_mount  0x0000000008009724       0x50 modules/fatfs/libmodules__fatfs.a(ff.c.obj)
                0x0000000008009724                f_mount
 .text.f_mkfs   0x0000000008009774      0x724 modules/fatfs/libmodules__fatfs.a(ff.c.obj)
                0x0000000008009774                f_mkfs
 .text.disk_status
                0x0000000008009e98       0x18 modules/fatfs/libmodules__fatfs.a(zfs_diskio.c.obj)
                0x0000000008009e98                disk_status
 .text.disk_read
                0x0000000008009eb0       0x18 modules/fatfs/libmodules__fatfs.a(zfs_diskio.c.obj)
                0x0000000008009eb0                disk_read
 .text.disk_write
                0x0000000008009ec8       0x18 modules/fatfs/libmodules__fatfs.a(zfs_diskio.c.obj)
                0x0000000008009ec8                disk_write
 .text.disk_ioctl
                0x0000000008009ee0       0x74 modules/fatfs/libmodules__fatfs.a(zfs_diskio.c.obj)
                0x0000000008009ee0                disk_ioctl
 .text.HAL_RCC_GetSysClockFreq
                0x0000000008009f54      0x158 modules/hal_stm32/stm32cube/lib..__modules__hal__stm32__stm32cube.a(stm32h7xx_hal_rcc.c.obj)
                0x0000000008009f54                HAL_RCC_GetSysClockFreq
 .text.HAL_RCC_GetHCLKFreq
                0x000000000800a0ac       0x44 modules/hal_stm32/stm32cube/lib..__modules__hal__stm32__stm32cube.a(stm32h7xx_hal_rcc.c.obj)
                0x000000000800a0ac                HAL_RCC_GetHCLKFreq
 .text.HAL_RCC_GetPCLK1Freq
                0x000000000800a0f0       0x24 modules/hal_stm32/stm32cube/lib..__modules__hal__stm32__stm32cube.a(stm32h7xx_hal_rcc.c.obj)
                0x000000000800a0f0                HAL_RCC_GetPCLK1Freq
 .text.HAL_RCCEx_GetD3PCLK1Freq
                0x000000000800a114       0x24 modules/hal_stm32/stm32cube/lib..__modules__hal__stm32__stm32cube.a(stm32h7xx_hal_rcc_ex.c.obj)
                0x000000000800a114                HAL_RCCEx_GetD3PCLK1Freq
 .text.HAL_RCCEx_GetPLL2ClockFreq
                0x000000000800a138      0x174 modules/hal_stm32/stm32cube/lib..__modules__hal__stm32__stm32cube.a(stm32h7xx_hal_rcc_ex.c.obj)
                0x000000000800a138                HAL_RCCEx_GetPLL2ClockFreq
 .text.HAL_RCCEx_GetPLL3ClockFreq
                0x000000000800a2ac      0x174 modules/hal_stm32/stm32cube/lib..__modules__hal__stm32__stm32cube.a(stm32h7xx_hal_rcc_ex.c.obj)
                0x000000000800a2ac                HAL_RCCEx_GetPLL3ClockFreq
 .text.HAL_RCCEx_GetPLL1ClockFreq
                0x000000000800a420      0x174 modules/hal_stm32/stm32cube/lib..__modules__hal__stm32__stm32cube.a(stm32h7xx_hal_rcc_ex.c.obj)
                0x000000000800a420                HAL_RCCEx_GetPLL1ClockFreq
 .text.HAL_RCCEx_GetPeriphCLKFreq
                0x000000000800a594      0x2cc modules/hal_stm32/stm32cube/lib..__modules__hal__stm32__stm32cube.a(stm32h7xx_hal_rcc_ex.c.obj)
                0x000000000800a594                HAL_RCCEx_GetPeriphCLKFreq
 .text.SD_FindSCR.constprop.0
                0x000000000800a860       0xcc modules/hal_stm32/stm32cube/lib..__modules__hal__stm32__stm32cube.a(stm32h7xx_hal_sd.c.obj)
 .text.HAL_SD_ReadBlocks_IT
                0x000000000800a92c       0xc4 modules/hal_stm32/stm32cube/lib..__modules__hal__stm32__stm32cube.a(stm32h7xx_hal_sd.c.obj)
                0x000000000800a92c                HAL_SD_ReadBlocks_IT
 .text.HAL_SD_WriteBlocks_IT
                0x000000000800a9f0       0xc4 modules/hal_stm32/stm32cube/lib..__modules__hal__stm32__stm32cube.a(stm32h7xx_hal_sd.c.obj)
                0x000000000800a9f0                HAL_SD_WriteBlocks_IT
 .text.HAL_SD_GetCardCSD
                0x000000000800aab4      0x1b0 modules/hal_stm32/stm32cube/lib..__modules__hal__stm32__stm32cube.a(stm32h7xx_hal_sd.c.obj)
                0x000000000800aab4                HAL_SD_GetCardCSD
 .text.HAL_SD_InitCard
                0x000000000800ac64      0x234 modules/hal_stm32/stm32cube/lib..__modules__hal__stm32__stm32cube.a(stm32h7xx_hal_sd.c.obj)
                0x000000000800ac64                HAL_SD_InitCard
 .text.HAL_SD_GetCardStatus
                0x000000000800ae98      0x18c modules/hal_stm32/stm32cube/lib..__modules__hal__stm32__stm32cube.a(stm32h7xx_hal_sd.c.obj)
                0x000000000800ae98                HAL_SD_GetCardStatus
 .text.HAL_SD_ConfigWideBusOperation
                0x000000000800b024      0x170 modules/hal_stm32/stm32cube/lib..__modules__hal__stm32__stm32cube.a(stm32h7xx_hal_sd.c.obj)
                0x000000000800b024                HAL_SD_ConfigWideBusOperation
 .text.HAL_SD_IRQHandler
                0x000000000800b194      0x268 modules/hal_stm32/stm32cube/lib..__modules__hal__stm32__stm32cube.a(stm32h7xx_hal_sd.c.obj)
                0x000000000800b194                HAL_SD_IRQHandler
 .text.LL_DMA_Init
                0x000000000800b3fc       0xa4 modules/hal_stm32/stm32cube/lib..__modules__hal__stm32__stm32cube.a(stm32h7xx_ll_dma.c.obj)
                0x000000000800b3fc                LL_DMA_Init
 .text.SDMMC_Init
                0x000000000800b4a0       0x34 modules/hal_stm32/stm32cube/lib..__modules__hal__stm32__stm32cube.a(stm32h7xx_ll_sdmmc.c.obj)
                0x000000000800b4a0                SDMMC_Init
 .text.SDMMC_SendCommand
                0x000000000800b4d4       0x28 modules/hal_stm32/stm32cube/lib..__modules__hal__stm32__stm32cube.a(stm32h7xx_ll_sdmmc.c.obj)
                0x000000000800b4d4                SDMMC_SendCommand
 .text.SDMMC_CmdGoIdleState
                0x000000000800b4fc       0x50 modules/hal_stm32/stm32cube/lib..__modules__hal__stm32__stm32cube.a(stm32h7xx_ll_sdmmc.c.obj)
                0x000000000800b4fc                SDMMC_CmdGoIdleState
 .text.SDMMC_GetCmdResp1
                0x000000000800b54c      0x124 modules/hal_stm32/stm32cube/lib..__modules__hal__stm32__stm32cube.a(stm32h7xx_ll_sdmmc.c.obj)
                0x000000000800b54c                SDMMC_GetCmdResp1
 .text.SDMMC_CmdStopTransfer
                0x000000000800b670       0x54 modules/hal_stm32/stm32cube/lib..__modules__hal__stm32__stm32cube.a(stm32h7xx_ll_sdmmc.c.obj)
                0x000000000800b670                SDMMC_CmdStopTransfer
 .text.SDMMC_GetCmdResp2
                0x000000000800b6c4       0x50 modules/hal_stm32/stm32cube/lib..__modules__hal__stm32__stm32cube.a(stm32h7xx_ll_sdmmc.c.obj)
                0x000000000800b6c4                SDMMC_GetCmdResp2
 .text.SDMMC_GetCmdResp3
                0x000000000800b714       0x48 modules/hal_stm32/stm32cube/lib..__modules__hal__stm32__stm32cube.a(stm32h7xx_ll_sdmmc.c.obj)
                0x000000000800b714                SDMMC_GetCmdResp3
 .text.SDMMC_GetCmdResp6
                0x000000000800b75c       0x84 modules/hal_stm32/stm32cube/lib..__modules__hal__stm32__stm32cube.a(stm32h7xx_ll_sdmmc.c.obj)
                0x000000000800b75c                SDMMC_GetCmdResp6
 .text.SDMMC_GetCmdResp7
                0x000000000800b7e0       0x54 modules/hal_stm32/stm32cube/lib..__modules__hal__stm32__stm32cube.a(stm32h7xx_ll_sdmmc.c.obj)
                0x000000000800b7e0                SDMMC_GetCmdResp7
 .text.LL_SetFlashLatency
                0x000000000800b834      0x198 modules/hal_stm32/stm32cube/lib..__modules__hal__stm32__stm32cube.a(stm32h7xx_ll_utils.c.obj)
                0x000000000800b834                LL_SetFlashLatency
 .text.z_device_get_all_static
                0x000000000800b9cc       0x18 zephyr/kernel/libkernel.a(device.c.obj)
                0x000000000800b9cc                z_device_get_all_static
 .text.k_sys_fatal_error_handler
                0x000000000800b9e4       0x28 zephyr/kernel/libkernel.a(fatal.c.obj)
                0x000000000800b9e4                k_sys_fatal_error_handler
 .text.z_fatal_error
                0x000000000800ba0c      0x110 zephyr/kernel/libkernel.a(fatal.c.obj)
                0x000000000800ba0c                z_fatal_error
 .text.z_sys_init_run_level
                0x000000000800bb1c       0x2c zephyr/kernel/libkernel.a(init.c.obj)
 .text.bg_thread_main
                0x000000000800bb48       0xc4 zephyr/kernel/libkernel.a(init.c.obj)
 .text.z_bss_zero
                0x000000000800bc0c       0x2c zephyr/kernel/libkernel.a(init.c.obj)
                0x000000000800bc0c                z_bss_zero
 .text.z_init_cpu
                0x000000000800bc38       0x78 zephyr/kernel/libkernel.a(init.c.obj)
                0x000000000800bc38                z_init_cpu
 .text.z_cstart
                0x000000000800bcb0       0xdc zephyr/kernel/libkernel.a(init.c.obj)
                0x000000000800bcb0                z_cstart
 .text.init_mem_slab_obj_core_list
                0x000000000800bd8c       0x24 zephyr/kernel/libkernel.a(mem_slab.c.obj)
 .text.k_mem_slab_alloc
                0x000000000800bdb0       0x5c zephyr/kernel/libkernel.a(mem_slab.c.obj)
                0x000000000800bdb0                k_mem_slab_alloc
 .text.z_impl_k_mutex_lock
                0x000000000800be0c       0xf0 zephyr/kernel/libkernel.a(mutex.c.obj)
                0x000000000800be0c                z_impl_k_mutex_lock
 .text.z_impl_k_mutex_unlock
                0x000000000800befc       0xa0 zephyr/kernel/libkernel.a(mutex.c.obj)
                0x000000000800befc                z_impl_k_mutex_unlock
 .text.z_impl_k_sem_give
                0x000000000800bf9c       0x6c zephyr/kernel/libkernel.a(sem.c.obj)
                0x000000000800bf9c                z_impl_k_sem_give
 .text.z_impl_k_sem_take
                0x000000000800c008       0x4c zephyr/kernel/libkernel.a(sem.c.obj)
                0x000000000800c008                z_impl_k_sem_take
 .text.z_impl_k_sem_reset
                0x000000000800c054       0x6c zephyr/kernel/libkernel.a(sem.c.obj)
                0x000000000800c054                z_impl_k_sem_reset
 .text.work_queue_main
                0x000000000800c0c0      0x144 zephyr/kernel/libkernel.a(work.c.obj)
 .text.submit_to_queue_locked
                0x000000000800c204       0xb0 zephyr/kernel/libkernel.a(work.c.obj)
 .text.k_work_submit
                0x000000000800c2b4        0xc zephyr/kernel/libkernel.a(work.c.obj)
                0x000000000800c2b4                k_work_submit
 .text.k_work_queue_start
                0x000000000800c2c0       0x7c zephyr/kernel/libkernel.a(work.c.obj)
                0x000000000800c2c0                k_work_queue_start
 .text.z_impl_k_thread_name_set
                0x000000000800c33c       0x20 zephyr/kernel/libkernel.a(thread.c.obj)
                0x000000000800c33c                z_impl_k_thread_name_set
 .text.k_thread_state_str
                0x000000000800c35c       0x90 zephyr/kernel/libkernel.a(thread.c.obj)
                0x000000000800c35c                k_thread_state_str
 .text.z_setup_new_thread
                0x000000000800c3ec       0xf8 zephyr/kernel/libkernel.a(thread.c.obj)
                0x000000000800c3ec                z_setup_new_thread
 .text.z_impl_k_thread_create
                0x000000000800c4e4       0x58 zephyr/kernel/libkernel.a(thread.c.obj)
                0x000000000800c4e4                z_impl_k_thread_create
 .text.unready_thread
                0x000000000800c53c       0x54 zephyr/kernel/libkernel.a(sched.c.obj)
 .text.ready_thread
                0x000000000800c590       0x8c zephyr/kernel/libkernel.a(sched.c.obj)
 .text.z_thread_halt
                0x000000000800c61c      0x118 zephyr/kernel/libkernel.a(sched.c.obj)
 .text.move_thread_to_end_of_prio_q
                0x000000000800c734       0x94 zephyr/kernel/libkernel.a(sched.c.obj)
                0x000000000800c734                move_thread_to_end_of_prio_q
 .text.z_pend_curr
                0x000000000800c7c8       0x58 zephyr/kernel/libkernel.a(sched.c.obj)
                0x000000000800c7c8                z_pend_curr
 .text.z_thread_prio_set
                0x000000000800c820       0x9c zephyr/kernel/libkernel.a(sched.c.obj)
                0x000000000800c820                z_thread_prio_set
 .text.z_reschedule
                0x000000000800c8bc       0x24 zephyr/kernel/libkernel.a(sched.c.obj)
                0x000000000800c8bc                z_reschedule
 .text.z_sched_start
                0x000000000800c8e0       0x3c zephyr/kernel/libkernel.a(sched.c.obj)
                0x000000000800c8e0                z_sched_start
 .text.z_reschedule_irqlock
                0x000000000800c91c       0x28 zephyr/kernel/libkernel.a(sched.c.obj)
                0x000000000800c91c                z_reschedule_irqlock
 .text.k_sched_lock
                0x000000000800c944       0x28 zephyr/kernel/libkernel.a(sched.c.obj)
                0x000000000800c944                k_sched_lock
 .text.k_sched_unlock
                0x000000000800c96c       0x68 zephyr/kernel/libkernel.a(sched.c.obj)
                0x000000000800c96c                k_sched_unlock
 .text.z_sched_init
                0x000000000800c9d4       0x10 zephyr/kernel/libkernel.a(sched.c.obj)
                0x000000000800c9d4                z_sched_init
 .text.z_impl_k_yield
                0x000000000800c9e4       0x8c zephyr/kernel/libkernel.a(sched.c.obj)
                0x000000000800c9e4                z_impl_k_yield
 .text.z_tick_sleep
                0x000000000800ca70       0x88 zephyr/kernel/libkernel.a(sched.c.obj)
 .text.z_impl_k_sleep
                0x000000000800caf8       0x38 zephyr/kernel/libkernel.a(sched.c.obj)
                0x000000000800caf8                z_impl_k_sleep
 .text.z_impl_k_sched_current_thread_query
                0x000000000800cb30        0xc zephyr/kernel/libkernel.a(sched.c.obj)
                0x000000000800cb30                z_impl_k_sched_current_thread_query
 .text.z_sched_wait
                0x000000000800cb3c       0x24 zephyr/kernel/libkernel.a(sched.c.obj)
                0x000000000800cb3c                z_sched_wait
 .text.slice_timeout
                0x000000000800cb60       0x20 zephyr/kernel/libkernel.a(timeslicing.c.obj)
 .text.thread_is_sliceable
                0x000000000800cb80       0x3c zephyr/kernel/libkernel.a(timeslicing.c.obj)
                0x000000000800cb80                thread_is_sliceable
 .text.z_reset_time_slice
                0x000000000800cbbc       0x50 zephyr/kernel/libkernel.a(timeslicing.c.obj)
                0x000000000800cbbc                z_reset_time_slice
 .text.z_time_slice
                0x000000000800cc0c       0x60 zephyr/kernel/libkernel.a(timeslicing.c.obj)
                0x000000000800cc0c                z_time_slice
 .text.z_thread_monitor_exit
                0x000000000800cc6c       0x3c zephyr/kernel/libkernel.a(thread_monitor.c.obj)
                0x000000000800cc6c                z_thread_monitor_exit
 .text.k_thread_foreach_unlocked
                0x000000000800cca8       0x48 zephyr/kernel/libkernel.a(thread_monitor.c.obj)
                0x000000000800cca8                k_thread_foreach_unlocked
 .text.z_data_copy
                0x000000000800ccf0       0x4c zephyr/kernel/libkernel.a(xip.c.obj)
                0x000000000800ccf0                z_data_copy
 .text.elapsed  0x000000000800cd3c       0x14 zephyr/kernel/libkernel.a(timeout.c.obj)
 .text.remove_timeout
                0x000000000800cd50       0x38 zephyr/kernel/libkernel.a(timeout.c.obj)
 .text.next_timeout
                0x000000000800cd88       0x40 zephyr/kernel/libkernel.a(timeout.c.obj)
 .text.z_add_timeout
                0x000000000800cdc8       0xf4 zephyr/kernel/libkernel.a(timeout.c.obj)
                0x000000000800cdc8                z_add_timeout
 .text.sys_clock_announce
                0x000000000800cebc       0xd4 zephyr/kernel/libkernel.a(timeout.c.obj)
                0x000000000800cebc                sys_clock_announce
 .text.sys_clock_tick_get
                0x000000000800cf90       0x30 zephyr/kernel/libkernel.a(timeout.c.obj)
                0x000000000800cf90                sys_clock_tick_get
 .text.z_timer_expiration_handler
                0x000000000800cfc0       0xe0 zephyr/kernel/libkernel.a(timer.c.obj)
                0x000000000800cfc0                z_timer_expiration_handler
 .text.z_impl_k_timer_start
                0x000000000800d0a0       0x74 zephyr/kernel/libkernel.a(timer.c.obj)
                0x000000000800d0a0                z_impl_k_timer_start
 .text.z_impl_k_poll
                0x000000000800d114       0xb0 zephyr/kernel/libkernel.a(poll.c.obj)
                0x000000000800d114                z_impl_k_poll
 .text.z_impl_k_poll_signal_raise
                0x000000000800d1c4       0x50 zephyr/kernel/libkernel.a(poll.c.obj)
                0x000000000800d1c4                z_impl_k_poll_signal_raise
 .text.k_thread_system_pool_assign
                0x000000000800d214        0xc zephyr/kernel/libkernel.a(mempool.c.obj)
                0x000000000800d214                k_thread_system_pool_assign
 .text.boot_banner
                0x000000000800d220        0xc zephyr/kernel/libkernel.a(banner.c.obj)
                0x000000000800d220                boot_banner
 .text.statics_init
                0x000000000800d22c       0x24 zephyr/kernel/libkernel.a(kheap.c.obj)
 .text.k_sys_work_q_init
                0x000000000800d250       0x34 zephyr/kernel/libkernel.a(system_work_q.c.obj)
 .text.puts     0x000000000800d284       0x40 /opt/zephyr-sdk-0.16.8/arm-zephyr-eabi/bin/../lib/gcc/../../picolibc/arm-zephyr-eabi/lib/thumb/v7e-m/nofp/libc.a(libc_tinystdio_puts.c.o)
                0x000000000800d284                puts
 .text.snprintf
                0x000000000800d2c4       0x58 /opt/zephyr-sdk-0.16.8/arm-zephyr-eabi/bin/../lib/gcc/../../picolibc/arm-zephyr-eabi/lib/thumb/v7e-m/nofp/libc.a(libc_tinystdio_snprintf.c.o)
                0x000000000800d2c4                snprintf
 .text.strtol   0x000000000800d31c       0xec /opt/zephyr-sdk-0.16.8/arm-zephyr-eabi/bin/../lib/gcc/../../picolibc/arm-zephyr-eabi/lib/thumb/v7e-m/nofp/libc.a(libc_tinystdio_strtol.c.o)
                0x000000000800d31c                strtol
 .text.strtoul  0x000000000800d408       0xcc /opt/zephyr-sdk-0.16.8/arm-zephyr-eabi/bin/../lib/gcc/../../picolibc/arm-zephyr-eabi/lib/thumb/v7e-m/nofp/libc.a(libc_tinystdio_strtoul.c.o)
                0x000000000800d408                strtoul
 .text.__l_vfprintf
                0x000000000800d4d4      0x4b8 /opt/zephyr-sdk-0.16.8/arm-zephyr-eabi/bin/../lib/gcc/../../picolibc/arm-zephyr-eabi/lib/thumb/v7e-m/nofp/libc.a(libc_tinystdio_vflprintf.c.o)
                0x000000000800d4d4                __l_vfprintf
 .text._OffsetAbsSyms
                0x000000000800d98c        0x2 zephyr/CMakeFiles/offsets.dir/./arch/arm/core/offsets/offsets.c.obj
                0x000000000800d98c                _OffsetAbsSyms
 .text.aic3120Init
                0x000000000800d98e       0xf6 app/libapp.a(main.c.obj)
                0x000000000800d98e                aic3120Init
 .text.chunk_field
                0x000000000800da84       0x16 zephyr/libzephyr.a(heap.c.obj)
 .text.chunk_set
                0x000000000800da9a       0x16 zephyr/libzephyr.a(heap.c.obj)
 .text.chunk_size
                0x000000000800dab0        0xc zephyr/libzephyr.a(heap.c.obj)
 .text.set_chunk_used
                0x000000000800dabc       0x30 zephyr/libzephyr.a(heap.c.obj)
 .text.set_chunk_size
                0x000000000800daec        0x8 zephyr/libzephyr.a(heap.c.obj)
 .text.mem_to_chunkid
                0x000000000800daf4       0x14 zephyr/libzephyr.a(heap.c.obj)
 .text.bucket_idx.isra.0
                0x000000000800db08       0x1e zephyr/libzephyr.a(heap.c.obj)
 .text.free_list_remove_bidx
                0x000000000800db26       0x5c zephyr/libzephyr.a(heap.c.obj)
 .text.free_list_remove
                0x000000000800db82       0x2e zephyr/libzephyr.a(heap.c.obj)
 .text.alloc_chunk
                0x000000000800dbb0       0x74 zephyr/libzephyr.a(heap.c.obj)
 .text.split_chunks
                0x000000000800dc24       0x4e zephyr/libzephyr.a(heap.c.obj)
 .text.merge_chunks
                0x000000000800dc72       0x3c zephyr/libzephyr.a(heap.c.obj)
 .text.free_list_add
                0x000000000800dcae       0x84 zephyr/libzephyr.a(heap.c.obj)
 .text.free_chunk
                0x000000000800dd32       0x84 zephyr/libzephyr.a(heap.c.obj)
 .text.sys_heap_free
                0x000000000800ddb6       0x24 zephyr/libzephyr.a(heap.c.obj)
                0x000000000800ddb6                sys_heap_free
 .text.sys_heap_alloc
                0x000000000800ddda       0x70 zephyr/libzephyr.a(heap.c.obj)
                0x000000000800ddda                sys_heap_alloc
 .text.sys_heap_aligned_alloc
                0x000000000800de4a       0xec zephyr/libzephyr.a(heap.c.obj)
                0x000000000800de4a                sys_heap_aligned_alloc
 .text.sys_heap_init
                0x000000000800df36       0xb0 zephyr/libzephyr.a(heap.c.obj)
                0x000000000800df36                sys_heap_init
 .text.cbpprintf_external
                0x000000000800dfe6       0x62 zephyr/libzephyr.a(cbprintf_packaged.c.obj)
                0x000000000800dfe6                cbpprintf_external
 .text.is_ptr   0x000000000800e048       0x4a zephyr/libzephyr.a(cbprintf_packaged.c.obj)
                0x000000000800e048                is_ptr
 .text.arch_printk_char_out
                0x000000000800e092        0x4 zephyr/libzephyr.a(printk.c.obj)
                0x000000000800e092                arch_printk_char_out
 .text.printk   0x000000000800e096       0x1a zephyr/libzephyr.a(printk.c.obj)
                0x000000000800e096                printk
 .text.free_space
                0x000000000800e0b0       0x26 zephyr/libzephyr.a(mpsc_pbuf.c.obj)
 .text.get_usage
                0x000000000800e0d6       0x22 zephyr/libzephyr.a(mpsc_pbuf.c.obj)
 .text.idx_inc  0x000000000800e0f8       0x1c zephyr/libzephyr.a(mpsc_pbuf.c.obj)
 .text.rd_idx_inc
                0x000000000800e114       0x18 zephyr/libzephyr.a(mpsc_pbuf.c.obj)
 .text.add_skip_item
                0x000000000800e12c       0x3a zephyr/libzephyr.a(mpsc_pbuf.c.obj)
 .text.drop_item_locked
                0x000000000800e166       0xee zephyr/libzephyr.a(mpsc_pbuf.c.obj)
 .text.post_drop_action
                0x000000000800e254       0x36 zephyr/libzephyr.a(mpsc_pbuf.c.obj)
 .text.max_utilization_update
                0x000000000800e28a       0x1a zephyr/libzephyr.a(mpsc_pbuf.c.obj)
 .text.mpsc_pbuf_init
                0x000000000800e2a4       0x42 zephyr/libzephyr.a(mpsc_pbuf.c.obj)
                0x000000000800e2a4                mpsc_pbuf_init
 .text.mpsc_pbuf_alloc
                0x000000000800e2e6       0xf8 zephyr/libzephyr.a(mpsc_pbuf.c.obj)
                0x000000000800e2e6                mpsc_pbuf_alloc
 .text.mpsc_pbuf_commit
                0x000000000800e3de       0x3e zephyr/libzephyr.a(mpsc_pbuf.c.obj)
                0x000000000800e3de                mpsc_pbuf_commit
 .text.mpsc_pbuf_claim
                0x000000000800e41c       0xa8 zephyr/libzephyr.a(mpsc_pbuf.c.obj)
                0x000000000800e41c                mpsc_pbuf_claim
 .text.mpsc_pbuf_free
                0x000000000800e4c4       0x76 zephyr/libzephyr.a(mpsc_pbuf.c.obj)
                0x000000000800e4c4                mpsc_pbuf_free
 .text.mpsc_pbuf_is_pending
                0x000000000800e53a       0x32 zephyr/libzephyr.a(mpsc_pbuf.c.obj)
                0x000000000800e53a                mpsc_pbuf_is_pending
 .text.ring_buf_put_claim
                0x000000000800e56c       0x40 zephyr/libzephyr.a(ring_buffer.c.obj)
                0x000000000800e56c                ring_buf_put_claim
 .text.ring_buf_put_finish
                0x000000000800e5ac       0x2a zephyr/libzephyr.a(ring_buffer.c.obj)
                0x000000000800e5ac                ring_buf_put_finish
 .text.ring_buf_put
                0x000000000800e5d6       0x3e zephyr/libzephyr.a(ring_buffer.c.obj)
                0x000000000800e5d6                ring_buf_put
 .text.ring_buf_get_claim
                0x000000000800e614       0x3e zephyr/libzephyr.a(ring_buffer.c.obj)
                0x000000000800e614                ring_buf_get_claim
 .text.ring_buf_get_finish
                0x000000000800e652       0x2a zephyr/libzephyr.a(ring_buffer.c.obj)
                0x000000000800e652                ring_buf_get_finish
 .text.ring_buf_get
                0x000000000800e67c       0x40 zephyr/libzephyr.a(ring_buffer.c.obj)
                0x000000000800e67c                ring_buf_get
 .text._ConfigAbsSyms
                0x000000000800e6bc        0x2 zephyr/libzephyr.a(configs.c.obj)
                0x000000000800e6bc                _ConfigAbsSyms
 .text.HAL_GetTick
                0x000000000800e6be       0x10 zephyr/libzephyr.a(stm32cube_hal.c.obj)
                0x000000000800e6be                HAL_GetTick
 .text.HAL_Delay
                0x000000000800e6ce       0x16 zephyr/libzephyr.a(stm32cube_hal.c.obj)
                0x000000000800e6ce                HAL_Delay
 .text.log_msg_generic_get_wlen
                0x000000000800e6e4       0x20 zephyr/libzephyr.a(log_core.c.obj)
 .text.dummy_timestamp
                0x000000000800e704        0x4 zephyr/libzephyr.a(log_core.c.obj)
 .text.atomic_inc
                0x000000000800e708       0x1a zephyr/libzephyr.a(log_core.c.obj)
 .text.default_lf_get_timestamp
                0x000000000800e722       0x10 zephyr/libzephyr.a(log_core.c.obj)
 .text.z_log_vprintk
                0x000000000800e732       0x1c zephyr/libzephyr.a(log_core.c.obj)
                0x000000000800e732                z_log_vprintk
 .text.z_log_notify_drop
                0x000000000800e74e        0x6 zephyr/libzephyr.a(log_core.c.obj)
 .text.z_log_get_tag
                0x000000000800e754        0x4 zephyr/libzephyr.a(log_core.c.obj)
                0x000000000800e754                z_log_get_tag
 .text.z_impl_log_filter_set
                0x000000000800e758       0x10 zephyr/libzephyr.a(log_mgmt.c.obj)
                0x000000000800e758                z_impl_log_filter_set
 .text.log_backend_disable
                0x000000000800e768       0x18 zephyr/libzephyr.a(log_mgmt.c.obj)
                0x000000000800e768                log_backend_disable
 .text.z_cbprintf_cpy
                0x000000000800e780       0x2c zephyr/libzephyr.a(log_msg.c.obj)
 .text.z_log_msg_finalize
                0x000000000800e7ac       0x32 zephyr/libzephyr.a(log_msg.c.obj)
                0x000000000800e7ac                z_log_msg_finalize
 .text.z_log_msg_simple_create
                0x000000000800e7de       0x6e zephyr/libzephyr.a(log_msg.c.obj)
 .text.z_impl_z_log_msg_simple_create_0
                0x000000000800e84c       0x12 zephyr/libzephyr.a(log_msg.c.obj)
                0x000000000800e84c                z_impl_z_log_msg_simple_create_0
 .text.z_impl_z_log_msg_simple_create_1
                0x000000000800e85e       0x14 zephyr/libzephyr.a(log_msg.c.obj)
                0x000000000800e85e                z_impl_z_log_msg_simple_create_1
 .text.log_output_write
                0x000000000800e872       0x1c zephyr/libzephyr.a(log_output.c.obj)
 .text.log_output_flush
                0x000000000800e88e       0x1a zephyr/libzephyr.a(log_output.c.obj)
 .text.out_func
                0x000000000800e8a8       0x36 zephyr/libzephyr.a(log_output.c.obj)
 .text.cr_out_func
                0x000000000800e8de       0x1c zephyr/libzephyr.a(log_output.c.obj)
 .text.log_output_msg_process
                0x000000000800e8fa       0x6c zephyr/libzephyr.a(log_output.c.obj)
                0x000000000800e8fa                log_output_msg_process
 .text.disk_access_status
                0x000000000800e966       0x1c zephyr/libzephyr.a(disk_access.c.obj)
                0x000000000800e966                disk_access_status
 .text.disk_access_read
                0x000000000800e982       0x2e zephyr/libzephyr.a(disk_access.c.obj)
                0x000000000800e982                disk_access_read
 .text.disk_access_write
                0x000000000800e9b0       0x2e zephyr/libzephyr.a(disk_access.c.obj)
                0x000000000800e9b0                disk_access_write
 .text.cmd_kernel_reboot_cold
                0x000000000800e9de        0x8 zephyr/libzephyr.a(reboot.c.obj)
 .text.cmd_kernel_reboot_warm
                0x000000000800e9e6        0x8 zephyr/libzephyr.a(reboot.c.obj)
 .text.log_msg_generic_get_wlen
                0x000000000800e9ee       0x20 zephyr/libzephyr.a(shell_uart.c.obj)
 .text.uart_irq_tx_disable
                0x000000000800ea0e        0xa zephyr/libzephyr.a(shell_uart.c.obj)
 .text.enable   0x000000000800ea18       0x12 zephyr/libzephyr.a(shell_uart.c.obj)
 .text.read_uart
                0x000000000800ea2a       0x12 zephyr/libzephyr.a(shell_uart.c.obj)
 .text.uninit   0x000000000800ea3c       0x20 zephyr/libzephyr.a(shell_uart.c.obj)
 .text.write_uart
                0x000000000800ea5c       0x6c zephyr/libzephyr.a(shell_uart.c.obj)
 .text.cmd_buffer_clear
                0x000000000800eac8       0x16 zephyr/libzephyr.a(shell.c.obj)
 .text.atomic_or
                0x000000000800eade       0x1e zephyr/libzephyr.a(shell.c.obj)
 .text.atomic_and
                0x000000000800eafc       0x1e zephyr/libzephyr.a(shell.c.obj)
 .text.k_mutex_lock
                0x000000000800eb1a        0x4 zephyr/libzephyr.a(shell.c.obj)
 .text.shell_signal_handle
                0x000000000800eb1e       0x2c zephyr/libzephyr.a(shell.c.obj)
 .text.z_shell_raw_fprintf
                0x000000000800eb4a       0x1a zephyr/libzephyr.a(shell.c.obj)
 .text.z_shell_strlen
                0x000000000800eb64        0xc zephyr/libzephyr.a(shell.c.obj)
 .text.transport_evt_handler
                0x000000000800eb70       0x14 zephyr/libzephyr.a(shell.c.obj)
 .text.z_flag_cmd_ctx_set.isra.0
                0x000000000800eb84       0x16 zephyr/libzephyr.a(shell.c.obj)
 .text.z_flag_history_exit_set.isra.0
                0x000000000800eb9a       0x14 zephyr/libzephyr.a(shell.c.obj)
 .text.z_flag_insert_mode_set.isra.0
                0x000000000800ebae       0x1e zephyr/libzephyr.a(shell.c.obj)
 .text.k_mutex_unlock.isra.0
                0x000000000800ebcc        0x4 zephyr/libzephyr.a(shell.c.obj)
 .text.shell_log_process
                0x000000000800ebd0       0x48 zephyr/libzephyr.a(shell.c.obj)
 .text.shell_start
                0x000000000800ec18       0x66 zephyr/libzephyr.a(shell.c.obj)
                0x000000000800ec18                shell_start
 .text.shell_vfprintf
                0x000000000800ec7e       0x8a zephyr/libzephyr.a(shell.c.obj)
                0x000000000800ec7e                shell_vfprintf
 .text.shell_fprintf_impl
                0x000000000800ed08       0x1a zephyr/libzephyr.a(shell.c.obj)
                0x000000000800ed08                shell_fprintf_impl
 .text.shell_fprintf_normal
                0x000000000800ed22       0x1c zephyr/libzephyr.a(shell.c.obj)
                0x000000000800ed22                shell_fprintf_normal
 .text.shell_fprintf_warn
                0x000000000800ed3e       0x1c zephyr/libzephyr.a(shell.c.obj)
                0x000000000800ed3e                shell_fprintf_warn
 .text.shell_fprintf_error
                0x000000000800ed5a       0x1c zephyr/libzephyr.a(shell.c.obj)
                0x000000000800ed5a                shell_fprintf_error
 .text.shell_prompt_change
                0x000000000800ed76       0x5a zephyr/libzephyr.a(shell.c.obj)
                0x000000000800ed76                shell_prompt_change
 .text.shell_help
                0x000000000800edd0       0x2a zephyr/libzephyr.a(shell.c.obj)
                0x000000000800edd0                shell_help
 .text.shell_get_return_value
                0x000000000800edfa       0x10 zephyr/libzephyr.a(shell.c.obj)
                0x000000000800edfa                shell_get_return_value
 .text.shell_set_bypass
                0x000000000800ee0a        0xc zephyr/libzephyr.a(shell.c.obj)
                0x000000000800ee0a                shell_set_bypass
 .text.z_shell_fprintf_buffer_flush
                0x000000000800ee16       0x18 zephyr/libzephyr.a(shell_fprintf.c.obj)
                0x000000000800ee16                z_shell_fprintf_buffer_flush
 .text.out_func
                0x000000000800ee2e       0x3c zephyr/libzephyr.a(shell_fprintf.c.obj)
 .text.z_shell_strlen
                0x000000000800ee6a        0xc zephyr/libzephyr.a(shell_utils.c.obj)
 .text.z_column_span_with_buffer_offsets_get
                0x000000000800ee76       0x1e zephyr/libzephyr.a(shell_utils.c.obj)
                0x000000000800ee76                z_column_span_with_buffer_offsets_get
 .text.z_row_span_with_buffer_offsets_get
                0x000000000800ee94       0x16 zephyr/libzephyr.a(shell_utils.c.obj)
                0x000000000800ee94                z_row_span_with_buffer_offsets_get
 .text.z_shell_multiline_data_calc
                0x000000000800eeaa       0x2c zephyr/libzephyr.a(shell_utils.c.obj)
                0x000000000800eeaa                z_shell_multiline_data_calc
 .text.z_shell_make_argv
                0x000000000800eed6      0x1a0 zephyr/libzephyr.a(shell_utils.c.obj)
                0x000000000800eed6                z_shell_make_argv
 .text.z_shell_pattern_remove
                0x000000000800f076       0x4e zephyr/libzephyr.a(shell_utils.c.obj)
                0x000000000800f076                z_shell_pattern_remove
 .text.z_shell_find_cmd
                0x000000000800f0c4       0x58 zephyr/libzephyr.a(shell_utils.c.obj)
                0x000000000800f0c4                z_shell_find_cmd
 .text.z_shell_get_last_command
                0x000000000800f11c       0x5c zephyr/libzephyr.a(shell_utils.c.obj)
                0x000000000800f11c                z_shell_get_last_command
 .text.z_shell_spaces_trim
                0x000000000800f178       0x60 zephyr/libzephyr.a(shell_utils.c.obj)
                0x000000000800f178                z_shell_spaces_trim
 .text.z_shell_cmd_trim
                0x000000000800f1d8       0x74 zephyr/libzephyr.a(shell_utils.c.obj)
                0x000000000800f1d8                z_shell_cmd_trim
 .text.z_shell_raw_fprintf
                0x000000000800f24c       0x1a zephyr/libzephyr.a(shell_ops.c.obj)
 .text.full_line_cmd.isra.0
                0x000000000800f266       0x24 zephyr/libzephyr.a(shell_ops.c.obj)
 .text.z_shell_cursor_in_empty_line
                0x000000000800f28a       0x2e zephyr/libzephyr.a(shell_ops.c.obj)
                0x000000000800f28a                z_shell_cursor_in_empty_line
 .text.z_shell_op_cond_next_line
                0x000000000800f2b8       0x1e zephyr/libzephyr.a(shell_ops.c.obj)
                0x000000000800f2b8                z_shell_op_cond_next_line
 .text.z_shell_op_cursor_position_synchronize
                0x000000000800f2d6       0x4a zephyr/libzephyr.a(shell_ops.c.obj)
                0x000000000800f2d6                z_shell_op_cursor_position_synchronize
 .text.z_shell_op_cursor_move
                0x000000000800f320       0x50 zephyr/libzephyr.a(shell_ops.c.obj)
                0x000000000800f320                z_shell_op_cursor_move
 .text.z_shell_op_cursor_word_move
                0x000000000800f370       0x7c zephyr/libzephyr.a(shell_ops.c.obj)
                0x000000000800f370                z_shell_op_cursor_word_move
 .text.z_shell_op_cursor_home_move
                0x000000000800f3ec        0xe zephyr/libzephyr.a(shell_ops.c.obj)
                0x000000000800f3ec                z_shell_op_cursor_home_move
 .text.z_shell_op_cursor_end_move
                0x000000000800f3fa       0x12 zephyr/libzephyr.a(shell_ops.c.obj)
                0x000000000800f3fa                z_shell_op_cursor_end_move
 .text.z_shell_op_left_arrow
                0x000000000800f40c       0x12 zephyr/libzephyr.a(shell_ops.c.obj)
                0x000000000800f40c                z_shell_op_left_arrow
 .text.z_shell_op_right_arrow
                0x000000000800f41e       0x16 zephyr/libzephyr.a(shell_ops.c.obj)
                0x000000000800f41e                z_shell_op_right_arrow
 .text.z_shell_op_delete_from_cursor
                0x000000000800f434       0x1c zephyr/libzephyr.a(shell_ops.c.obj)
                0x000000000800f434                z_shell_op_delete_from_cursor
 .text.z_shell_cmd_line_erase
                0x000000000800f450       0x36 zephyr/libzephyr.a(shell_ops.c.obj)
                0x000000000800f450                z_shell_cmd_line_erase
 .text.z_shell_write
                0x000000000800f486       0x88 zephyr/libzephyr.a(shell_ops.c.obj)
                0x000000000800f486                z_shell_write
 .text.z_shell_print_stream
                0x000000000800f50e        0x4 zephyr/libzephyr.a(shell_ops.c.obj)
                0x000000000800f50e                z_shell_print_stream
 .text.z_shell_vfprintf
                0x000000000800f512       0x4a zephyr/libzephyr.a(shell_ops.c.obj)
                0x000000000800f512                z_shell_vfprintf
 .text.z_shell_fprintf
                0x000000000800f55c       0x1a zephyr/libzephyr.a(shell_ops.c.obj)
                0x000000000800f55c                z_shell_fprintf
 .text.data_insert
                0x000000000800f576       0x74 zephyr/libzephyr.a(shell_ops.c.obj)
 .text.z_shell_op_completion_insert
                0x000000000800f5ea        0x4 zephyr/libzephyr.a(shell_ops.c.obj)
                0x000000000800f5ea                z_shell_op_completion_insert
 .text.z_shell_op_char_delete
                0x000000000800f5ee       0x3e zephyr/libzephyr.a(shell_ops.c.obj)
                0x000000000800f5ee                z_shell_op_char_delete
 .text.z_shell_op_char_backspace
                0x000000000800f62c       0x26 zephyr/libzephyr.a(shell_ops.c.obj)
                0x000000000800f62c                z_shell_op_char_backspace
 .text.z_shell_backend_rx_buffer_flush
                0x000000000800f652       0x2a zephyr/libzephyr.a(shell_ops.c.obj)
                0x000000000800f652                z_shell_backend_rx_buffer_flush
 .text.process_msg_from_buffer
                0x000000000800f67c       0x34 zephyr/libzephyr.a(shell_log_backend.c.obj)
 .text.dropped  0x000000000800f6b0       0x38 zephyr/libzephyr.a(shell_log_backend.c.obj)
 .text.process  0x000000000800f6e8      0x12a zephyr/libzephyr.a(shell_log_backend.c.obj)
 .text.z_shell_log_backend_output_func
                0x000000000800f812       0x14 zephyr/libzephyr.a(shell_log_backend.c.obj)
                0x000000000800f812                z_shell_log_backend_output_func
 .text.z_shell_log_backend_enable
                0x000000000800f826       0x2e zephyr/libzephyr.a(shell_log_backend.c.obj)
                0x000000000800f826                z_shell_log_backend_enable
 .text.z_shell_log_backend_disable
                0x000000000800f854       0x12 zephyr/libzephyr.a(shell_log_backend.c.obj)
                0x000000000800f854                z_shell_log_backend_disable
 .text.panic    0x000000000800f866       0x72 zephyr/libzephyr.a(shell_log_backend.c.obj)
 .text.z_shell_log_backend_process
                0x000000000800f8d8       0x66 zephyr/libzephyr.a(shell_log_backend.c.obj)
                0x000000000800f8d8                z_shell_log_backend_process
 .text.z_shell_raw_fprintf
                0x000000000800f93e       0x1a zephyr/libzephyr.a(shell_help.c.obj)
 .text.formatted_text_print.constprop.0
                0x000000000800f958       0xe2 zephyr/libzephyr.a(shell_help.c.obj)
 .text.cmd_comment
                0x000000000800fa3a        0x4 zephyr/libzephyr.a(shell_cmds.c.obj)
 .text.cmd_shell_stats_reset
                0x000000000800fa3e        0x8 zephyr/libzephyr.a(shell_cmds.c.obj)
 .text.z_shell_raw_fprintf
                0x000000000800fa46       0x1a zephyr/libzephyr.a(shell_cmds.c.obj)
 .text.cmd_prompt_on
                0x000000000800fa60        0xc zephyr/libzephyr.a(shell_cmds.c.obj)
 .text.cmd_vt100_off
                0x000000000800fa6c       0x22 zephyr/libzephyr.a(shell_cmds.c.obj)
 .text.cmd_bacskpace_mode_delete
                0x000000000800fa8e       0x22 zephyr/libzephyr.a(shell_cmds.c.obj)
 .text.cmd_colors_off
                0x000000000800fab0       0x22 zephyr/libzephyr.a(shell_cmds.c.obj)
 .text.cmd_bacskpace_mode_backspace
                0x000000000800fad2       0x22 zephyr/libzephyr.a(shell_cmds.c.obj)
 .text.cmd_echo_off
                0x000000000800faf4       0x22 zephyr/libzephyr.a(shell_cmds.c.obj)
 .text.cmd_colors_on
                0x000000000800fb16       0x22 zephyr/libzephyr.a(shell_cmds.c.obj)
 .text.cmd_vt100_on
                0x000000000800fb38       0x22 zephyr/libzephyr.a(shell_cmds.c.obj)
 .text.cmd_echo_on
                0x000000000800fb5a       0x22 zephyr/libzephyr.a(shell_cmds.c.obj)
 .text.remove_from_tail.part.0
                0x000000000800fb7c       0x24 zephyr/libzephyr.a(shell_history.c.obj)
 .text.z_shell_history_mode_exit
                0x000000000800fba0        0x6 zephyr/libzephyr.a(shell_history.c.obj)