Archive member included to satisfy reference by file (symbol)

app/libapp.a(main.c.obj)      (--whole-archive)
zephyr/libzephyr.a(heap.c.obj)
                              (--whole-archive)
zephyr/libzephyr.a(cbprintf_packaged.c.obj)
                              (--whole-archive)
zephyr/libzephyr.a(printk.c.obj)
                              (--whole-archive)
zephyr/libzephyr.a(sem.c.obj)
                              (--whole-archive)
zephyr/libzephyr.a(thread_entry.c.obj)
                              (--whole-archive)
zephyr/libzephyr.a(cbprintf_complete.c.obj)
                              (--whole-archive)
zephyr/libzephyr.a(assert.c.obj)
                              (--whole-archive)
zephyr/libzephyr.a(mpsc_pbuf.c.obj)
                              (--whole-archive)
zephyr/libzephyr.a(reboot.c.obj)
                              (--whole-archive)
zephyr/libzephyr.a(dec.c.obj)
                              (--whole-archive)
zephyr/libzephyr.a(hex.c.obj)
                              (--whole-archive)
zephyr/libzephyr.a(rb.c.obj)  (--whole-archive)
zephyr/libzephyr.a(timeutil.c.obj)
                              (--whole-archive)
zephyr/libzephyr.a(bitarray.c.obj)
                              (--whole-archive)
zephyr/libzephyr.a(ring_buffer.c.obj)
                              (--whole-archive)
zephyr/libzephyr.a(configs.c.obj)
                              (--whole-archive)
zephyr/libzephyr.a(stm32cube_hal.c.obj)
                              (--whole-archive)
zephyr/libzephyr.a(soc_config.c.obj)
                              (--whole-archive)
zephyr/libzephyr.a(soc_m7.c.obj)
                              (--whole-archive)
zephyr/libzephyr.a(mpu_regions.c.obj)
                              (--whole-archive)
zephyr/libzephyr.a(log_core.c.obj)
                              (--whole-archive)
zephyr/libzephyr.a(log_mgmt.c.obj)
                              (--whole-archive)
zephyr/libzephyr.a(log_cache.c.obj)
                              (--whole-archive)
zephyr/libzephyr.a(log_msg.c.obj)
                              (--whole-archive)
zephyr/libzephyr.a(log_output.c.obj)
                              (--whole-archive)
zephyr/libzephyr.a(mem_attr.c.obj)
                              (--whole-archive)
zephyr/libzephyr.a(tracing_none.c.obj)
                              (--whole-archive)
zephyr/libzephyr.a(kernel_shell.c.obj)
                              (--whole-archive)
zephyr/libzephyr.a(cycles.c.obj)
                              (--whole-archive)
zephyr/libzephyr.a(sleep.c.obj)
                              (--whole-archive)
zephyr/libzephyr.a(uptime.c.obj)
                              (--whole-archive)
zephyr/libzephyr.a(version.c.obj)
                              (--whole-archive)
zephyr/libzephyr.a(log-level.c.obj)
                              (--whole-archive)
zephyr/libzephyr.a(reboot.c.obj)
                              (--whole-archive)
zephyr/libzephyr.a(thread.c.obj)
                              (--whole-archive)
zephyr/libzephyr.a(list.c.obj)
                              (--whole-archive)
zephyr/libzephyr.a(stacks.c.obj)
                              (--whole-archive)
zephyr/libzephyr.a(device_service.c.obj)
                              (--whole-archive)
zephyr/libzephyr.a(devmem_service.c.obj)
                              (--whole-archive)
zephyr/libzephyr.a(shell_uart.c.obj)
                              (--whole-archive)
zephyr/libzephyr.a(shell.c.obj)
                              (--whole-archive)
zephyr/libzephyr.a(shell_fprintf.c.obj)
                              (--whole-archive)
zephyr/libzephyr.a(shell_utils.c.obj)
                              (--whole-archive)
zephyr/libzephyr.a(shell_ops.c.obj)
                              (--whole-archive)
zephyr/libzephyr.a(shell_log_backend.c.obj)
                              (--whole-archive)
zephyr/libzephyr.a(shell_help.c.obj)
                              (--whole-archive)
zephyr/libzephyr.a(shell_cmds.c.obj)
                              (--whole-archive)
zephyr/libzephyr.a(shell_history.c.obj)
                              (--whole-archive)
zephyr/libzephyr.a(shell_wildcard.c.obj)
                              (--whole-archive)
zephyr/arch/common/libarch__common.a(sw_isr_common.c.obj)
                              (--whole-archive)
zephyr/arch/arch/arm/core/libarch__arm__core.a(fatal.c.obj)
                              (--whole-archive)
zephyr/arch/arch/arm/core/libarch__arm__core.a(nmi.c.obj)
                              (--whole-archive)
zephyr/arch/arch/arm/core/libarch__arm__core.a(nmi_on_reset.S.obj)
                              (--whole-archive)
zephyr/arch/arch/arm/core/libarch__arm__core.a(tls.c.obj)
                              (--whole-archive)
zephyr/arch/arch/arm/core/cortex_m/libarch__arm__core__cortex_m.a(exc_exit.c.obj)
                              (--whole-archive)
zephyr/arch/arch/arm/core/cortex_m/libarch__arm__core__cortex_m.a(fault.c.obj)
                              (--whole-archive)
[...]
Memory Configuration

Name             Origin             Length             Attributes
FLASH            0x0000000008000000 0x0000000000100000 xr
RAM              0x0000000024000000 0x0000000000050000 xw
BACKUP_SRAM      0x0000000038800000 0x0000000000001000
EXTMEM           0x0000000090000000 0x0000000010000000
SRAM1            0x0000000030000000 0x0000000000004000
SRAM2            0x0000000030004000 0x0000000000004000
SRAM4            0x0000000038000000 0x0000000000004000
DTCM             0x0000000020000000 0x0000000000020000
ITCM             0x0000000000000000 0x0000000000010000
IDT_LIST         0x00000000ffff7fff 0x0000000000008000 xw
*default*        0x0000000000000000 0xffffffffffffffff

Linker script and memory map

                0x000000000800a39c                vfprintf = __l_vfprintf
                0x0000000000000000                vfscanf = __l_vfscanf
LOAD zephyr/CMakeFiles/zephyr_pre0.dir/misc/empty_file.c.obj
LOAD zephyr/CMakeFiles/offsets.dir/./arch/arm/core/offsets/offsets.c.obj
LOAD app/libapp.a
LOAD zephyr/libzephyr.a
LOAD zephyr/arch/common/libarch__common.a
LOAD zephyr/arch/arch/arm/core/libarch__arm__core.a
LOAD zephyr/arch/arch/arm/core/cortex_m/libarch__arm__core__cortex_m.a
LOAD zephyr/arch/arch/arm/core/mpu/libarch__arm__core__mpu.a
LOAD zephyr/lib/libc/picolibc/liblib__libc__picolibc.a
LOAD zephyr/lib/libc/common/liblib__libc__common.a
LOAD zephyr/lib/posix/options/liblib__posix__options.a
LOAD zephyr/drivers/interrupt_controller/libdrivers__interrupt_controller.a
LOAD zephyr/drivers/clock_control/libdrivers__clock_control.a
LOAD zephyr/drivers/console/libdrivers__console.a
LOAD zephyr/drivers/dma/libdrivers__dma.a
LOAD zephyr/drivers/gpio/libdrivers__gpio.a
LOAD zephyr/drivers/i2c/libdrivers__i2c.a
LOAD zephyr/drivers/i2s/libdrivers__i2s.a
LOAD zephyr/drivers/pinctrl/libdrivers__pinctrl.a
LOAD zephyr/drivers/reset/libdrivers__reset.a
LOAD zephyr/drivers/serial/libdrivers__serial.a
LOAD zephyr/drivers/timer/libdrivers__timer.a
LOAD modules/hal_stm32/stm32cube/lib..__modules__hal__stm32__stm32cube.a
LOAD zephyr/kernel/libkernel.a
LOAD zephyr/arch/common/libisr_tables.a
LOAD /opt/zephyr-sdk-0.16.8/arm-zephyr-eabi/bin/../lib/gcc/../../picolibc/arm-zephyr-eabi/lib/thumb/v7e-m/nofp/libc.a
LOAD /opt/zephyr-sdk-0.16.8/arm-zephyr-eabi/bin/../lib/gcc/arm-zephyr-eabi/12.2.0/thumb/v7e-m/nofp/libgcc.a
                0x0000000000000020                _region_min_align = 0x20

.rel.plt        0x0000000008000000        0x0
 *(SORT_BY_ALIGNMENT(.rel.plt))
                [!provide]                        PROVIDE (__rel_iplt_start = .)
 *(SORT_BY_ALIGNMENT(.rel.iplt))
 .rel.iplt      0x0000000008000000        0x0 app/libapp.a(main.c.obj)
                [!provide]                        PROVIDE (__rel_iplt_end = .)

.rela.plt       0x0000000000000000        0x0
 *(SORT_BY_ALIGNMENT(.rela.plt))
                [!provide]                        PROVIDE (__rela_iplt_start = .)
 *(SORT_BY_ALIGNMENT(.rela.iplt))
                [!provide]                        PROVIDE (__rela_iplt_end = .)

.rel.dyn
 *(SORT_BY_ALIGNMENT(.rel.*))

.rela.dyn
 *(SORT_BY_ALIGNMENT(.rela.*))

/DISCARD/
 *(SORT_BY_ALIGNMENT(.plt))

/DISCARD/
 *(SORT_BY_ALIGNMENT(.iplt))
                0x0000000008000000                __rom_region_start = 0x8000000

rom_start       0x0000000008000000      0x2cc
                0x0000000008000000                __rom_start_address = .
 FILL mask 0x00
                0x0000000008000000                . = (. + (0x0 - (. - __rom_start_address)))
                0x0000000008000000                . = ALIGN (0x4)
                0x0000000008000000                . = ALIGN (0x80)
                0x0000000008000000                . = ALIGN (0x400)
                0x0000000008000000                _vector_start = .
 *(SORT_BY_ALIGNMENT(.exc_vector_table))
 *(SORT_BY_ALIGNMENT(.exc_vector_table.*))
 .exc_vector_table._vector_table_section
                0x0000000008000000       0x40 zephyr/arch/arch/arm/core/cortex_m/libarch__arm__core__cortex_m.a(vector_table.S.obj)
                0x0000000008000000                _vector_table
 *(SORT_BY_ALIGNMENT(.vectors))
                0x00000000080002cc                _vector_end = .
                0x0000000008000040                . = ALIGN (0x4)
 *(SORT_BY_ALIGNMENT(.gnu.linkonce.irq_vector_table*))
 .gnu.linkonce.irq_vector_table
                0x0000000008000040      0x28c zephyr/arch/common/libisr_tables.a(isr_tables.c.obj)
                0x0000000008000040                _irq_vector_table
                0x00000000080002cc                _vector_end = .

text            0x00000000080002d0     0xefbc
                0x00000000080002d0                __text_region_start = .
 *(SORT_BY_ALIGNMENT(.text))
 .text          0x00000000080002d0      0x378 /opt/zephyr-sdk-0.16.8/arm-zephyr-eabi/bin/../lib/gcc/arm-zephyr-eabi/12.2.0/thumb/v7e-m/nofp/libgcc.a(_arm_addsubdf3.o)
                0x00000000080002d0                __aeabi_drsub
                0x00000000080002d8                __subdf3
                0x00000000080002d8                __aeabi_dsub
                0x00000000080002dc                __aeabi_dadd
                0x00000000080002dc                __adddf3
                0x0000000008000554                __aeabi_ui2d
                0x0000000008000554                __floatunsidf
                0x0000000008000574                __floatsidf
                0x0000000008000574                __aeabi_i2d
                0x0000000008000598                __extendsfdf2
                0x0000000008000598                __aeabi_f2d
                0x00000000080005dc                __aeabi_ul2d
                0x00000000080005dc                __floatundidf
                0x00000000080005ec                __aeabi_l2d
                0x00000000080005ec                __floatdidf
 .text          0x0000000008000648      0x110 /opt/zephyr-sdk-0.16.8/arm-zephyr-eabi/bin/../lib/gcc/arm-zephyr-eabi/12.2.0/thumb/v7e-m/nofp/libgcc.a(_arm_cmpdf2.o)
                0x0000000008000648                __gedf2
                0x0000000008000648                __gtdf2
                0x0000000008000650                __ledf2
                0x0000000008000650                __ltdf2
                0x0000000008000658                __cmpdf2
                0x0000000008000658                __eqdf2
                0x0000000008000658                __nedf2
                0x00000000080006d4                __aeabi_cdrcmple
                0x00000000080006e4                __aeabi_cdcmple
                0x00000000080006e4                __aeabi_cdcmpeq
                0x00000000080006f4                __aeabi_dcmpeq
                0x0000000008000708                __aeabi_dcmplt
                0x000000000800071c                __aeabi_dcmple
                0x0000000008000730                __aeabi_dcmpge
                0x0000000008000744                __aeabi_dcmpgt
 .text          0x0000000008000758       0xa0 /opt/zephyr-sdk-0.16.8/arm-zephyr-eabi/bin/../lib/gcc/arm-zephyr-eabi/12.2.0/thumb/v7e-m/nofp/libgcc.a(_arm_truncdfsf2.o)
                0x0000000008000758                __aeabi_d2f
                0x0000000008000758                __truncdfsf2
 .text          0x00000000080007f8      0x21c /opt/zephyr-sdk-0.16.8/arm-zephyr-eabi/bin/../lib/gcc/arm-zephyr-eabi/12.2.0/thumb/v7e-m/nofp/libgcc.a(_arm_addsubsf3.o)
                0x00000000080007f8                __aeabi_frsub
                0x0000000008000800                __aeabi_fsub
                0x0000000008000800                __subsf3
                0x0000000008000804                __aeabi_fadd
                0x0000000008000804                __addsf3
                0x0000000008000964                __aeabi_ui2f
                0x0000000008000964                __floatunsisf
                0x000000000800096c                __floatsisf
                0x000000000800096c                __aeabi_i2f
                0x0000000008000988                __aeabi_ul2f
                0x0000000008000988                __floatundisf
                0x0000000008000998                __aeabi_l2f
                0x0000000008000998                __floatdisf
 .text          0x0000000008000a14      0x2a0 /opt/zephyr-sdk-0.16.8/arm-zephyr-eabi/bin/../lib/gcc/arm-zephyr-eabi/12.2.0/thumb/v7e-m/nofp/libgcc.a(_arm_muldivsf3.o)
                0x0000000008000a14                __mulsf3
                0x0000000008000a14                __aeabi_fmul
                0x0000000008000b7c                __divsf3
                0x0000000008000b7c                __aeabi_fdiv
 .text          0x0000000008000cb4       0xec /opt/zephyr-sdk-0.16.8/arm-zephyr-eabi/bin/../lib/gcc/arm-zephyr-eabi/12.2.0/thumb/v7e-m/nofp/libgcc.a(_arm_cmpsf2.o)
                0x0000000008000cb4                __gesf2
                0x0000000008000cb4                __gtsf2
                0x0000000008000cbc                __ltsf2
                0x0000000008000cbc                __lesf2
                0x0000000008000cc4                __nesf2
                0x0000000008000cc4                __eqsf2
                0x0000000008000cc4                __cmpsf2
                0x0000000008000d24                __aeabi_cfrcmple
                0x0000000008000d2c                __aeabi_cfcmpeq
                0x0000000008000d2c                __aeabi_cfcmple
                0x0000000008000d3c                __aeabi_fcmpeq
                0x0000000008000d50                __aeabi_fcmplt
                0x0000000008000d64                __aeabi_fcmple
                0x0000000008000d78                __aeabi_fcmpge
                0x0000000008000d8c                __aeabi_fcmpgt
 .text          0x0000000008000da0       0x4c /opt/zephyr-sdk-0.16.8/arm-zephyr-eabi/bin/../lib/gcc/arm-zephyr-eabi/12.2.0/thumb/v7e-m/nofp/libgcc.a(_arm_fixsfsi.o)
                0x0000000008000da0                __fixsfsi
                0x0000000008000da0                __aeabi_f2iz
 .text          0x0000000008000dec       0xa0 /opt/zephyr-sdk-0.16.8/arm-zephyr-eabi/bin/../lib/gcc/arm-zephyr-eabi/12.2.0/thumb/v7e-m/nofp/libgcc.a(_aeabi_ldivmod.o)
                0x0000000008000dec                __aeabi_ldivmod
 .text          0x0000000008000e8c       0x30 /opt/zephyr-sdk-0.16.8/arm-zephyr-eabi/bin/../lib/gcc/arm-zephyr-eabi/12.2.0/thumb/v7e-m/nofp/libgcc.a(_aeabi_uldivmod.o)
                0x0000000008000e8c                __aeabi_uldivmod
 .text          0x0000000008000ebc        0x4 /opt/zephyr-sdk-0.16.8/arm-zephyr-eabi/bin/../lib/gcc/arm-zephyr-eabi/12.2.0/thumb/v7e-m/nofp/libgcc.a(_dvmd_tls.o)
                0x0000000008000ebc                __aeabi_ldiv0
                0x0000000008000ebc                __aeabi_idiv0
 .text          0x0000000008000ec0       0x14 /opt/zephyr-sdk-0.16.8/arm-zephyr-eabi/bin/../lib/gcc/../../picolibc/arm-zephyr-eabi/lib/thumb/v7e-m/nofp/libc.a(strcmp.S.o)
                0x0000000008000ec0                strcmp
 .text          0x0000000008000ed4       0x10 /opt/zephyr-sdk-0.16.8/arm-zephyr-eabi/bin/../lib/gcc/../../picolibc/arm-zephyr-eabi/lib/thumb/v7e-m/nofp/libc.a(strcpy.S.o)
                0x0000000008000ed4                strcpy
 .text          0x0000000008000ee4       0x10 /opt/zephyr-sdk-0.16.8/arm-zephyr-eabi/bin/../lib/gcc/../../picolibc/arm-zephyr-eabi/lib/thumb/v7e-m/nofp/libc.a(strlen.S.o)
                0x0000000008000ee4                strlen
 .text          0x0000000008000ef4      0x2a0 /opt/zephyr-sdk-0.16.8/arm-zephyr-eabi/bin/../lib/gcc/arm-zephyr-eabi/12.2.0/thumb/v7e-m/nofp/libgcc.a(_udivmoddi4.o)
                0x0000000008000ef4                __udivmoddi4
 *(SORT_BY_ALIGNMENT(.text.*))
 *fill*         0x0000000008001194        0x4 
 .text.tone_thread
                0x0000000008001198      0x158 app/libapp.a(main.c.obj)
                0x0000000008001198                tone_thread
 .text.cmd_kernel_uptime
                0x00000000080012f0       0xe0 zephyr/libzephyr.a(uptime.c.obj)
 .text.cmd_stop_tone
                0x00000000080013d0       0x2c app/libapp.a(main.c.obj)
 .text.cmd_start_tone
                0x00000000080013fc       0x60 app/libapp.a(main.c.obj)
 .text.i2c_writeRegisterByte.constprop.0.isra.0
                0x000000000800145c       0x4c app/libapp.a(main.c.obj)
 .text.main     0x00000000080014a8       0x8c app/libapp.a(main.c.obj)
                0x00000000080014a8                main
 .text.cbvprintf_package
                0x0000000008001534      0x3a4 zephyr/libzephyr.a(cbprintf_packaged.c.obj)
                0x0000000008001534                cbvprintf_package
 .text.cbprintf_package_convert
                0x00000000080018d8      0x3c8 zephyr/libzephyr.a(cbprintf_packaged.c.obj)
                0x00000000080018d8                cbprintf_package_convert
 .text.__printk_hook_install
                0x0000000008001ca0        0xc zephyr/libzephyr.a(printk.c.obj)
                0x0000000008001ca0                __printk_hook_install
 .text.z_thread_entry
                0x0000000008001cac       0x34 zephyr/libzephyr.a(thread_entry.c.obj)
                0x0000000008001cac                z_thread_entry
 .text.sys_reboot
                0x0000000008001ce0       0x34 zephyr/libzephyr.a(reboot.c.obj)
                0x0000000008001ce0                sys_reboot
 .text.st_stm32_common_config
                0x0000000008001d14       0x1c zephyr/libzephyr.a(soc_config.c.obj)
 .text.soc_early_init_hook
                0x0000000008001d30       0x60 zephyr/libzephyr.a(soc_m7.c.obj)
                0x0000000008001d30                soc_early_init_hook
 .text.activate_foreach_backend
                0x0000000008001d90       0x64 zephyr/libzephyr.a(log_core.c.obj)
 .text.enable_logger
                0x0000000008001df4       0x5c zephyr/libzephyr.a(log_core.c.obj)
 .text.log_process_thread_timer_expiry_fn
                0x0000000008001e50        0xc zephyr/libzephyr.a(log_core.c.obj)
 .text.z_log_init
                0x0000000008001e5c       0x8c zephyr/libzephyr.a(log_core.c.obj)
 .text.log_set_timestamp_func
                0x0000000008001ee8       0x20 zephyr/libzephyr.a(log_core.c.obj)
                0x0000000008001ee8                log_set_timestamp_func
 .text.z_log_notify_backend_enabled
                0x0000000008001f08       0x1c zephyr/libzephyr.a(log_core.c.obj)
                0x0000000008001f08                z_log_notify_backend_enabled
 .text.z_log_dropped
                0x0000000008001f24       0x44 zephyr/libzephyr.a(log_core.c.obj)
                0x0000000008001f24                z_log_dropped
 .text.z_log_dropped_read_and_clear
                0x0000000008001f68       0x20 zephyr/libzephyr.a(log_core.c.obj)
                0x0000000008001f68                z_log_dropped_read_and_clear
 .text.dropped_notify
                0x0000000008001f88       0x30 zephyr/libzephyr.a(log_core.c.obj)
                0x0000000008001f88                dropped_notify
 .text.z_log_msg_init
                0x0000000008001fb8       0x20 zephyr/libzephyr.a(log_core.c.obj)
                0x0000000008001fb8                z_log_msg_init
 .text.log_core_init
                0x0000000008001fd8       0x38 zephyr/libzephyr.a(log_core.c.obj)
                0x0000000008001fd8                log_core_init
 .text.z_log_msg_alloc
                0x0000000008002010       0x10 zephyr/libzephyr.a(log_core.c.obj)
                0x0000000008002010                z_log_msg_alloc
 .text.z_log_msg_local_claim
                0x0000000008002020        0xc zephyr/libzephyr.a(log_core.c.obj)
                0x0000000008002020                z_log_msg_local_claim
 .text.z_log_msg_free
                0x000000000800202c       0x10 zephyr/libzephyr.a(log_core.c.obj)
                0x000000000800202c                z_log_msg_free
 .text.z_log_msg_pending
                0x000000000800203c        0xc zephyr/libzephyr.a(log_core.c.obj)
                0x000000000800203c                z_log_msg_pending
 .text.z_impl_log_process
                0x0000000008002048       0xe4 zephyr/libzephyr.a(log_core.c.obj)
                0x0000000008002048                z_impl_log_process
 .text.z_impl_log_panic
                0x000000000800212c       0x44 zephyr/libzephyr.a(log_core.c.obj)
                0x000000000800212c                z_impl_log_panic
 .text.log_process_thread_func
                0x0000000008002170       0xa4 zephyr/libzephyr.a(log_core.c.obj)
 .text.z_log_msg_post_finalize
                0x0000000008002214       0x78 zephyr/libzephyr.a(log_core.c.obj)
 .text.z_log_msg_commit
                0x000000000800228c       0x24 zephyr/libzephyr.a(log_core.c.obj)
                0x000000000800228c                z_log_msg_commit
 .text.log_source_name_get
                0x00000000080022b0       0x1c zephyr/libzephyr.a(log_mgmt.c.obj)
                0x00000000080022b0                log_source_name_get
 .text.z_log_runtime_filters_init
                0x00000000080022cc       0x3c zephyr/libzephyr.a(log_mgmt.c.obj)
                0x00000000080022cc                z_log_runtime_filters_init
 .text.log_source_id_get
                0x0000000008002308       0x38 zephyr/libzephyr.a(log_mgmt.c.obj)
                0x0000000008002308                log_source_id_get
 .text.filter_set
                0x0000000008002340       0xbc zephyr/libzephyr.a(log_mgmt.c.obj)
                0x0000000008002340                filter_set
 .text.backend_filter_set
                0x00000000080023fc       0x30 zephyr/libzephyr.a(log_mgmt.c.obj)
 .text.log_backend_enable
                0x000000000800242c       0x34 zephyr/libzephyr.a(log_mgmt.c.obj)
                0x000000000800242c                log_backend_enable
 .text.log_filter_get
                0x0000000008002460       0x4c zephyr/libzephyr.a(log_mgmt.c.obj)
                0x0000000008002460                log_filter_get
 .text.z_impl_z_log_msg_static_create
                0x00000000080024ac      0x110 zephyr/libzephyr.a(log_msg.c.obj)
                0x00000000080024ac                z_impl_z_log_msg_static_create
 .text.z_log_msg_runtime_vcreate
                0x00000000080025bc       0xb0 zephyr/libzephyr.a(log_msg.c.obj)
                0x00000000080025bc                z_log_msg_runtime_vcreate
 .text.log_msg_get_source_id
                0x000000000800266c       0x18 zephyr/libzephyr.a(log_msg.c.obj)
                0x000000000800266c                log_msg_get_source_id
 .text.print_formatted
                0x0000000008002684       0x24 zephyr/libzephyr.a(log_output.c.obj)
 .text.newline_print
                0x00000000080026a8       0x1c zephyr/libzephyr.a(log_output.c.obj)
 .text.log_output_process
                0x00000000080026c4      0x2d4 zephyr/libzephyr.a(log_output.c.obj)
                0x00000000080026c4                log_output_process
 .text.log_output_dropped_process
                0x0000000008002998       0x58 zephyr/libzephyr.a(log_output.c.obj)
                0x0000000008002998                log_output_dropped_process
 .text.log_output_timestamp_freq_set
                0x00000000080029f0       0x2c zephyr/libzephyr.a(log_output.c.obj)
                0x00000000080029f0                log_output_timestamp_freq_set
 .text.mem_attr_get_regions
                0x0000000008002a1c        0xc zephyr/libzephyr.a(mem_attr.c.obj)
                0x0000000008002a1c                mem_attr_get_regions
 .text.cmd_kernel_cycles
                0x0000000008002a28       0x1c zephyr/libzephyr.a(cycles.c.obj)
 .text.cmd_kernel_sleep
                0x0000000008002a44       0x40 zephyr/libzephyr.a(sleep.c.obj)
 .text.cmd_kernel_version
                0x0000000008002a84       0x18 zephyr/libzephyr.a(version.c.obj)
 .text.cmd_kernel_log_level_set
                0x0000000008002a9c       0x7c zephyr/libzephyr.a(log-level.c.obj)
 .text.cmd_kernel_thread_list
                0x0000000008002b18       0x34 zephyr/libzephyr.a(list.c.obj)
 .text.shell_tdata_dump
                0x0000000008002b4c       0xc0 zephyr/libzephyr.a(list.c.obj)
 .text.cmd_kernel_thread_stacks
                0x0000000008002c0c       0x70 zephyr/libzephyr.a(stacks.c.obj)
 .text.shell_stack_dump
                0x0000000008002c7c       0x60 zephyr/libzephyr.a(stacks.c.obj)
 .text.cmd_device_list
                0x0000000008002cdc       0x8c zephyr/libzephyr.a(device_service.c.obj)
 .text.cmd_devmem
                0x0000000008002d68       0xc4 zephyr/libzephyr.a(devmem_service.c.obj)
 .text.cmd_dump
                0x0000000008002e2c      0x198 zephyr/libzephyr.a(devmem_service.c.obj)
 .text.set_bypass.isra.0
                0x0000000008002fc4       0x4c zephyr/libzephyr.a(devmem_service.c.obj)
 .text.bypass_cb
                0x0000000008003010      0x114 zephyr/libzephyr.a(devmem_service.c.obj)
 .text.cmd_load
                0x0000000008003124       0xd8 zephyr/libzephyr.a(devmem_service.c.obj)
 .text.enable_shell_uart
                0x00000000080031fc       0x38 zephyr/libzephyr.a(shell_uart.c.obj)
 .text.init     0x0000000008003234       0x60 zephyr/libzephyr.a(shell_uart.c.obj)
 .text.uart_callback
                0x0000000008003294      0x100 zephyr/libzephyr.a(shell_uart.c.obj)
 .text.shell_internal_help_print
                0x0000000008003394       0x20 zephyr/libzephyr.a(shell.c.obj)
 .text.kill_handler
                0x00000000080033b4       0x54 zephyr/libzephyr.a(shell.c.obj)
 .text.z_cursor_next_line_move.isra.0
                0x0000000008003408        0xc zephyr/libzephyr.a(shell.c.obj)
 .text.history_handle
                0x0000000008003414       0xac zephyr/libzephyr.a(shell.c.obj)
 .text.execute  0x00000000080034c0      0x2c8 zephyr/libzephyr.a(shell.c.obj)
 .text.state_set.constprop.0
                0x0000000008003788       0x4c zephyr/libzephyr.a(shell.c.obj)
 .text.shell_process
                0x00000000080037d4      0x6b4 zephyr/libzephyr.a(shell.c.obj)
                0x00000000080037d4                shell_process
 .text.shell_thread
                0x0000000008003e88       0xd8 zephyr/libzephyr.a(shell.c.obj)
                0x0000000008003e88                shell_thread
 .text.cmd_help
                0x0000000008003f60       0x44 zephyr/libzephyr.a(shell.c.obj)
 .text.shell_hexdump_line
                0x0000000008003fa4       0xcc zephyr/libzephyr.a(shell.c.obj)
                0x0000000008003fa4                shell_hexdump_line
 .text.shell_init
                0x0000000008004070       0xe8 zephyr/libzephyr.a(shell.c.obj)
                0x0000000008004070                shell_init
 .text.z_shell_fprintf_fmt
                0x0000000008004158       0x28 zephyr/libzephyr.a(shell_fprintf.c.obj)
                0x0000000008004158                z_shell_fprintf_fmt
 .text.z_shell_cmd_get
                0x0000000008004180       0x74 zephyr/libzephyr.a(shell_utils.c.obj)
                0x0000000008004180                z_shell_cmd_get
 .text.shell_strtoul
                0x00000000080041f4       0x54 zephyr/libzephyr.a(shell_utils.c.obj)
                0x00000000080041f4                shell_strtoul
 .text.z_clear_eos
                0x0000000008004248       0x18 zephyr/libzephyr.a(shell_ops.c.obj)
 .text.z_cursor_next_line_move.isra.0
                0x0000000008004260        0xc zephyr/libzephyr.a(shell_ops.c.obj)
 .text.z_shell_op_cursor_vert_move
                0x000000000800426c       0x2c zephyr/libzephyr.a(shell_ops.c.obj)
                0x000000000800426c                z_shell_op_cursor_vert_move
 .text.z_shell_op_cursor_horiz_move
                0x0000000008004298       0x2c zephyr/libzephyr.a(shell_ops.c.obj)
                0x0000000008004298                z_shell_op_cursor_horiz_move
 .text.z_shell_print_cmd
                0x00000000080042c4       0x78 zephyr/libzephyr.a(shell_ops.c.obj)
                0x00000000080042c4                z_shell_print_cmd
 .text.z_shell_vt100_color_set
                0x000000000800433c       0x40 zephyr/libzephyr.a(shell_ops.c.obj)
                0x000000000800433c                z_shell_vt100_color_set
 .text.z_shell_vt100_colors_restore
                0x000000000800437c       0x3c zephyr/libzephyr.a(shell_ops.c.obj)
                0x000000000800437c                z_shell_vt100_colors_restore
 .text.z_shell_op_word_remove
                0x00000000080043b8       0xc8 zephyr/libzephyr.a(shell_ops.c.obj)
                0x00000000080043b8                z_shell_op_word_remove
 .text.reprint_from_cursor
                0x0000000008004480       0x7c zephyr/libzephyr.a(shell_ops.c.obj)
 .text.z_shell_op_char_insert
                0x00000000080044fc       0x70 zephyr/libzephyr.a(shell_ops.c.obj)
                0x00000000080044fc                z_shell_op_char_insert
 .text.z_shell_print_prompt_and_cmd
                0x000000000800456c       0x30 zephyr/libzephyr.a(shell_ops.c.obj)
                0x000000000800456c                z_shell_print_prompt_and_cmd
 .text.z_cursor_next_line_move.isra.0
                0x000000000800459c        0xc zephyr/libzephyr.a(shell_help.c.obj)
 .text.z_shell_help_subcmd_print
                0x00000000080045a8       0xb4 zephyr/libzephyr.a(shell_help.c.obj)
                0x00000000080045a8                z_shell_help_subcmd_print
 .text.z_shell_help_cmd_print
                0x000000000800465c       0x40 zephyr/libzephyr.a(shell_help.c.obj)
                0x000000000800465c                z_shell_help_cmd_print
 .text.z_shell_help_request
                0x000000000800469c       0x28 zephyr/libzephyr.a(shell_help.c.obj)
                0x000000000800469c                z_shell_help_request
 .text.cmd_resize_default
                0x00000000080046c4       0x2c zephyr/libzephyr.a(shell_cmds.c.obj)
 .text.cmd_shell_stats_show
                0x00000000080046f0       0x14 zephyr/libzephyr.a(shell_cmds.c.obj)
 .text.cmd_backends
                0x0000000008004704       0x50 zephyr/libzephyr.a(shell_cmds.c.obj)
 .text.cmd_prompt_off
                0x0000000008004754       0x10 zephyr/libzephyr.a(shell_cmds.c.obj)
 .text.cmd_history
                0x0000000008004764       0x3c zephyr/libzephyr.a(shell_cmds.c.obj)
 .text.cmd_get_retval
                0x00000000080047a0       0x1c zephyr/libzephyr.a(shell_cmds.c.obj)
 .text.cmd_echo
                0x00000000080047bc       0x50 zephyr/libzephyr.a(shell_cmds.c.obj)
 .text.cmd_clear
                0x000000000800480c       0x34 zephyr/libzephyr.a(shell_cmds.c.obj)
 .text.cmd_resize
                0x0000000008004840      0x194 zephyr/libzephyr.a(shell_cmds.c.obj)
 .text.z_shell_wildcard_process
                0x00000000080049d4       0xe0 zephyr/libzephyr.a(shell_wildcard.c.obj)
                0x00000000080049d4                z_shell_wildcard_process
 .text.z_arm_fatal_error
                0x0000000008004ab4       0xe0 zephyr/arch/arch/arm/core/libarch__arm__core.a(fatal.c.obj)
                0x0000000008004ab4                z_arm_fatal_error
 .text.z_arm_nmi
                0x0000000008004b94       0x14 zephyr/arch/arch/arm/core/libarch__arm__core.a(nmi.c.obj)
                0x0000000008004b94                z_arm_nmi
 .text.z_SysNmiOnReset
                0x0000000008004ba8        0x8 zephyr/arch/arch/arm/core/libarch__arm__core.a(nmi_on_reset.S.obj)
                0x0000000008004ba8                z_SysNmiOnReset
 .text.arch_tls_stack_setup
                0x0000000008004bb0       0x40 zephyr/arch/arch/arm/core/libarch__arm__core.a(tls.c.obj)
                0x0000000008004bb0                arch_tls_stack_setup
 .text._HandlerModeExit
                0x0000000008004bf0       0x28 zephyr/arch/arch/arm/core/cortex_m/libarch__arm__core__cortex_m.a(exc_exit.c.obj)
                0x0000000008004bf0                z_arm_exc_exit
                0x0000000008004bf0                z_arm_int_exit
 .text.bus_fault.constprop.0
                0x0000000008004c18      0x108 zephyr/arch/arch/arm/core/cortex_m/libarch__arm__core__cortex_m.a(fault.c.obj)
 .text.usage_fault.constprop.0
                0x0000000008004d20       0xdc zephyr/arch/arch/arm/core/cortex_m/libarch__arm__core__cortex_m.a(fault.c.obj)
 .text.mem_manage_fault
                0x0000000008004dfc      0x140 zephyr/arch/arch/arm/core/cortex_m/libarch__arm__core__cortex_m.a(fault.c.obj)
 .text.z_arm_fault
                0x0000000008004f3c      0x20c zephyr/arch/arch/arm/core/cortex_m/libarch__arm__core__cortex_m.a(fault.c.obj)
                0x0000000008004f3c                z_arm_fault
 .text.z_arm_fault_init
                0x0000000008005148       0x18 zephyr/arch/arch/arm/core/cortex_m/libarch__arm__core__cortex_m.a(fault.c.obj)
                0x0000000008005148                z_arm_fault_init
 .text.__fault  0x0000000008005160       0x14 zephyr/arch/arch/arm/core/cortex_m/libarch__arm__core__cortex_m.a(fault_s.S.obj)
                0x0000000008005160                z_arm_bus_fault
                0x0000000008005160                z_arm_usage_fault
                0x0000000008005160                z_arm_mpu_fault
                0x0000000008005160                z_arm_exc_spurious
                0x0000000008005160                z_arm_debug_monitor
                0x0000000008005160                z_arm_hard_fault
 .text._reset_section
                0x0000000008005174       0x38 zephyr/arch/arch/arm/core/cortex_m/libarch__arm__core__cortex_m.a(reset.S.obj)
                0x0000000008005174                z_arm_reset
                0x0000000008005174                __start
 .text.sys_arch_reboot
                0x00000000080051ac       0x24 zephyr/arch/arch/arm/core/cortex_m/libarch__arm__core__cortex_m.a(scb.c.obj)
                0x00000000080051ac                sys_arch_reboot
 .text.z_impl_k_thread_abort
                0x00000000080051d0       0x2c zephyr/arch/arch/arm/core/cortex_m/libarch__arm__core__cortex_m.a(thread_abort.c.obj)
                0x00000000080051d0                z_impl_k_thread_abort
 .text.arch_swap
                0x00000000080051fc       0x34 zephyr/arch/arch/arm/core/cortex_m/libarch__arm__core__cortex_m.a(swap.c.obj)
                0x00000000080051fc                arch_swap
 .text.z_arm_pendsv_c
                0x0000000008005230       0x50 zephyr/arch/arch/arm/core/cortex_m/libarch__arm__core__cortex_m.a(swap.c.obj)
                0x0000000008005230                z_arm_pendsv_c
 .text.z_arm_pendsv
                0x0000000008005280       0x34 zephyr/arch/arch/arm/core/cortex_m/libarch__arm__core__cortex_m.a(swap_helper.S.obj)
                0x0000000008005280                z_arm_pendsv
 .text.z_arm_svc
                0x00000000080052b4       0x20 zephyr/arch/arch/arm/core/cortex_m/libarch__arm__core__cortex_m.a(swap_helper.S.obj)
                0x00000000080052b4                z_arm_svc
 .text.arch_irq_enable
                0x00000000080052d4       0x1c zephyr/arch/arch/arm/core/cortex_m/libarch__arm__core__cortex_m.a(irq_manage.c.obj)
                0x00000000080052d4                arch_irq_enable
 .text.z_arm_irq_priority_set
                0x00000000080052f0       0x2c zephyr/arch/arch/arm/core/cortex_m/libarch__arm__core__cortex_m.a(irq_manage.c.obj)
                0x00000000080052f0                z_arm_irq_priority_set
 .text.z_prep_c
                0x000000000800531c       0x4c zephyr/arch/arch/arm/core/cortex_m/libarch__arm__core__cortex_m.a(prep_c.c.obj)
                0x000000000800531c                z_prep_c
 .text.arch_new_thread
                0x0000000008005368       0x30 zephyr/arch/arch/arm/core/cortex_m/libarch__arm__core__cortex_m.a(thread.c.obj)
                0x0000000008005368                arch_new_thread
 .text.z_check_thread_stack_fail
                0x0000000008005398       0x30 zephyr/arch/arch/arm/core/cortex_m/libarch__arm__core__cortex_m.a(thread.c.obj)
                0x0000000008005398                z_check_thread_stack_fail
 .text.arch_switch_to_main_thread
                0x00000000080053c8       0x48 zephyr/arch/arch/arm/core/cortex_m/libarch__arm__core__cortex_m.a(thread.c.obj)
                0x00000000080053c8                arch_switch_to_main_thread
 .text.z_arm_cpu_idle_init
                0x0000000008005410        0xc zephyr/arch/arch/arm/core/cortex_m/libarch__arm__core__cortex_m.a(cpu_idle.c.obj)
                0x0000000008005410                z_arm_cpu_idle_init
 .text.z_arm_interrupt_init
                0x000000000800541c       0x18 zephyr/arch/arch/arm/core/cortex_m/libarch__arm__core__cortex_m.a(irq_init.c.obj)
                0x000000000800541c                z_arm_interrupt_init
 .text._isr_wrapper
                0x0000000008005434       0x24 zephyr/arch/arch/arm/core/cortex_m/libarch__arm__core__cortex_m.a(isr_wrapper.c.obj)
                0x0000000008005434                _isr_wrapper
 .text.arch_dcache_enable
                0x0000000008005458       0x5c zephyr/arch/arch/arm/core/cortex_m/libarch__arm__core__cortex_m.a(cache.c.obj)
                0x0000000008005458                arch_dcache_enable
 .text.arch_dcache_disable
                0x00000000080054b4       0x54 zephyr/arch/arch/arm/core/cortex_m/libarch__arm__core__cortex_m.a(cache.c.obj)
                0x00000000080054b4                arch_dcache_disable
 .text.arch_dcache_flush_range
                0x0000000008005508       0x30 zephyr/arch/arch/arm/core/cortex_m/libarch__arm__core__cortex_m.a(cache.c.obj)
                0x0000000008005508                arch_dcache_flush_range
 .text.arch_dcache_invd_range
                0x0000000008005538       0x30 zephyr/arch/arch/arm/core/cortex_m/libarch__arm__core__cortex_m.a(cache.c.obj)
                0x0000000008005538                arch_dcache_invd_range
 .text.arch_icache_enable
                0x0000000008005568       0x34 zephyr/arch/arch/arm/core/cortex_m/libarch__arm__core__cortex_m.a(cache.c.obj)
                0x0000000008005568                arch_icache_enable
 .text.arch_icache_disable
                0x000000000800559c       0x28 zephyr/arch/arch/arm/core/cortex_m/libarch__arm__core__cortex_m.a(cache.c.obj)
                0x000000000800559c                arch_icache_disable
 .text.z_arm_configure_static_mpu_regions
                0x00000000080055c4       0x18 zephyr/arch/arch/arm/core/mpu/libarch__arm__core__mpu.a(arm_core_mpu.c.obj)
                0x00000000080055c4                z_arm_configure_static_mpu_regions
 .text.z_arm_configure_dynamic_mpu_regions
                0x00000000080055dc       0x24 zephyr/arch/arch/arm/core/mpu/libarch__arm__core__mpu.a(arm_core_mpu.c.obj)
                0x00000000080055dc                z_arm_configure_dynamic_mpu_regions
 .text.region_allocate_and_init
                0x0000000008005600       0x58 zephyr/arch/arch/arm/core/mpu/libarch__arm__core__mpu.a(arm_mpu.c.obj)
 .text.mpu_configure_regions
                0x0000000008005658       0x70 zephyr/arch/arch/arm/core/mpu/libarch__arm__core__mpu.a(arm_mpu.c.obj)
 .text.arm_core_mpu_enable
                0x00000000080056c8       0x18 zephyr/arch/arch/arm/core/mpu/libarch__arm__core__mpu.a(arm_mpu.c.obj)
                0x00000000080056c8                arm_core_mpu_enable
 .text.arm_core_mpu_disable
                0x00000000080056e0       0x14 zephyr/arch/arch/arm/core/mpu/libarch__arm__core__mpu.a(arm_mpu.c.obj)
                0x00000000080056e0                arm_core_mpu_disable
 .text.arm_core_mpu_configure_static_mpu_regions
                0x00000000080056f4       0x14 zephyr/arch/arch/arm/core/mpu/libarch__arm__core__mpu.a(arm_mpu.c.obj)
                0x00000000080056f4                arm_core_mpu_configure_static_mpu_regions
 .text.arm_core_mpu_configure_dynamic_mpu_regions
                0x0000000008005708       0x38 zephyr/arch/arch/arm/core/mpu/libarch__arm__core__mpu.a(arm_mpu.c.obj)
                0x0000000008005708                arm_core_mpu_configure_dynamic_mpu_regions
 .text.z_arm_mpu_init
                0x0000000008005740      0x17c zephyr/arch/arch/arm/core/mpu/libarch__arm__core__mpu.a(arm_mpu.c.obj)
                0x0000000008005740                z_arm_mpu_init
 .text.z_impl_zephyr_fputc
                0x00000000080058bc       0x10 zephyr/lib/libc/picolibc/liblib__libc__picolibc.a(libc-hooks.c.obj)
                0x00000000080058bc                z_impl_zephyr_fputc
 .text.__stdout_hook_install
                0x00000000080058cc       0x18 zephyr/lib/libc/picolibc/liblib__libc__picolibc.a(libc-hooks.c.obj)
                0x00000000080058cc                __stdout_hook_install
 .text.cbvprintf
                0x00000000080058e4       0x38 zephyr/lib/libc/picolibc/liblib__libc__picolibc.a(libc-hooks.c.obj)
                0x00000000080058e4                cbvprintf
 .text.malloc_prepare
                0x000000000800591c       0x24 zephyr/lib/libc/common/liblib__libc__common.a(malloc.c.obj)
 .text.getopt_init
                0x0000000008005940       0x48 zephyr/lib/posix/options/liblib__posix__options.a(getopt.c.obj)
                0x0000000008005940                getopt_init
 .text.getopt   0x0000000008005988       0xf8 zephyr/lib/posix/options/liblib__posix__options.a(getopt.c.obj)
                0x0000000008005988                getopt
 .text.z_getopt_global_state_update
                0x0000000008005a80       0x34 zephyr/lib/posix/options/liblib__posix__options.a(getopt_common.c.obj)
                0x0000000008005a80                z_getopt_global_state_update
 .text.getopt_state_get
                0x0000000008005ab4        0x8 zephyr/lib/posix/options/liblib__posix__options.a(getopt_common.c.obj)
                0x0000000008005ab4                getopt_state_get
 .text.stm32_exti_isr
                0x0000000008005abc       0x50 zephyr/drivers/interrupt_controller/libdrivers__interrupt_controller.a(intc_exti_stm32.c.obj)
 .text.stm32_fill_irq_table
                0x0000000008005b0c       0x18 zephyr/drivers/interrupt_controller/libdrivers__interrupt_controller.a(intc_exti_stm32.c.obj)
 .text.stm32_exti_init
                0x0000000008005b24       0xb4 zephyr/drivers/interrupt_controller/libdrivers__interrupt_controller.a(intc_exti_stm32.c.obj)
 .text.stm32_gpio_intc_enable_line
                0x0000000008005bd8       0x30 zephyr/drivers/interrupt_controller/libdrivers__interrupt_controller.a(intc_exti_stm32.c.obj)
                0x0000000008005bd8                stm32_gpio_intc_enable_line
 .text.stm32_gpio_intc_set_irq_callback
                0x0000000008005c08       0x40 zephyr/drivers/interrupt_controller/libdrivers__interrupt_controller.a(intc_exti_stm32.c.obj)
                0x0000000008005c08                stm32_gpio_intc_set_irq_callback
 .text.stm32_gpio_intc_remove_irq_callback
                0x0000000008005c48       0x24 zephyr/drivers/interrupt_controller/libdrivers__interrupt_controller.a(intc_exti_stm32.c.obj)
                0x0000000008005c48                stm32_gpio_intc_remove_irq_callback
 .text.stm32_exti_get_line_src_port
                0x0000000008005c6c       0x38 zephyr/drivers/interrupt_controller/libdrivers__interrupt_controller.a(intc_exti_stm32.c.obj)
                0x0000000008005c6c                stm32_exti_get_line_src_port
 .text.get_pllsrc_frequency
                0x0000000008005ca4       0x1c zephyr/drivers/clock_control/libdrivers__clock_control.a(clock_stm32_ll_h7.c.obj)
 .text.get_hclk_frequency
                0x0000000008005cc0       0x34 zephyr/drivers/clock_control/libdrivers__clock_control.a(clock_stm32_ll_h7.c.obj)
 .text.stm32_clock_control_get_subsys_rate
                0x0000000008005cf4       0xd8 zephyr/drivers/clock_control/libdrivers__clock_control.a(clock_stm32_ll_h7.c.obj)
 .text.stm32_clock_control_init
                0x0000000008005dcc      0x288 zephyr/drivers/clock_control/libdrivers__clock_control.a(clock_stm32_ll_h7.c.obj)
                0x0000000008005dcc                stm32_clock_control_init
 .text.uart_console_init
                0x0000000008006054       0x28 zephyr/drivers/console/libdrivers__console.a(uart_console.c.obj)
 .text.console_out
                0x000000000800607c       0x28 zephyr/drivers/console/libdrivers__console.a(uart_console.c.obj)
 .text.dma_stm32_get_status
                0x00000000080060a4       0x44 zephyr/drivers/dma/libdrivers__dma.a(dma_stm32.c.obj)
                0x00000000080060a4                dma_stm32_get_status
 .text.dma_stm32_stop
                0x00000000080060e8       0x78 zephyr/drivers/dma/libdrivers__dma.a(dma_stm32.c.obj)
                0x00000000080060e8                dma_stm32_stop
 .text.dma_stm32_reload
                0x0000000008006160       0xf4 zephyr/drivers/dma/libdrivers__dma.a(dma_stm32.c.obj)
                0x0000000008006160                dma_stm32_reload
 .text.dma_stm32_init
                0x0000000008006254       0x94 zephyr/drivers/dma/libdrivers__dma.a(dma_stm32.c.obj)
 .text.dma_stm32_irq_handler
                0x00000000080062e8       0xc8 zephyr/drivers/dma/libdrivers__dma.a(dma_stm32.c.obj)
 .text.dma_stm32_configure
                0x00000000080063b0      0x424 zephyr/drivers/dma/libdrivers__dma.a(dma_stm32.c.obj)
                0x00000000080063b0                dma_stm32_configure
 .text.dma_stm32_id_to_stream
                0x00000000080067d4        0xc zephyr/drivers/dma/libdrivers__dma.a(dma_stm32_v1.c.obj)
                0x00000000080067d4                dma_stm32_id_to_stream
 .text.dma_stm32_clear_ht
                0x00000000080067e0        0xc zephyr/drivers/dma/libdrivers__dma.a(dma_stm32_v1.c.obj)
                0x00000000080067e0                dma_stm32_clear_ht
 .text.dma_stm32_clear_tc
                0x00000000080067ec        0xc zephyr/drivers/dma/libdrivers__dma.a(dma_stm32_v1.c.obj)
                0x00000000080067ec                dma_stm32_clear_tc
 .text.dma_stm32_is_ht_active
                0x00000000080067f8       0x18 zephyr/drivers/dma/libdrivers__dma.a(dma_stm32_v1.c.obj)
                0x00000000080067f8                dma_stm32_is_ht_active
 .text.dma_stm32_is_tc_active
                0x0000000008006810       0x18 zephyr/drivers/dma/libdrivers__dma.a(dma_stm32_v1.c.obj)
                0x0000000008006810                dma_stm32_is_tc_active
 .text.dma_stm32_clear_te
                0x0000000008006828        0xc zephyr/drivers/dma/libdrivers__dma.a(dma_stm32_v1.c.obj)
                0x0000000008006828                dma_stm32_clear_te
 .text.dma_stm32_clear_dme
                0x0000000008006834        0xc zephyr/drivers/dma/libdrivers__dma.a(dma_stm32_v1.c.obj)
                0x0000000008006834                dma_stm32_clear_dme
 .text.dma_stm32_clear_fe
                0x0000000008006840        0xc zephyr/drivers/dma/libdrivers__dma.a(dma_stm32_v1.c.obj)
                0x0000000008006840                dma_stm32_clear_fe
 .text.dma_stm32_is_te_active
                0x000000000800684c       0x18 zephyr/drivers/dma/libdrivers__dma.a(dma_stm32_v1.c.obj)
                0x000000000800684c                dma_stm32_is_te_active
 .text.dma_stm32_is_dme_active
                0x0000000008006864       0x18 zephyr/drivers/dma/libdrivers__dma.a(dma_stm32_v1.c.obj)
                0x0000000008006864                dma_stm32_is_dme_active
 .text.dma_stm32_is_fe_active
                0x000000000800687c       0x18 zephyr/drivers/dma/libdrivers__dma.a(dma_stm32_v1.c.obj)
                0x000000000800687c                dma_stm32_is_fe_active
 .text.stm32_dma_dump_stream_irq.part.0
                0x0000000008006894       0x68 zephyr/drivers/dma/libdrivers__dma.a(dma_stm32_v1.c.obj)
 .text.stm32_dma_dump_stream_irq
                0x00000000080068fc       0x18 zephyr/drivers/dma/libdrivers__dma.a(dma_stm32_v1.c.obj)
                0x00000000080068fc                stm32_dma_dump_stream_irq
 .text.stm32_dma_is_tc_irq_active
                0x0000000008006914       0x2c zephyr/drivers/dma/libdrivers__dma.a(dma_stm32_v1.c.obj)
                0x0000000008006914                stm32_dma_is_tc_irq_active
 .text.stm32_dma_is_ht_irq_active
                0x0000000008006940       0x2c zephyr/drivers/dma/libdrivers__dma.a(dma_stm32_v1.c.obj)
                0x0000000008006940                stm32_dma_is_ht_irq_active
 .text.stm32_dma_is_unexpected_irq_happened
                0x000000000800696c       0x5c zephyr/drivers/dma/libdrivers__dma.a(dma_stm32_v1.c.obj)
                0x000000000800696c                stm32_dma_is_unexpected_irq_happened
 .text.stm32_dma_enable_stream
                0x00000000080069c8       0x1c zephyr/drivers/dma/libdrivers__dma.a(dma_stm32_v1.c.obj)
                0x00000000080069c8                stm32_dma_enable_stream
 .text.stm32_dma_is_enabled_stream
                0x00000000080069e4       0x1c zephyr/drivers/dma/libdrivers__dma.a(dma_stm32_v1.c.obj)
                0x00000000080069e4                stm32_dma_is_enabled_stream
 .text.stm32_dma_disable_stream
                0x0000000008006a00       0x34 zephyr/drivers/dma/libdrivers__dma.a(dma_stm32_v1.c.obj)
                0x0000000008006a00                stm32_dma_disable_stream
 .text.stm32_dma_disable_fifo_irq
                0x0000000008006a34       0x20 zephyr/drivers/dma/libdrivers__dma.a(dma_stm32_v1.c.obj)
                0x0000000008006a34                stm32_dma_disable_fifo_irq
 .text.stm32_dma_get_mburst
                0x0000000008006a54       0x4c zephyr/drivers/dma/libdrivers__dma.a(dma_stm32_v1.c.obj)
                0x0000000008006a54                stm32_dma_get_mburst
 .text.stm32_dma_get_pburst
                0x0000000008006aa0       0x4c zephyr/drivers/dma/libdrivers__dma.a(dma_stm32_v1.c.obj)
                0x0000000008006aa0                stm32_dma_get_pburst
 .text.stm32_dma_get_fifo_threshold
                0x0000000008006aec       0x38 zephyr/drivers/dma/libdrivers__dma.a(dma_stm32_v1.c.obj)
                0x0000000008006aec                stm32_dma_get_fifo_threshold
 .text.dmamux_stm32_get_status
                0x0000000008006b24       0x64 zephyr/drivers/dma/libdrivers__dma.a(dmamux_stm32.c.obj)
                0x0000000008006b24                dmamux_stm32_get_status
 .text.dmamux_stm32_reload
                0x0000000008006b88       0x6c zephyr/drivers/dma/libdrivers__dma.a(dmamux_stm32.c.obj)
                0x0000000008006b88                dmamux_stm32_reload
 .text.dmamux_stm32_stop
                0x0000000008006bf4       0x64 zephyr/drivers/dma/libdrivers__dma.a(dmamux_stm32.c.obj)
                0x0000000008006bf4                dmamux_stm32_stop
 .text.dmamux_stm32_start
                0x0000000008006c58       0x64 zephyr/drivers/dma/libdrivers__dma.a(dmamux_stm32.c.obj)
                0x0000000008006c58                dmamux_stm32_start
 .text.dmamux_stm32_configure
                0x0000000008006cbc       0x98 zephyr/drivers/dma/libdrivers__dma.a(dmamux_stm32.c.obj)
                0x0000000008006cbc                dmamux_stm32_configure
 .text.dmamux_stm32_init
                0x0000000008006d54       0x84 zephyr/drivers/dma/libdrivers__dma.a(dmamux_stm32.c.obj)
 .text.gpio_stm32_pin_interrupt_configure
                0x0000000008006dd8       0xb0 zephyr/drivers/gpio/libdrivers__gpio.a(gpio_stm32.c.obj)
 .text.gpio_stm32_init
                0x0000000008006e88       0x30 zephyr/drivers/gpio/libdrivers__gpio.a(gpio_stm32.c.obj)
 .text.msg_init
                0x0000000008006eb8       0x9c zephyr/drivers/i2c/libdrivers__i2c.a(i2c_ll_stm32_v2.c.obj)
 .text.stm32_i2c_configure_timing
                0x0000000008006f54      0x170 zephyr/drivers/i2c/libdrivers__i2c.a(i2c_ll_stm32_v2.c.obj)
                0x0000000008006f54                stm32_i2c_configure_timing
 .text.i2c_stm32_get_config.part.0
                0x00000000080070c4       0x20 zephyr/drivers/i2c/libdrivers__i2c.a(i2c_ll_stm32.c.obj)
 .text.i2c_stm32_set_smbus_mode
                0x00000000080070e4       0x5c zephyr/drivers/i2c/libdrivers__i2c.a(i2c_ll_stm32.c.obj)
                0x00000000080070e4                i2c_stm32_set_smbus_mode
 .text.i2c_stm32_runtime_configure
                0x0000000008007140       0x90 zephyr/drivers/i2c/libdrivers__i2c.a(i2c_ll_stm32.c.obj)
                0x0000000008007140                i2c_stm32_runtime_configure
 .text.i2c_stm32_init
                0x00000000080071d0      0x154 zephyr/drivers/i2c/libdrivers__i2c.a(i2c_ll_stm32.c.obj)
 .text.i2s_stm32_isr
                0x0000000008007324       0x48 zephyr/drivers/i2s/libdrivers__i2s.a(i2s_ll_stm32.c.obj)
 .text.tx_stream_disable
                0x000000000800736c       0x70 zephyr/drivers/i2s/libdrivers__i2s.a(i2s_ll_stm32.c.obj)
 .text.rx_stream_disable
                0x00000000080073dc       0x68 zephyr/drivers/i2s/libdrivers__i2s.a(i2s_ll_stm32.c.obj)
 .text.i2s_stm32_configure
                0x0000000008007444      0x260 zephyr/drivers/i2s/libdrivers__i2s.a(i2s_ll_stm32.c.obj)
 .text.i2s_stm32_trigger
                0x00000000080076a4      0x1d8 zephyr/drivers/i2s/libdrivers__i2s.a(i2s_ll_stm32.c.obj)
 .text.rx_stream_start
                0x000000000800787c       0xdc zephyr/drivers/i2s/libdrivers__i2s.a(i2s_ll_stm32.c.obj)
 .text.dma_rx_callback
                0x0000000008007958       0x84 zephyr/drivers/i2s/libdrivers__i2s.a(i2s_ll_stm32.c.obj)
 .text.dma_tx_callback
                0x00000000080079dc       0xd8 zephyr/drivers/i2s/libdrivers__i2s.a(i2s_ll_stm32.c.obj)
 .text.tx_stream_start
                0x0000000008007ab4       0xe4 zephyr/drivers/i2s/libdrivers__i2s.a(i2s_ll_stm32.c.obj)
 .text.i2s_stm32_initialize
                0x0000000008007b98      0x1fc zephyr/drivers/i2s/libdrivers__i2s.a(i2s_ll_stm32.c.obj)
 .text.pinctrl_configure_pins
                0x0000000008007d94       0x84 zephyr/drivers/pinctrl/libdrivers__pinctrl.a(pinctrl_stm32.c.obj)
                0x0000000008007d94                pinctrl_configure_pins
 .text.uart_stm32_irq_err_enable
                0x0000000008007e18       0x88 zephyr/drivers/serial/libdrivers__serial.a(uart_stm32.c.obj)
 .text.uart_stm32_irq_err_disable
                0x0000000008007ea0       0x88 zephyr/drivers/serial/libdrivers__serial.a(uart_stm32.c.obj)
 .text.uart_stm32_set_baudrate.part.0
                0x0000000008007f28       0x1c zephyr/drivers/serial/libdrivers__serial.a(uart_stm32.c.obj)
 .text.uart_stm32_parameters_set
                0x0000000008007f44      0x134 zephyr/drivers/serial/libdrivers__serial.a(uart_stm32.c.obj)
 .text.uart_stm32_init
                0x0000000008008078      0x220 zephyr/drivers/serial/libdrivers__serial.a(uart_stm32.c.obj)
 .text.uart_stm32_configure
                0x0000000008008298      0x188 zephyr/drivers/serial/libdrivers__serial.a(uart_stm32.c.obj)
 .text.elapsed  0x0000000008008420       0x4c zephyr/drivers/timer/libdrivers__timer.a(cortex_m_systick.c.obj)
 .text.sys_clock_driver_init
                0x000000000800846c       0x38 zephyr/drivers/timer/libdrivers__timer.a(cortex_m_systick.c.obj)
 .text.sys_clock_isr
                0x00000000080084a4       0x60 zephyr/drivers/timer/libdrivers__timer.a(cortex_m_systick.c.obj)
                0x00000000080084a4                sys_clock_isr
 .text.sys_clock_set_timeout
                0x0000000008008504       0xfc zephyr/drivers/timer/libdrivers__timer.a(cortex_m_systick.c.obj)
                0x0000000008008504                sys_clock_set_timeout
 .text.sys_clock_elapsed
                0x0000000008008600       0x3c zephyr/drivers/timer/libdrivers__timer.a(cortex_m_systick.c.obj)
                0x0000000008008600                sys_clock_elapsed
 .text.sys_clock_cycle_get_32
                0x000000000800863c       0x28 zephyr/drivers/timer/libdrivers__timer.a(cortex_m_systick.c.obj)
                0x000000000800863c                sys_clock_cycle_get_32
 .text.LL_DMA_Init
                0x0000000008008664       0xa4 modules/hal_stm32/stm32cube/lib..__modules__hal__stm32__stm32cube.a(stm32h7xx_ll_dma.c.obj)
                0x0000000008008664                LL_DMA_Init
 .text.LL_SetFlashLatency
                0x0000000008008708      0x198 modules/hal_stm32/stm32cube/lib..__modules__hal__stm32__stm32cube.a(stm32h7xx_ll_utils.c.obj)
                0x0000000008008708                LL_SetFlashLatency
 .text.z_device_get_all_static
                0x00000000080088a0       0x18 zephyr/kernel/libkernel.a(device.c.obj)
                0x00000000080088a0                z_device_get_all_static
 .text.k_sys_fatal_error_handler
                0x00000000080088b8       0x28 zephyr/kernel/libkernel.a(fatal.c.obj)
                0x00000000080088b8                k_sys_fatal_error_handler
 .text.z_fatal_error
                0x00000000080088e0      0x110 zephyr/kernel/libkernel.a(fatal.c.obj)
                0x00000000080088e0                z_fatal_error
 .text.z_sys_init_run_level
                0x00000000080089f0       0x2c zephyr/kernel/libkernel.a(init.c.obj)
 .text.bg_thread_main
                0x0000000008008a1c       0xc4 zephyr/kernel/libkernel.a(init.c.obj)
 .text.z_bss_zero
                0x0000000008008ae0       0x2c zephyr/kernel/libkernel.a(init.c.obj)
                0x0000000008008ae0                z_bss_zero
 .text.z_init_cpu
                0x0000000008008b0c       0x78 zephyr/kernel/libkernel.a(init.c.obj)
                0x0000000008008b0c                z_init_cpu
 .text.z_cstart
                0x0000000008008b84       0xdc zephyr/kernel/libkernel.a(init.c.obj)
                0x0000000008008b84                z_cstart
 .text.init_mem_slab_obj_core_list
                0x0000000008008c60       0x24 zephyr/kernel/libkernel.a(mem_slab.c.obj)
 .text.k_mem_slab_alloc
                0x0000000008008c84       0x5c zephyr/kernel/libkernel.a(mem_slab.c.obj)
                0x0000000008008c84                k_mem_slab_alloc
 .text.z_impl_k_mutex_lock
                0x0000000008008ce0       0xf0 zephyr/kernel/libkernel.a(mutex.c.obj)
                0x0000000008008ce0                z_impl_k_mutex_lock
 .text.z_impl_k_mutex_unlock
                0x0000000008008dd0       0xa0 zephyr/kernel/libkernel.a(mutex.c.obj)
                0x0000000008008dd0                z_impl_k_mutex_unlock
 .text.z_impl_k_sem_give
                0x0000000008008e70       0x6c zephyr/kernel/libkernel.a(sem.c.obj)
                0x0000000008008e70                z_impl_k_sem_give
 .text.z_impl_k_sem_take
                0x0000000008008edc       0x4c zephyr/kernel/libkernel.a(sem.c.obj)
                0x0000000008008edc                z_impl_k_sem_take
 .text.z_impl_k_sem_reset
                0x0000000008008f28       0x6c zephyr/kernel/libkernel.a(sem.c.obj)
                0x0000000008008f28                z_impl_k_sem_reset
 .text.z_impl_k_thread_name_set
                0x0000000008008f94       0x20 zephyr/kernel/libkernel.a(thread.c.obj)
                0x0000000008008f94                z_impl_k_thread_name_set
 .text.k_thread_state_str
                0x0000000008008fb4       0x90 zephyr/kernel/libkernel.a(thread.c.obj)
                0x0000000008008fb4                k_thread_state_str
 .text.z_setup_new_thread
                0x0000000008009044       0xf8 zephyr/kernel/libkernel.a(thread.c.obj)
                0x0000000008009044                z_setup_new_thread
 .text.z_impl_k_thread_create
                0x000000000800913c       0x58 zephyr/kernel/libkernel.a(thread.c.obj)
                0x000000000800913c                z_impl_k_thread_create
 .text.unready_thread
                0x0000000008009194       0x54 zephyr/kernel/libkernel.a(sched.c.obj)
 .text.ready_thread
                0x00000000080091e8       0x8c zephyr/kernel/libkernel.a(sched.c.obj)
 .text.z_thread_halt
                0x0000000008009274      0x118 zephyr/kernel/libkernel.a(sched.c.obj)
 .text.move_thread_to_end_of_prio_q
                0x000000000800938c       0x94 zephyr/kernel/libkernel.a(sched.c.obj)
                0x000000000800938c                move_thread_to_end_of_prio_q
 .text.z_pend_curr
                0x0000000008009420       0x58 zephyr/kernel/libkernel.a(sched.c.obj)
                0x0000000008009420                z_pend_curr
 .text.z_thread_prio_set
                0x0000000008009478       0x9c zephyr/kernel/libkernel.a(sched.c.obj)
                0x0000000008009478                z_thread_prio_set
 .text.z_reschedule
                0x0000000008009514       0x24 zephyr/kernel/libkernel.a(sched.c.obj)
                0x0000000008009514                z_reschedule
 .text.z_sched_start
                0x0000000008009538       0x3c zephyr/kernel/libkernel.a(sched.c.obj)
                0x0000000008009538                z_sched_start
 .text.z_reschedule_irqlock
                0x0000000008009574       0x28 zephyr/kernel/libkernel.a(sched.c.obj)
                0x0000000008009574                z_reschedule_irqlock
 .text.k_sched_lock
                0x000000000800959c       0x28 zephyr/kernel/libkernel.a(sched.c.obj)
                0x000000000800959c                k_sched_lock
 .text.k_sched_unlock
                0x00000000080095c4       0x68 zephyr/kernel/libkernel.a(sched.c.obj)
                0x00000000080095c4                k_sched_unlock
 .text.z_sched_init
                0x000000000800962c       0x10 zephyr/kernel/libkernel.a(sched.c.obj)
                0x000000000800962c                z_sched_init
 .text.z_impl_k_yield
                0x000000000800963c       0x8c zephyr/kernel/libkernel.a(sched.c.obj)
                0x000000000800963c                z_impl_k_yield
 .text.z_tick_sleep
                0x00000000080096c8       0x88 zephyr/kernel/libkernel.a(sched.c.obj)
 .text.z_impl_k_sleep
                0x0000000008009750       0x38 zephyr/kernel/libkernel.a(sched.c.obj)
                0x0000000008009750                z_impl_k_sleep
 .text.z_impl_k_sched_current_thread_query
                0x0000000008009788        0xc zephyr/kernel/libkernel.a(sched.c.obj)
                0x0000000008009788                z_impl_k_sched_current_thread_query
 .text.z_sched_wait
                0x0000000008009794       0x24 zephyr/kernel/libkernel.a(sched.c.obj)
                0x0000000008009794                z_sched_wait
 .text.slice_timeout
                0x00000000080097b8       0x20 zephyr/kernel/libkernel.a(timeslicing.c.obj)
 .text.thread_is_sliceable
                0x00000000080097d8       0x3c zephyr/kernel/libkernel.a(timeslicing.c.obj)
                0x00000000080097d8                thread_is_sliceable
 .text.z_reset_time_slice
                0x0000000008009814       0x50 zephyr/kernel/libkernel.a(timeslicing.c.obj)
                0x0000000008009814                z_reset_time_slice
 .text.z_time_slice
                0x0000000008009864       0x60 zephyr/kernel/libkernel.a(timeslicing.c.obj)
                0x0000000008009864                z_time_slice
 .text.z_thread_monitor_exit
                0x00000000080098c4       0x3c zephyr/kernel/libkernel.a(thread_monitor.c.obj)
                0x00000000080098c4                z_thread_monitor_exit
 .text.k_thread_foreach_unlocked
                0x0000000008009900       0x48 zephyr/kernel/libkernel.a(thread_monitor.c.obj)
                0x0000000008009900                k_thread_foreach_unlocked
 .text.z_data_copy
                0x0000000008009948       0x4c zephyr/kernel/libkernel.a(xip.c.obj)
                0x0000000008009948                z_data_copy
 .text.elapsed  0x0000000008009994       0x14 zephyr/kernel/libkernel.a(timeout.c.obj)
 .text.remove_timeout
                0x00000000080099a8       0x38 zephyr/kernel/libkernel.a(timeout.c.obj)
 .text.next_timeout
                0x00000000080099e0       0x40 zephyr/kernel/libkernel.a(timeout.c.obj)
 .text.z_add_timeout
                0x0000000008009a20       0xf4 zephyr/kernel/libkernel.a(timeout.c.obj)
                0x0000000008009a20                z_add_timeout
 .text.sys_clock_announce
                0x0000000008009b14       0xd4 zephyr/kernel/libkernel.a(timeout.c.obj)
                0x0000000008009b14                sys_clock_announce
 .text.sys_clock_tick_get
                0x0000000008009be8       0x30 zephyr/kernel/libkernel.a(timeout.c.obj)
                0x0000000008009be8                sys_clock_tick_get
 .text.z_timer_expiration_handler
                0x0000000008009c18       0xe0 zephyr/kernel/libkernel.a(timer.c.obj)
                0x0000000008009c18                z_timer_expiration_handler
 .text.z_impl_k_timer_start
                0x0000000008009cf8       0x74 zephyr/kernel/libkernel.a(timer.c.obj)
                0x0000000008009cf8                z_impl_k_timer_start
 .text.z_impl_k_poll
                0x0000000008009d6c       0xb0 zephyr/kernel/libkernel.a(poll.c.obj)
                0x0000000008009d6c                z_impl_k_poll
 .text.z_impl_k_poll_signal_raise
                0x0000000008009e1c       0x50 zephyr/kernel/libkernel.a(poll.c.obj)
                0x0000000008009e1c                z_impl_k_poll_signal_raise
 .text.k_thread_system_pool_assign
                0x0000000008009e6c        0xc zephyr/kernel/libkernel.a(mempool.c.obj)
                0x0000000008009e6c                k_thread_system_pool_assign
 .text.boot_banner
                0x0000000008009e78        0xc zephyr/kernel/libkernel.a(banner.c.obj)
                0x0000000008009e78                boot_banner
 .text.statics_init
                0x0000000008009e84       0x24 zephyr/kernel/libkernel.a(kheap.c.obj)
 .text.k_sys_work_q_init
                0x0000000008009ea8       0x34 zephyr/kernel/libkernel.a(system_work_q.c.obj)
 .text.work_queue_main
                0x0000000008009edc      0x144 zephyr/kernel/libkernel.a(work.c.obj)
 .text.submit_to_queue_locked
                0x000000000800a020       0xb0 zephyr/kernel/libkernel.a(work.c.obj)
 .text.k_work_queue_start
                0x000000000800a0d0       0x7c zephyr/kernel/libkernel.a(work.c.obj)
                0x000000000800a0d0                k_work_queue_start
 .text.puts     0x000000000800a14c       0x40 /opt/zephyr-sdk-0.16.8/arm-zephyr-eabi/bin/../lib/gcc/../../picolibc/arm-zephyr-eabi/lib/thumb/v7e-m/nofp/libc.a(libc_tinystdio_puts.c.o)
                0x000000000800a14c                puts
 .text.snprintf
                0x000000000800a18c       0x58 /opt/zephyr-sdk-0.16.8/arm-zephyr-eabi/bin/../lib/gcc/../../picolibc/arm-zephyr-eabi/lib/thumb/v7e-m/nofp/libc.a(libc_tinystdio_snprintf.c.o)
                0x000000000800a18c                snprintf
 .text.strtol   0x000000000800a1e4       0xec /opt/zephyr-sdk-0.16.8/arm-zephyr-eabi/bin/../lib/gcc/../../picolibc/arm-zephyr-eabi/lib/thumb/v7e-m/nofp/libc.a(libc_tinystdio_strtol.c.o)
                0x000000000800a1e4                strtol
 .text.strtoul  0x000000000800a2d0       0xcc /opt/zephyr-sdk-0.16.8/arm-zephyr-eabi/bin/../lib/gcc/../../picolibc/arm-zephyr-eabi/lib/thumb/v7e-m/nofp/libc.a(libc_tinystdio_strtoul.c.o)
                0x000000000800a2d0                strtoul
 .text.__l_vfprintf
                0x000000000800a39c      0x4b8 /opt/zephyr-sdk-0.16.8/arm-zephyr-eabi/bin/../lib/gcc/../../picolibc/arm-zephyr-eabi/lib/thumb/v7e-m/nofp/libc.a(libc_tinystdio_vflprintf.c.o)
                0x000000000800a39c                __l_vfprintf
 .text.sinf     0x000000000800a854       0x78 /opt/zephyr-sdk-0.16.8/arm-zephyr-eabi/bin/../lib/gcc/../../picolibc/arm-zephyr-eabi/lib/thumb/v7e-m/nofp/libc.a(libm_math_sf_sin.c.o)
                0x000000000800a854                _sinf
                0x000000000800a854                sinf
 .text.__math_invalidf
                0x000000000800a8cc       0x10 /opt/zephyr-sdk-0.16.8/arm-zephyr-eabi/bin/../lib/gcc/../../picolibc/arm-zephyr-eabi/lib/thumb/v7e-m/nofp/libc.a(libm_common_math_errf_invalidf.c.o)
                0x000000000800a8cc                __math_invalidf
 .text.__kernel_cosf
                0x000000000800a8dc       0xf4 /opt/zephyr-sdk-0.16.8/arm-zephyr-eabi/bin/../lib/gcc/../../picolibc/arm-zephyr-eabi/lib/thumb/v7e-m/nofp/libc.a(libm_math_kf_cos.c.o)
                0x000000000800a8dc                __kernel_cosf
 .text.__kernel_sinf
                0x000000000800a9d0       0xe4 /opt/zephyr-sdk-0.16.8/arm-zephyr-eabi/bin/../lib/gcc/../../picolibc/arm-zephyr-eabi/lib/thumb/v7e-m/nofp/libc.a(libm_math_kf_sin.c.o)
                0x000000000800a9d0                __kernel_sinf
 .text.__rem_pio2f
                0x000000000800aab4      0x2cc /opt/zephyr-sdk-0.16.8/arm-zephyr-eabi/bin/../lib/gcc/../../picolibc/arm-zephyr-eabi/lib/thumb/v7e-m/nofp/libc.a(libm_math_sf_rem_pio2.c.o)
                0x000000000800aab4                __rem_pio2f
 .text.__fpclassifyf
                0x000000000800ad80       0x34 /opt/zephyr-sdk-0.16.8/arm-zephyr-eabi/bin/../lib/gcc/../../picolibc/arm-zephyr-eabi/lib/thumb/v7e-m/nofp/libc.a(libm_common_sf_fpclassify.c.o)
                0x000000000800ad80                __fpclassifyf
 .text.__kernel_rem_pio2f
                0x000000000800adb4      0x55c /opt/zephyr-sdk-0.16.8/arm-zephyr-eabi/bin/../lib/gcc/../../picolibc/arm-zephyr-eabi/lib/thumb/v7e-m/nofp/libc.a(libm_math_kf_rem_pio2.c.o)
                0x000000000800adb4                __kernel_rem_pio2f
 .text.scalbnf  0x000000000800b310       0x88 /opt/zephyr-sdk-0.16.8/arm-zephyr-eabi/bin/../lib/gcc/../../picolibc/arm-zephyr-eabi/lib/thumb/v7e-m/nofp/libc.a(libm_common_sf_scalbn.c.o)
                0x000000000800b310                ldexpf
                0x000000000800b310                scalbnf
 .text.__math_oflowf
                0x000000000800b398       0x10 /opt/zephyr-sdk-0.16.8/arm-zephyr-eabi/bin/../lib/gcc/../../picolibc/arm-zephyr-eabi/lib/thumb/v7e-m/nofp/libc.a(libm_common_math_errf_oflowf.c.o)
                0x000000000800b398                __math_oflowf
 .text.floorf   0x000000000800b3a8       0x60 /opt/zephyr-sdk-0.16.8/arm-zephyr-eabi/bin/../lib/gcc/../../picolibc/arm-zephyr-eabi/lib/thumb/v7e-m/nofp/libc.a(libm_machine_arm_sf_floor.c.o)
                0x000000000800b3a8                floorf
 .text._OffsetAbsSyms
                0x000000000800b408        0x2 zephyr/CMakeFiles/offsets.dir/./arch/arm/core/offsets/offsets.c.obj
                0x000000000800b408                _OffsetAbsSyms
 .text.aic3120Init
                0x000000000800b40a       0xf6 app/libapp.a(main.c.obj)
                0x000000000800b40a                aic3120Init
 .text.chunk_field
                0x000000000800b500       0x16 zephyr/libzephyr.a(heap.c.obj)
 .text.chunk_set
                0x000000000800b516       0x16 zephyr/libzephyr.a(heap.c.obj)
 .text.chunk_size
                0x000000000800b52c        0xc zephyr/libzephyr.a(heap.c.obj)
 .text.set_chunk_used
                0x000000000800b538       0x30 zephyr/libzephyr.a(heap.c.obj)
 .text.set_chunk_size
                0x000000000800b568        0x8 zephyr/libzephyr.a(heap.c.obj)
 .text.bucket_idx.isra.0
                0x000000000800b570       0x1e zephyr/libzephyr.a(heap.c.obj)
 .text.free_list_add
                0x000000000800b58e       0x84 zephyr/libzephyr.a(heap.c.obj)
 .text.sys_heap_init
                0x000000000800b612       0xb0 zephyr/libzephyr.a(heap.c.obj)
                0x000000000800b612                sys_heap_init
 .text.cbpprintf_external
                0x000000000800b6c2       0x62 zephyr/libzephyr.a(cbprintf_packaged.c.obj)
                0x000000000800b6c2                cbpprintf_external
 .text.is_ptr   0x000000000800b724       0x4a zephyr/libzephyr.a(cbprintf_packaged.c.obj)
                0x000000000800b724                is_ptr
 .text.arch_printk_char_out
                0x000000000800b76e        0x4 zephyr/libzephyr.a(printk.c.obj)
                0x000000000800b76e                arch_printk_char_out
 .text.printk   0x000000000800b772       0x1a zephyr/libzephyr.a(printk.c.obj)
                0x000000000800b772                printk
 .text.free_space
                0x000000000800b78c       0x26 zephyr/libzephyr.a(mpsc_pbuf.c.obj)
 .text.get_usage
                0x000000000800b7b2       0x22 zephyr/libzephyr.a(mpsc_pbuf.c.obj)
 .text.idx_inc  0x000000000800b7d4       0x1c zephyr/libzephyr.a(mpsc_pbuf.c.obj)
 .text.rd_idx_inc
                0x000000000800b7f0       0x18 zephyr/libzephyr.a(mpsc_pbuf.c.obj)
 .text.add_skip_item
                0x000000000800b808       0x3a zephyr/libzephyr.a(mpsc_pbuf.c.obj)
 .text.drop_item_locked
                0x000000000800b842       0xee zephyr/libzephyr.a(mpsc_pbuf.c.obj)
 .text.post_drop_action
                0x000000000800b930       0x36 zephyr/libzephyr.a(mpsc_pbuf.c.obj)
 .text.max_utilization_update
                0x000000000800b966       0x1a zephyr/libzephyr.a(mpsc_pbuf.c.obj)
 .text.mpsc_pbuf_init
                0x000000000800b980       0x42 zephyr/libzephyr.a(mpsc_pbuf.c.obj)
                0x000000000800b980                mpsc_pbuf_init
 .text.mpsc_pbuf_alloc
                0x000000000800b9c2       0xf8 zephyr/libzephyr.a(mpsc_pbuf.c.obj)
                0x000000000800b9c2                mpsc_pbuf_alloc
 .text.mpsc_pbuf_commit
                0x000000000800baba       0x3e zephyr/libzephyr.a(mpsc_pbuf.c.obj)
                0x000000000800baba                mpsc_pbuf_commit
 .text.mpsc_pbuf_claim
                0x000000000800baf8       0xa8 zephyr/libzephyr.a(mpsc_pbuf.c.obj)
                0x000000000800baf8                mpsc_pbuf_claim
 .text.mpsc_pbuf_free
                0x000000000800bba0       0x76 zephyr/libzephyr.a(mpsc_pbuf.c.obj)
                0x000000000800bba0                mpsc_pbuf_free
 .text.mpsc_pbuf_is_pending
                0x000000000800bc16       0x32 zephyr/libzephyr.a(mpsc_pbuf.c.obj)
                0x000000000800bc16                mpsc_pbuf_is_pending
 .text.ring_buf_put_claim
                0x000000000800bc48       0x40 zephyr/libzephyr.a(ring_buffer.c.obj)
                0x000000000800bc48                ring_buf_put_claim
 .text.ring_buf_put_finish
                0x000000000800bc88       0x2a zephyr/libzephyr.a(ring_buffer.c.obj)
                0x000000000800bc88                ring_buf_put_finish
 .text.ring_buf_put
                0x000000000800bcb2       0x3e zephyr/libzephyr.a(ring_buffer.c.obj)
                0x000000000800bcb2                ring_buf_put
 .text.ring_buf_get_claim
                0x000000000800bcf0       0x3e zephyr/libzephyr.a(ring_buffer.c.obj)
                0x000000000800bcf0                ring_buf_get_claim
 .text.ring_buf_get_finish
                0x000000000800bd2e       0x2a zephyr/libzephyr.a(ring_buffer.c.obj)
                0x000000000800bd2e                ring_buf_get_finish
 .text.ring_buf_get
                0x000000000800bd58       0x40 zephyr/libzephyr.a(ring_buffer.c.obj)
                0x000000000800bd58                ring_buf_get
 .text._ConfigAbsSyms
                0x000000000800bd98        0x2 zephyr/libzephyr.a(configs.c.obj)
                0x000000000800bd98                _ConfigAbsSyms
 .text.log_msg_generic_get_wlen
                0x000000000800bd9a       0x20 zephyr/libzephyr.a(log_core.c.obj)
 .text.dummy_timestamp
                0x000000000800bdba        0x4 zephyr/libzephyr.a(log_core.c.obj)
 .text.atomic_inc
                0x000000000800bdbe       0x1a zephyr/libzephyr.a(log_core.c.obj)
 .text.default_lf_get_timestamp
                0x000000000800bdd8       0x10 zephyr/libzephyr.a(log_core.c.obj)
 .text.z_log_vprintk
                0x000000000800bde8       0x1c zephyr/libzephyr.a(log_core.c.obj)
                0x000000000800bde8                z_log_vprintk
 .text.z_log_notify_drop
                0x000000000800be04        0x6 zephyr/libzephyr.a(log_core.c.obj)
 .text.z_log_get_tag
                0x000000000800be0a        0x4 zephyr/libzephyr.a(log_core.c.obj)
                0x000000000800be0a                z_log_get_tag
 .text.z_impl_log_filter_set
                0x000000000800be0e       0x10 zephyr/libzephyr.a(log_mgmt.c.obj)
                0x000000000800be0e                z_impl_log_filter_set
 .text.log_backend_disable
                0x000000000800be1e       0x18 zephyr/libzephyr.a(log_mgmt.c.obj)
                0x000000000800be1e                log_backend_disable
 .text.z_cbprintf_cpy
                0x000000000800be36       0x2c zephyr/libzephyr.a(log_msg.c.obj)
 .text.z_log_msg_finalize
                0x000000000800be62       0x32 zephyr/libzephyr.a(log_msg.c.obj)
                0x000000000800be62                z_log_msg_finalize
 .text.z_log_msg_simple_create
                0x000000000800be94       0x6e zephyr/libzephyr.a(log_msg.c.obj)
 .text.z_impl_z_log_msg_simple_create_0
                0x000000000800bf02       0x12 zephyr/libzephyr.a(log_msg.c.obj)
                0x000000000800bf02                z_impl_z_log_msg_simple_create_0
 .text.z_impl_z_log_msg_simple_create_1
                0x000000000800bf14       0x14 zephyr/libzephyr.a(log_msg.c.obj)
                0x000000000800bf14                z_impl_z_log_msg_simple_create_1
 .text.log_output_write
                0x000000000800bf28       0x1c zephyr/libzephyr.a(log_output.c.obj)
 .text.log_output_flush
                0x000000000800bf44       0x1a zephyr/libzephyr.a(log_output.c.obj)
 .text.out_func
                0x000000000800bf5e       0x36 zephyr/libzephyr.a(log_output.c.obj)
 .text.cr_out_func
                0x000000000800bf94       0x1c zephyr/libzephyr.a(log_output.c.obj)
 .text.log_output_msg_process
                0x000000000800bfb0       0x6c zephyr/libzephyr.a(log_output.c.obj)
                0x000000000800bfb0                log_output_msg_process
 .text.cmd_kernel_reboot_cold
                0x000000000800c01c        0x8 zephyr/libzephyr.a(reboot.c.obj)
 .text.cmd_kernel_reboot_warm
                0x000000000800c024        0x8 zephyr/libzephyr.a(reboot.c.obj)
 .text.log_msg_generic_get_wlen
                0x000000000800c02c       0x20 zephyr/libzephyr.a(shell_uart.c.obj)
 .text.uart_irq_tx_disable
                0x000000000800c04c        0xa zephyr/libzephyr.a(shell_uart.c.obj)
 .text.enable   0x000000000800c056       0x12 zephyr/libzephyr.a(shell_uart.c.obj)
 .text.read_uart
                0x000000000800c068       0x12 zephyr/libzephyr.a(shell_uart.c.obj)
 .text.uninit   0x000000000800c07a       0x20 zephyr/libzephyr.a(shell_uart.c.obj)
 .text.write_uart
                0x000000000800c09a       0x6c zephyr/libzephyr.a(shell_uart.c.obj)
 .text.cmd_buffer_clear
                0x000000000800c106       0x16 zephyr/libzephyr.a(shell.c.obj)
 .text.atomic_or
                0x000000000800c11c       0x1e zephyr/libzephyr.a(shell.c.obj)
 .text.atomic_and
                0x000000000800c13a       0x1e zephyr/libzephyr.a(shell.c.obj)
 .text.k_mutex_lock
                0x000000000800c158        0x4 zephyr/libzephyr.a(shell.c.obj)
 .text.shell_signal_handle
                0x000000000800c15c       0x2c zephyr/libzephyr.a(shell.c.obj)
 .text.z_shell_raw_fprintf
                0x000000000800c188       0x1a zephyr/libzephyr.a(shell.c.obj)
 .text.z_shell_strlen
                0x000000000800c1a2        0xc zephyr/libzephyr.a(shell.c.obj)
 .text.transport_evt_handler
                0x000000000800c1ae       0x14 zephyr/libzephyr.a(shell.c.obj)
 .text.z_flag_cmd_ctx_set.isra.0
                0x000000000800c1c2       0x16 zephyr/libzephyr.a(shell.c.obj)
 .text.z_flag_history_exit_set.isra.0
                0x000000000800c1d8       0x14 zephyr/libzephyr.a(shell.c.obj)
 .text.z_flag_insert_mode_set.isra.0
                0x000000000800c1ec       0x1e zephyr/libzephyr.a(shell.c.obj)
 .text.k_mutex_unlock.isra.0
                0x000000000800c20a        0x4 zephyr/libzephyr.a(shell.c.obj)
 .text.shell_log_process
                0x000000000800c20e       0x48 zephyr/libzephyr.a(shell.c.obj)
 .text.shell_start
                0x000000000800c256       0x66 zephyr/libzephyr.a(shell.c.obj)
                0x000000000800c256                shell_start
 .text.shell_vfprintf
                0x000000000800c2bc       0x8a zephyr/libzephyr.a(shell.c.obj)
                0x000000000800c2bc                shell_vfprintf
 .text.shell_fprintf_impl
                0x000000000800c346       0x1a zephyr/libzephyr.a(shell.c.obj)
                0x000000000800c346                shell_fprintf_impl
 .text.shell_fprintf_normal
                0x000000000800c360       0x1c zephyr/libzephyr.a(shell.c.obj)
                0x000000000800c360                shell_fprintf_normal
 .text.shell_fprintf_warn
                0x000000000800c37c       0x1c zephyr/libzephyr.a(shell.c.obj)
                0x000000000800c37c                shell_fprintf_warn
 .text.shell_fprintf_error
                0x000000000800c398       0x1c zephyr/libzephyr.a(shell.c.obj)
                0x000000000800c398                shell_fprintf_error
 .text.shell_prompt_change
                0x000000000800c3b4       0x5a zephyr/libzephyr.a(shell.c.obj)
                0x000000000800c3b4                shell_prompt_change
 .text.shell_help
                0x000000000800c40e       0x2a zephyr/libzephyr.a(shell.c.obj)
                0x000000000800c40e                shell_help
 .text.shell_get_return_value
                0x000000000800c438       0x10 zephyr/libzephyr.a(shell.c.obj)
                0x000000000800c438                shell_get_return_value
 .text.shell_set_bypass
                0x000000000800c448        0xc zephyr/libzephyr.a(shell.c.obj)
                0x000000000800c448                shell_set_bypass
 .text.z_shell_fprintf_buffer_flush
                0x000000000800c454       0x18 zephyr/libzephyr.a(shell_fprintf.c.obj)
                0x000000000800c454                z_shell_fprintf_buffer_flush
 .text.out_func
                0x000000000800c46c       0x3c zephyr/libzephyr.a(shell_fprintf.c.obj)
 .text.z_shell_strlen
                0x000000000800c4a8        0xc zephyr/libzephyr.a(shell_utils.c.obj)
 .text.z_column_span_with_buffer_offsets_get
                0x000000000800c4b4       0x1e zephyr/libzephyr.a(shell_utils.c.obj)
                0x000000000800c4b4                z_column_span_with_buffer_offsets_get
 .text.z_row_span_with_buffer_offsets_get
                0x000000000800c4d2       0x16 zephyr/libzephyr.a(shell_utils.c.obj)
                0x000000000800c4d2                z_row_span_with_buffer_offsets_get
 .text.z_shell_multiline_data_calc
                0x000000000800c4e8       0x2c zephyr/libzephyr.a(shell_utils.c.obj)
                0x000000000800c4e8                z_shell_multiline_data_calc
 .text.z_shell_make_argv
                0x000000000800c514      0x1a0 zephyr/libzephyr.a(shell_utils.c.obj)
                0x000000000800c514                z_shell_make_argv
 .text.z_shell_pattern_remove
                0x000000000800c6b4       0x4e zephyr/libzephyr.a(shell_utils.c.obj)
                0x000000000800c6b4                z_shell_pattern_remove
 .text.z_shell_find_cmd
                0x000000000800c702       0x58 zephyr/libzephyr.a(shell_utils.c.obj)
                0x000000000800c702                z_shell_find_cmd
 .text.z_shell_get_last_command
                0x000000000800c75a       0x5c zephyr/libzephyr.a(shell_utils.c.obj)
                0x000000000800c75a                z_shell_get_last_command
 .text.z_shell_spaces_trim
                0x000000000800c7b6       0x60 zephyr/libzephyr.a(shell_utils.c.obj)
                0x000000000800c7b6                z_shell_spaces_trim
 .text.z_shell_cmd_trim
                0x000000000800c816       0x74 zephyr/libzephyr.a(shell_utils.c.obj)
                0x000000000800c816                z_shell_cmd_trim
 .text.z_shell_raw_fprintf
                0x000000000800c88a       0x1a zephyr/libzephyr.a(shell_ops.c.obj)
 .text.full_line_cmd.isra.0
                0x000000000800c8a4       0x24 zephyr/libzephyr.a(shell_ops.c.obj)
 .text.z_shell_cursor_in_empty_line
                0x000000000800c8c8       0x2e zephyr/libzephyr.a(shell_ops.c.obj)
                0x000000000800c8c8                z_shell_cursor_in_empty_line
 .text.z_shell_op_cond_next_line
                0x000000000800c8f6       0x1e zephyr/libzephyr.a(shell_ops.c.obj)
                0x000000000800c8f6                z_shell_op_cond_next_line
 .text.z_shell_op_cursor_position_synchronize
                0x000000000800c914       0x4a zephyr/libzephyr.a(shell_ops.c.obj)
                0x000000000800c914                z_shell_op_cursor_position_synchronize
 .text.z_shell_op_cursor_move
                0x000000000800c95e       0x50 zephyr/libzephyr.a(shell_ops.c.obj)
                0x000000000800c95e                z_shell_op_cursor_move
 .text.z_shell_op_cursor_word_move
                0x000000000800c9ae       0x7c zephyr/libzephyr.a(shell_ops.c.obj)
                0x000000000800c9ae                z_shell_op_cursor_word_move
 .text.z_shell_op_cursor_home_move
                0x000000000800ca2a        0xe zephyr/libzephyr.a(shell_ops.c.obj)
                0x000000000800ca2a                z_shell_op_cursor_home_move
 .text.z_shell_op_cursor_end_move
                0x000000000800ca38       0x12 zephyr/libzephyr.a(shell_ops.c.obj)
                0x000000000800ca38                z_shell_op_cursor_end_move
 .text.z_shell_op_left_arrow
                0x000000000800ca4a       0x12 zephyr/libzephyr.a(shell_ops.c.obj)
                0x000000000800ca4a                z_shell_op_left_arrow
 .text.z_shell_op_right_arrow
                0x000000000800ca5c       0x16 zephyr/libzephyr.a(shell_ops.c.obj)
                0x000000000800ca5c                z_shell_op_right_arrow
 .text.z_shell_op_delete_from_cursor
                0x000000000800ca72       0x1c zephyr/libzephyr.a(shell_ops.c.obj)
                0x000000000800ca72                z_shell_op_delete_from_cursor
 .text.z_shell_cmd_line_erase
                0x000000000800ca8e       0x36 zephyr/libzephyr.a(shell_ops.c.obj)
                0x000000000800ca8e                z_shell_cmd_line_erase
 .text.z_shell_write
                0x000000000800cac4       0x88 zephyr/libzephyr.a(shell_ops.c.obj)
                0x000000000800cac4                z_shell_write
 .text.z_shell_print_stream
                0x000000000800cb4c        0x4 zephyr/libzephyr.a(shell_ops.c.obj)
                0x000000000800cb4c                z_shell_print_stream
 .text.z_shell_vfprintf
                0x000000000800cb50       0x4a zephyr/libzephyr.a(shell_ops.c.obj)
                0x000000000800cb50                z_shell_vfprintf
 .text.z_shell_fprintf
                0x000000000800cb9a       0x1a zephyr/libzephyr.a(shell_ops.c.obj)
                0x000000000800cb9a                z_shell_fprintf
 .text.data_insert
                0x000000000800cbb4       0x74 zephyr/libzephyr.a(shell_ops.c.obj)
 .text.z_shell_op_completion_insert
                0x000000000800cc28        0x4 zephyr/libzephyr.a(shell_ops.c.obj)
                0x000000000800cc28                z_shell_op_completion_insert
 .text.z_shell_op_char_delete
                0x000000000800cc2c       0x3e zephyr/libzephyr.a(shell_ops.c.obj)
                0x000000000800cc2c                z_shell_op_char_delete
 .text.z_shell_op_char_backspace
                0x000000000800cc6a       0x26 zephyr/libzephyr.a(shell_ops.c.obj)
                0x000000000800cc6a                z_shell_op_char_backspace
 .text.z_shell_backend_rx_buffer_flush
                0x000000000800cc90       0x2a zephyr/libzephyr.a(shell_ops.c.obj)
                0x000000000800cc90                z_shell_backend_rx_buffer_flush
 .text.process_msg_from_buffer
                0x000000000800ccba       0x34 zephyr/libzephyr.a(shell_log_backend.c.obj)
 .text.dropped  0x000000000800ccee       0x38 zephyr/libzephyr.a(shell_log_backend.c.obj)
 .text.process  0x000000000800cd26      0x12a zephyr/libzephyr.a(shell_log_backend.c.obj)
 .text.z_shell_log_backend_output_func
                0x000000000800ce50       0x14 zephyr/libzephyr.a(shell_log_backend.c.obj)
                0x000000000800ce50                z_shell_log_backend_output_func
 .text.z_shell_log_backend_enable
                0x000000000800ce64       0x2e zephyr/libzephyr.a(shell_log_backend.c.obj)
                0x000000000800ce64                z_shell_log_backend_enable
 .text.z_shell_log_backend_disable
                0x000000000800ce92       0x12 zephyr/libzephyr.a(shell_log_backend.c.obj)
                0x000000000800ce92                z_shell_log_backend_disable
 .text.panic    0x000000000800cea4       0x72 zephyr/libzephyr.a(shell_log_backend.c.obj)
 .text.z_shell_log_backend_process
                0x000000000800cf16       0x66 zephyr/libzephyr.a(shell_log_backend.c.obj)
                0x000000000800cf16                z_shell_log_backend_process
 .text.z_shell_raw_fprintf
                0x000000000800cf7c       0x1a zephyr/libzephyr.a(shell_help.c.obj)
 .text.formatted_text_print.constprop.0
                0x000000000800cf96       0xe2 zephyr/libzephyr.a(shell_help.c.obj)
 .text.cmd_comment
                0x000000000800d078        0x4 zephyr/libzephyr.a(shell_cmds.c.obj)
 .text.cmd_shell_stats_reset
                0x000000000800d07c        0x8 zephyr/libzephyr.a(shell_cmds.c.obj)
 .text.z_shell_raw_fprintf
                0x000000000800d084       0x1a zephyr/libzephyr.a(shell_cmds.c.obj)
 .text.cmd_prompt_on
                0x000000000800d09e        0xc zephyr/libzephyr.a(shell_cmds.c.obj)
 .text.cmd_vt100_off
                0x000000000800d0aa       0x22 zephyr/libzephyr.a(shell_cmds.c.obj)
 .text.cmd_bacskpace_mode_delete
                0x000000000800d0cc       0x22 zephyr/libzephyr.a(shell_cmds.c.obj)
 .text.cmd_colors_off
                0x000000000800d0ee       0x22 zephyr/libzephyr.a(shell_cmds.c.obj)
 .text.cmd_bacskpace_mode_backspace
                0x000000000800d110       0x22 zephyr/libzephyr.a(shell_cmds.c.obj)
 .text.cmd_echo_off
                0x000000000800d132       0x22 zephyr/libzephyr.a(shell_cmds.c.obj)
 .text.cmd_colors_on
                0x000000000800d154       0x22 zephyr/libzephyr.a(shell_cmds.c.obj)
 .text.cmd_vt100_on
                0x000000000800d176       0x22 zephyr/libzephyr.a(shell_cmds.c.obj)
 .text.cmd_echo_on
                0x000000000800d198       0x22 zephyr/libzephyr.a(shell_cmds.c.obj)
 .text.remove_from_tail.part.0
                0x000000000800d1ba       0x24 zephyr/libzephyr.a(shell_history.c.obj)
 .text.z_shell_history_mode_exit
                0x000000000800d1de        0x6 zephyr/libzephyr.a(shell_history.c.obj)
                0x000000000800d1de                z_shell_history_mode_exit
 .text.z_shell_history_get
                0x000000000800d1e4       0x56 zephyr/libzephyr.a(shell_history.c.obj)
                0x000000000800d1e4                z_shell_history_get
 .text.z_shell_history_purge
                0x000000000800d23a       0x18 zephyr/libzephyr.a(shell_history.c.obj)
                0x000000000800d23a                z_shell_history_purge
 .text.z_shell_history_put
                0x000000000800d252       0xd0 zephyr/libzephyr.a(shell_history.c.obj)
                0x000000000800d252                z_shell_history_put
 .text.z_shell_history_init
                0x000000000800d322        0xc zephyr/libzephyr.a(shell_history.c.obj)
                0x000000000800d322                z_shell_history_init
 .text.z_shell_has_wildcard
                0x000000000800d32e       0x28 zephyr/libzephyr.a(shell_wildcard.c.obj)
                0x000000000800d32e                z_shell_has_wildcard
 .text.z_shell_wildcard_prepare
                0x000000000800d356       0x3a zephyr/libzephyr.a(shell_wildcard.c.obj)
                0x000000000800d356                z_shell_wildcard_prepare
 .text.z_shell_wildcard_finalize
                0x000000000800d390       0x20 zephyr/libzephyr.a(shell_wildcard.c.obj)
                0x000000000800d390                z_shell_wildcard_finalize
 .text.z_do_kernel_oops
                0x000000000800d3b0        0x8 zephyr/arch/arch/arm/core/libarch__arm__core.a(fatal.c.obj)
                0x000000000800d3b0                z_do_kernel_oops
 .text.z_log_msg_simple_create_0.constprop.0
                0x000000000800d3b8        0x8 zephyr/arch/arch/arm/core/cortex_m/libarch__arm__core__cortex_m.a(fault.c.obj)
 .text.z_irq_spurious
                0x000000000800d3c0        0x8 zephyr/arch/arch/arm/core/cortex_m/libarch__arm__core__cortex_m.a(irq_manage.c.obj)
                0x000000000800d3c0                z_irq_spurious
 .text.arch_irq_unlock_outlined
                0x000000000800d3c8        0xe zephyr/arch/arch/arm/core/cortex_m/libarch__arm__core__cortex_m.a(thread.c.obj)
                0x000000000800d3c8                arch_irq_unlock_outlined
 .text.arch_cpu_idle
                0x000000000800d3d6       0x1a zephyr/arch/arch/arm/core/cortex_m/libarch__arm__core__cortex_m.a(cpu_idle.c.obj)
                0x000000000800d3d6                arch_cpu_idle
 .text.arch_cache_init
                0x000000000800d3f0        0x2 zephyr/arch/arch/arm/core/cortex_m/libarch__arm__core__cortex_m.a(cache.c.obj)
                0x000000000800d3f0                arch_cache_init
 .text.size_to_mpu_rasr_size
                0x000000000800d3f2       0x20 zephyr/arch/arch/arm/core/mpu/libarch__arm__core__mpu.a(arm_mpu.c.obj)
 .text.cbputc   0x000000000800d412        0xc zephyr/lib/libc/picolibc/liblib__libc__picolibc.a(libc-hooks.c.obj)
 .text.picolibc_put
                0x000000000800d41e        0xa zephyr/lib/libc/picolibc/liblib__libc__picolibc.a(libc-hooks.c.obj)
 .text.foldcase
                0x000000000800d428       0x10 zephyr/lib/posix/options/liblib__posix__options.a(fnmatch.c.obj)
 .text.fnmatchx
                0x000000000800d438      0x23a zephyr/lib/posix/options/liblib__posix__options.a(fnmatch.c.obj)
 .text.fnmatch  0x000000000800d672        0x6 zephyr/lib/posix/options/liblib__posix__options.a(fnmatch.c.obj)
                0x000000000800d672                fnmatch
 .text.stm32_gpio_intc_get_pin_irq_line
                0x000000000800d678        0x6 zephyr/drivers/interrupt_controller/libdrivers__interrupt_controller.a(intc_exti_stm32.c.obj)
                0x000000000800d678                stm32_gpio_intc_get_pin_irq_line
 .text.stm32_gpio_intc_disable_line
                0x000000000800d67e       0x12 zephyr/drivers/interrupt_controller/libdrivers__interrupt_controller.a(intc_exti_stm32.c.obj)
                0x000000000800d67e                stm32_gpio_intc_disable_line
 .text.stm32_gpio_intc_select_line_trigger
                0x000000000800d690       0x52 zephyr/drivers/interrupt_controller/libdrivers__interrupt_controller.a(intc_exti_stm32.c.obj)
                0x000000000800d690                stm32_gpio_intc_select_line_trigger
 .text.stm32_exti_set_line_src_port
                0x000000000800d6e2       0x3c zephyr/drivers/interrupt_controller/libdrivers__interrupt_controller.a(intc_exti_stm32.c.obj)
                0x000000000800d6e2                stm32_exti_set_line_src_port
 .text.stm32_clock_control_on
                0x000000000800d71e       0x38 zephyr/drivers/clock_control/libdrivers__clock_control.a(clock_stm32_ll_h7.c.obj)
 .text.stm32_clock_control_off
                0x000000000800d756       0x26 zephyr/drivers/clock_control/libdrivers__clock_control.a(clock_stm32_ll_h7.c.obj)
 .text.enabled_clock
                0x000000000800d77c       0x18 zephyr/drivers/clock_control/libdrivers__clock_control.a(clock_stm32_ll_h7.c.obj)
                0x000000000800d77c                enabled_clock
 .text.stm32_clock_control_configure
                0x000000000800d794       0x4c zephyr/drivers/clock_control/libdrivers__clock_control.a(clock_stm32_ll_h7.c.obj)
 .text.dma_stm32_config_irq_0
                0x000000000800d7e0       0x86 zephyr/drivers/dma/libdrivers__dma.a(dma_stm32.c.obj)
 .text.dma_stm32_config_irq_1
                0x000000000800d866       0x86 zephyr/drivers/dma/libdrivers__dma.a(dma_stm32.c.obj)
 .text.z_log_msg_simple_create_1.constprop.0
                0x000000000800d8ec        0xa zephyr/drivers/dma/libdrivers__dma.a(dma_stm32.c.obj)
 .text.dma_stm32_disable_stream
                0x000000000800d8f6       0x28 zephyr/drivers/dma/libdrivers__dma.a(dma_stm32.c.obj)
 .text.dma_stm32_clear_stream_irq.isra.0
                0x000000000800d91e       0x20 zephyr/drivers/dma/libdrivers__dma.a(dma_stm32.c.obj)
 .text.dma_stm32_start
                0x000000000800d93e       0x3e zephyr/drivers/dma/libdrivers__dma.a(dma_stm32.c.obj)
                0x000000000800d93e                dma_stm32_start
 .text.dma_stm32_irq_0_0
                0x000000000800d97c        0x6 zephyr/drivers/dma/libdrivers__dma.a(dma_stm32.c.obj)
 .text.dma_stm32_irq_1_0
                0x000000000800d982        0x4 zephyr/drivers/dma/libdrivers__dma.a(dma_stm32.c.obj)
 .text.dma_stm32_irq_0_1
                0x000000000800d986        0x6 zephyr/drivers/dma/libdrivers__dma.a(dma_stm32.c.obj)
 .text.dma_stm32_irq_1_1
                0x000000000800d98c        0x4 zephyr/drivers/dma/libdrivers__dma.a(dma_stm32.c.obj)
 .text.dma_stm32_irq_0_2
                0x000000000800d990        0x6 zephyr/drivers/dma/libdrivers__dma.a(dma_stm32.c.obj)
 .text.dma_stm32_irq_1_2
                0x000000000800d996        0x4 zephyr/drivers/dma/libdrivers__dma.a(dma_stm32.c.obj)
 .text.dma_stm32_irq_0_3
                0x000000000800d99a        0x6 zephyr/drivers/dma/libdrivers__dma.a(dma_stm32.c.obj)
 .text.dma_stm32_irq_1_3
                0x000000000800d9a0        0x4 zephyr/drivers/dma/libdrivers__dma.a(dma_stm32.c.obj)
 .text.dma_stm32_irq_0_4
                0x000000000800d9a4        0x6 zephyr/drivers/dma/libdrivers__dma.a(dma_stm32.c.obj)
 .text.dma_stm32_irq_1_4
                0x000000000800d9aa        0x4 zephyr/drivers/dma/libdrivers__dma.a(dma_stm32.c.obj)
 .text.dma_stm32_irq_0_5
                0x000000000800d9ae        0x6 zephyr/drivers/dma/libdrivers__dma.a(dma_stm32.c.obj)
 .text.dma_stm32_irq_1_5
                0x000000000800d9b4        0x4 zephyr/drivers/dma/libdrivers__dma.a(dma_stm32.c.obj)
 .text.dma_stm32_irq_0_6
                0x000000000800d9b8        0x6 zephyr/drivers/dma/libdrivers__dma.a(dma_stm32.c.obj)
 .text.dma_stm32_irq_1_6
                0x000000000800d9be        0x4 zephyr/drivers/dma/libdrivers__dma.a(dma_stm32.c.obj)
 .text.dma_stm32_irq_0_7
                0x000000000800d9c2        0x6 zephyr/drivers/dma/libdrivers__dma.a(dma_stm32.c.obj)
 .text.dma_stm32_irq_1_7
                0x000000000800d9c8        0x4 zephyr/drivers/dma/libdrivers__dma.a(dma_stm32.c.obj)
 .text.LL_DMA_IsActiveFlag_HT0
                0x000000000800d9cc        0x8 zephyr/drivers/dma/libdrivers__dma.a(dma_stm32_v1.c.obj)
 .text.LL_DMA_IsActiveFlag_HT1
                0x000000000800d9d4        0x8 zephyr/drivers/dma/libdrivers__dma.a(dma_stm32_v1.c.obj)
 .text.LL_DMA_IsActiveFlag_HT2
                0x000000000800d9dc        0x8 zephyr/drivers/dma/libdrivers__dma.a(dma_stm32_v1.c.obj)
 .text.LL_DMA_IsActiveFlag_HT3
                0x000000000800d9e4        0x8 zephyr/drivers/dma/libdrivers__dma.a(dma_stm32_v1.c.obj)
 .text.LL_DMA_IsActiveFlag_HT4