Archive member included to satisfy reference by file (symbol)

app/libapp.a(main.c.obj)      (--whole-archive)
app/libapp.a(wav_reader.c.obj)
                              (--whole-archive)
zephyr/libzephyr.a(heap.c.obj)
                              (--whole-archive)
zephyr/libzephyr.a(cbprintf_packaged.c.obj)
                              (--whole-archive)
zephyr/libzephyr.a(printk.c.obj)
                              (--whole-archive)
zephyr/libzephyr.a(sem.c.obj)
                              (--whole-archive)
zephyr/libzephyr.a(thread_entry.c.obj)
                              (--whole-archive)
zephyr/libzephyr.a(cbprintf_complete.c.obj)
                              (--whole-archive)
zephyr/libzephyr.a(assert.c.obj)
                              (--whole-archive)
zephyr/libzephyr.a(mpsc_pbuf.c.obj)
                              (--whole-archive)
zephyr/libzephyr.a(reboot.c.obj)
                              (--whole-archive)
zephyr/libzephyr.a(dec.c.obj)
                              (--whole-archive)
zephyr/libzephyr.a(hex.c.obj)
                              (--whole-archive)
zephyr/libzephyr.a(rb.c.obj)  (--whole-archive)
zephyr/libzephyr.a(timeutil.c.obj)
                              (--whole-archive)
zephyr/libzephyr.a(bitarray.c.obj)
                              (--whole-archive)
zephyr/libzephyr.a(ring_buffer.c.obj)
                              (--whole-archive)
zephyr/libzephyr.a(configs.c.obj)
                              (--whole-archive)
zephyr/libzephyr.a(stm32cube_hal.c.obj)
                              (--whole-archive)
zephyr/libzephyr.a(soc_config.c.obj)
                              (--whole-archive)
zephyr/libzephyr.a(soc_m7.c.obj)
                              (--whole-archive)
zephyr/libzephyr.a(mpu_regions.c.obj)
                              (--whole-archive)
zephyr/libzephyr.a(log_core.c.obj)
                              (--whole-archive)
zephyr/libzephyr.a(log_mgmt.c.obj)
                              (--whole-archive)
zephyr/libzephyr.a(log_cache.c.obj)
                              (--whole-archive)
zephyr/libzephyr.a(log_msg.c.obj)
                              (--whole-archive)
zephyr/libzephyr.a(log_output.c.obj)
                              (--whole-archive)
zephyr/libzephyr.a(mem_attr.c.obj)
                              (--whole-archive)
zephyr/libzephyr.a(tracing_none.c.obj)
                              (--whole-archive)
zephyr/libzephyr.a(disk_access.c.obj)
                              (--whole-archive)
zephyr/libzephyr.a(kernel_shell.c.obj)
                              (--whole-archive)
zephyr/libzephyr.a(cycles.c.obj)
                              (--whole-archive)
zephyr/libzephyr.a(sleep.c.obj)
                              (--whole-archive)
zephyr/libzephyr.a(uptime.c.obj)
                              (--whole-archive)
zephyr/libzephyr.a(version.c.obj)
                              (--whole-archive)
zephyr/libzephyr.a(log-level.c.obj)
                              (--whole-archive)
zephyr/libzephyr.a(reboot.c.obj)
                              (--whole-archive)
zephyr/libzephyr.a(thread.c.obj)
                              (--whole-archive)
zephyr/libzephyr.a(list.c.obj)
                              (--whole-archive)
zephyr/libzephyr.a(stacks.c.obj)
                              (--whole-archive)
zephyr/libzephyr.a(device_service.c.obj)
                              (--whole-archive)
zephyr/libzephyr.a(devmem_service.c.obj)
                              (--whole-archive)
zephyr/libzephyr.a(shell_uart.c.obj)
                              (--whole-archive)
zephyr/libzephyr.a(shell.c.obj)
                              (--whole-archive)
zephyr/libzephyr.a(shell_fprintf.c.obj)
                              (--whole-archive)
zephyr/libzephyr.a(shell_utils.c.obj)
                              (--whole-archive)
zephyr/libzephyr.a(shell_ops.c.obj)
                              (--whole-archive)
zephyr/libzephyr.a(shell_log_backend.c.obj)
                              (--whole-archive)
zephyr/libzephyr.a(shell_help.c.obj)
                              (--whole-archive)
zephyr/libzephyr.a(shell_cmds.c.obj)
                              (--whole-archive)
zephyr/libzephyr.a(shell_history.c.obj)
                              (--whole-archive)
zephyr/libzephyr.a(shell_wildcard.c.obj)
                              (--whole-archive)
zephyr/arch/common/libarch__common.a(sw_isr_common.c.obj)
                              (--whole-archive)
zephyr/arch/arch/arm/core/libarch__arm__core.a(fatal.c.obj)
                              (--whole-archive)
zephyr/arch/arch/arm/core/libarch__arm__core.a(nmi.c.obj)
                              (--whole-archive)
zephyr/arch/arch/arm/core/libarch__arm__core.a(nmi_on_reset.S.obj)
                              (--whole-archive)
zephyr/arch/arch/arm/core/libarch__arm__core.a(tls.c.obj)
                              (--whole-archive)
zephyr/arch/arch/arm/core/cortex_m/libarch__arm__core__cortex_m.a(exc_exit.c.obj)
[...]
Memory Configuration

Name             Origin             Length             Attributes
FLASH            0x0000000008000000 0x0000000000100000 xr
RAM              0x0000000024000000 0x0000000000050000 xw
BACKUP_SRAM      0x0000000038800000 0x0000000000001000
EXTMEM           0x0000000090000000 0x0000000010000000
SRAM1            0x0000000030000000 0x0000000000004000
SRAM2            0x0000000030004000 0x0000000000004000
SRAM4            0x0000000038000000 0x0000000000004000
DTCM             0x0000000020000000 0x0000000000020000
ITCM             0x0000000000000000 0x0000000000010000
IDT_LIST         0x00000000ffff7fff 0x0000000000008000 xw
*default*        0x0000000000000000 0xffffffffffffffff

Linker script and memory map

                0x000000000800dba0                vfprintf = __l_vfprintf
                0x0000000000000000                vfscanf = __l_vfscanf
LOAD zephyr/CMakeFiles/zephyr_pre0.dir/misc/empty_file.c.obj
LOAD zephyr/CMakeFiles/offsets.dir/./arch/arm/core/offsets/offsets.c.obj
LOAD app/libapp.a
LOAD zephyr/libzephyr.a
LOAD zephyr/arch/common/libarch__common.a
LOAD zephyr/arch/arch/arm/core/libarch__arm__core.a
LOAD zephyr/arch/arch/arm/core/cortex_m/libarch__arm__core__cortex_m.a
LOAD zephyr/arch/arch/arm/core/mpu/libarch__arm__core__mpu.a
LOAD zephyr/lib/libc/picolibc/liblib__libc__picolibc.a
LOAD zephyr/lib/libc/common/liblib__libc__common.a
LOAD zephyr/lib/posix/options/liblib__posix__options.a
LOAD zephyr/subsys/fs/libsubsys__fs.a
LOAD zephyr/drivers/disk/libdrivers__disk.a
LOAD zephyr/drivers/interrupt_controller/libdrivers__interrupt_controller.a
LOAD zephyr/drivers/clock_control/libdrivers__clock_control.a
LOAD zephyr/drivers/console/libdrivers__console.a
LOAD zephyr/drivers/dma/libdrivers__dma.a
LOAD zephyr/drivers/gpio/libdrivers__gpio.a
LOAD zephyr/drivers/i2c/libdrivers__i2c.a
LOAD zephyr/drivers/i2s/libdrivers__i2s.a
LOAD zephyr/drivers/pinctrl/libdrivers__pinctrl.a
LOAD zephyr/drivers/reset/libdrivers__reset.a
LOAD zephyr/drivers/serial/libdrivers__serial.a
LOAD zephyr/drivers/timer/libdrivers__timer.a
LOAD modules/fatfs/libmodules__fatfs.a
LOAD modules/hal_stm32/stm32cube/lib..__modules__hal__stm32__stm32cube.a
LOAD zephyr/kernel/libkernel.a
LOAD zephyr/arch/common/libisr_tables.a
LOAD /opt/zephyr-sdk-0.16.8/arm-zephyr-eabi/bin/../lib/gcc/../../picolibc/arm-zephyr-eabi/lib/thumb/v7e-m/nofp/libc.a
LOAD /opt/zephyr-sdk-0.16.8/arm-zephyr-eabi/bin/../lib/gcc/arm-zephyr-eabi/12.2.0/thumb/v7e-m/nofp/libgcc.a
                0x0000000000000020                _region_min_align = 0x20

.rel.plt        0x0000000008000000        0x0
 *(SORT_BY_ALIGNMENT(.rel.plt))
                [!provide]                        PROVIDE (__rel_iplt_start = .)
 *(SORT_BY_ALIGNMENT(.rel.iplt))
 .rel.iplt      0x0000000008000000        0x0 app/libapp.a(main.c.obj)
                [!provide]                        PROVIDE (__rel_iplt_end = .)

.rela.plt       0x0000000000000000        0x0
 *(SORT_BY_ALIGNMENT(.rela.plt))
                [!provide]                        PROVIDE (__rela_iplt_start = .)
 *(SORT_BY_ALIGNMENT(.rela.iplt))
                [!provide]                        PROVIDE (__rela_iplt_end = .)

.rel.dyn
 *(SORT_BY_ALIGNMENT(.rel.*))

.rela.dyn
 *(SORT_BY_ALIGNMENT(.rela.*))

/DISCARD/
 *(SORT_BY_ALIGNMENT(.plt))

/DISCARD/
 *(SORT_BY_ALIGNMENT(.iplt))
                0x0000000008000000                __rom_region_start = 0x8000000

rom_start       0x0000000008000000      0x2cc
                0x0000000008000000                __rom_start_address = .
 FILL mask 0x00
                0x0000000008000000                . = (. + (0x0 - (. - __rom_start_address)))
                0x0000000008000000                . = ALIGN (0x4)
                0x0000000008000000                . = ALIGN (0x80)
                0x0000000008000000                . = ALIGN (0x400)
                0x0000000008000000                _vector_start = .
 *(SORT_BY_ALIGNMENT(.exc_vector_table))
 *(SORT_BY_ALIGNMENT(.exc_vector_table.*))
 .exc_vector_table._vector_table_section
                0x0000000008000000       0x40 zephyr/arch/arch/arm/core/cortex_m/libarch__arm__core__cortex_m.a(vector_table.S.obj)
                0x0000000008000000                _vector_table
 *(SORT_BY_ALIGNMENT(.vectors))
                0x00000000080002cc                _vector_end = .
                0x0000000008000040                . = ALIGN (0x4)
 *(SORT_BY_ALIGNMENT(.gnu.linkonce.irq_vector_table*))
 .gnu.linkonce.irq_vector_table
                0x0000000008000040      0x28c zephyr/arch/common/libisr_tables.a(isr_tables.c.obj)
                0x0000000008000040                _irq_vector_table
                0x00000000080002cc                _vector_end = .

text            0x00000000080002d0    0x1464c
                0x00000000080002d0                __text_region_start = .
 *(SORT_BY_ALIGNMENT(.text))
 .text          0x00000000080002d0      0x378 /opt/zephyr-sdk-0.16.8/arm-zephyr-eabi/bin/../lib/gcc/arm-zephyr-eabi/12.2.0/thumb/v7e-m/nofp/libgcc.a(_arm_addsubdf3.o)
                0x00000000080002d0                __aeabi_drsub
                0x00000000080002d8                __subdf3
                0x00000000080002d8                __aeabi_dsub
                0x00000000080002dc                __aeabi_dadd
                0x00000000080002dc                __adddf3
                0x0000000008000554                __aeabi_ui2d
                0x0000000008000554                __floatunsidf
                0x0000000008000574                __floatsidf
                0x0000000008000574                __aeabi_i2d
                0x0000000008000598                __extendsfdf2
                0x0000000008000598                __aeabi_f2d
                0x00000000080005dc                __aeabi_ul2d
                0x00000000080005dc                __floatundidf
                0x00000000080005ec                __aeabi_l2d
                0x00000000080005ec                __floatdidf
 .text          0x0000000008000648      0x110 /opt/zephyr-sdk-0.16.8/arm-zephyr-eabi/bin/../lib/gcc/arm-zephyr-eabi/12.2.0/thumb/v7e-m/nofp/libgcc.a(_arm_cmpdf2.o)
                0x0000000008000648                __gedf2
                0x0000000008000648                __gtdf2
                0x0000000008000650                __ledf2
                0x0000000008000650                __ltdf2
                0x0000000008000658                __cmpdf2
                0x0000000008000658                __eqdf2
                0x0000000008000658                __nedf2
                0x00000000080006d4                __aeabi_cdrcmple
                0x00000000080006e4                __aeabi_cdcmple
                0x00000000080006e4                __aeabi_cdcmpeq
                0x00000000080006f4                __aeabi_dcmpeq
                0x0000000008000708                __aeabi_dcmplt
                0x000000000800071c                __aeabi_dcmple
                0x0000000008000730                __aeabi_dcmpge
                0x0000000008000744                __aeabi_dcmpgt
 .text          0x0000000008000758       0xa0 /opt/zephyr-sdk-0.16.8/arm-zephyr-eabi/bin/../lib/gcc/arm-zephyr-eabi/12.2.0/thumb/v7e-m/nofp/libgcc.a(_arm_truncdfsf2.o)
                0x0000000008000758                __aeabi_d2f
                0x0000000008000758                __truncdfsf2
 .text          0x00000000080007f8      0x21c /opt/zephyr-sdk-0.16.8/arm-zephyr-eabi/bin/../lib/gcc/arm-zephyr-eabi/12.2.0/thumb/v7e-m/nofp/libgcc.a(_arm_addsubsf3.o)
                0x00000000080007f8                __aeabi_frsub
                0x0000000008000800                __aeabi_fsub
                0x0000000008000800                __subsf3
                0x0000000008000804                __aeabi_fadd
                0x0000000008000804                __addsf3
                0x0000000008000964                __aeabi_ui2f
                0x0000000008000964                __floatunsisf
                0x000000000800096c                __floatsisf
                0x000000000800096c                __aeabi_i2f
                0x0000000008000988                __aeabi_ul2f
                0x0000000008000988                __floatundisf
                0x0000000008000998                __aeabi_l2f
                0x0000000008000998                __floatdisf
 .text          0x0000000008000a14      0x2a0 /opt/zephyr-sdk-0.16.8/arm-zephyr-eabi/bin/../lib/gcc/arm-zephyr-eabi/12.2.0/thumb/v7e-m/nofp/libgcc.a(_arm_muldivsf3.o)
                0x0000000008000a14                __mulsf3
                0x0000000008000a14                __aeabi_fmul
                0x0000000008000b7c                __divsf3
                0x0000000008000b7c                __aeabi_fdiv
 .text          0x0000000008000cb4       0xec /opt/zephyr-sdk-0.16.8/arm-zephyr-eabi/bin/../lib/gcc/arm-zephyr-eabi/12.2.0/thumb/v7e-m/nofp/libgcc.a(_arm_cmpsf2.o)
                0x0000000008000cb4                __gesf2
                0x0000000008000cb4                __gtsf2
                0x0000000008000cbc                __ltsf2
                0x0000000008000cbc                __lesf2
                0x0000000008000cc4                __nesf2
                0x0000000008000cc4                __eqsf2
                0x0000000008000cc4                __cmpsf2
                0x0000000008000d24                __aeabi_cfrcmple
                0x0000000008000d2c                __aeabi_cfcmpeq
                0x0000000008000d2c                __aeabi_cfcmple
                0x0000000008000d3c                __aeabi_fcmpeq
                0x0000000008000d50                __aeabi_fcmplt
                0x0000000008000d64                __aeabi_fcmple
                0x0000000008000d78                __aeabi_fcmpge
                0x0000000008000d8c                __aeabi_fcmpgt
 .text          0x0000000008000da0       0x4c /opt/zephyr-sdk-0.16.8/arm-zephyr-eabi/bin/../lib/gcc/arm-zephyr-eabi/12.2.0/thumb/v7e-m/nofp/libgcc.a(_arm_fixsfsi.o)
                0x0000000008000da0                __fixsfsi
                0x0000000008000da0                __aeabi_f2iz
 .text          0x0000000008000dec       0x40 /opt/zephyr-sdk-0.16.8/arm-zephyr-eabi/bin/../lib/gcc/arm-zephyr-eabi/12.2.0/thumb/v7e-m/nofp/libgcc.a(_arm_fixunssfsi.o)
                0x0000000008000dec                __aeabi_f2uiz
                0x0000000008000dec                __fixunssfsi
 .text          0x0000000008000e2c       0xa0 /opt/zephyr-sdk-0.16.8/arm-zephyr-eabi/bin/../lib/gcc/arm-zephyr-eabi/12.2.0/thumb/v7e-m/nofp/libgcc.a(_aeabi_ldivmod.o)
                0x0000000008000e2c                __aeabi_ldivmod
 .text          0x0000000008000ecc       0x30 /opt/zephyr-sdk-0.16.8/arm-zephyr-eabi/bin/../lib/gcc/arm-zephyr-eabi/12.2.0/thumb/v7e-m/nofp/libgcc.a(_aeabi_uldivmod.o)
                0x0000000008000ecc                __aeabi_uldivmod
 .text          0x0000000008000efc        0x4 /opt/zephyr-sdk-0.16.8/arm-zephyr-eabi/bin/../lib/gcc/arm-zephyr-eabi/12.2.0/thumb/v7e-m/nofp/libgcc.a(_dvmd_tls.o)
                0x0000000008000efc                __aeabi_ldiv0
                0x0000000008000efc                __aeabi_idiv0
 .text          0x0000000008000f00       0x14 /opt/zephyr-sdk-0.16.8/arm-zephyr-eabi/bin/../lib/gcc/../../picolibc/arm-zephyr-eabi/lib/thumb/v7e-m/nofp/libc.a(strcmp.S.o)
                0x0000000008000f00                strcmp
 .text          0x0000000008000f14       0x10 /opt/zephyr-sdk-0.16.8/arm-zephyr-eabi/bin/../lib/gcc/../../picolibc/arm-zephyr-eabi/lib/thumb/v7e-m/nofp/libc.a(strcpy.S.o)
                0x0000000008000f14                strcpy
 .text          0x0000000008000f24       0x10 /opt/zephyr-sdk-0.16.8/arm-zephyr-eabi/bin/../lib/gcc/../../picolibc/arm-zephyr-eabi/lib/thumb/v7e-m/nofp/libc.a(strlen.S.o)
                0x0000000008000f24                strlen
 .text          0x0000000008000f34      0x2a0 /opt/zephyr-sdk-0.16.8/arm-zephyr-eabi/bin/../lib/gcc/arm-zephyr-eabi/12.2.0/thumb/v7e-m/nofp/libgcc.a(_udivmoddi4.o)
                0x0000000008000f34                __udivmoddi4
 *(SORT_BY_ALIGNMENT(.text.*))
 *fill*         0x00000000080011d4        0x4 
 .text.tone_thread
                0x00000000080011d8      0x158 app/libapp.a(main.c.obj)
                0x00000000080011d8                tone_thread
 .text.cmd_kernel_uptime
                0x0000000008001330       0xe0 zephyr/libzephyr.a(uptime.c.obj)
 .text.cmd_stop_tone
                0x0000000008001410       0x2c app/libapp.a(main.c.obj)
 .text.cmd_start_tone
                0x000000000800143c       0x60 app/libapp.a(main.c.obj)
 .text.i2c_writeRegisterByte.constprop.0.isra.0
                0x000000000800149c       0x4c app/libapp.a(main.c.obj)
 .text.main     0x00000000080014e8       0x9c app/libapp.a(main.c.obj)
                0x00000000080014e8                main
 .text.read_wav_file
                0x0000000008001584      0x238 app/libapp.a(wav_reader.c.obj)
                0x0000000008001584                read_wav_file
 .text.lsdir    0x00000000080017bc       0xcc app/libapp.a(wav_reader.c.obj)
                0x00000000080017bc                lsdir
 .text.cbvprintf_package
                0x0000000008001888      0x3a4 zephyr/libzephyr.a(cbprintf_packaged.c.obj)
                0x0000000008001888                cbvprintf_package
 .text.cbprintf_package_convert
                0x0000000008001c2c      0x3c8 zephyr/libzephyr.a(cbprintf_packaged.c.obj)
                0x0000000008001c2c                cbprintf_package_convert
 .text.__printk_hook_install
                0x0000000008001ff4        0xc zephyr/libzephyr.a(printk.c.obj)
                0x0000000008001ff4                __printk_hook_install
 .text.z_thread_entry
                0x0000000008002000       0x34 zephyr/libzephyr.a(thread_entry.c.obj)
                0x0000000008002000                z_thread_entry
 .text.sys_reboot
                0x0000000008002034       0x34 zephyr/libzephyr.a(reboot.c.obj)
                0x0000000008002034                sys_reboot
 .text.st_stm32_common_config
                0x0000000008002068       0x1c zephyr/libzephyr.a(soc_config.c.obj)
 .text.soc_early_init_hook
                0x0000000008002084       0x60 zephyr/libzephyr.a(soc_m7.c.obj)
                0x0000000008002084                soc_early_init_hook
 .text.activate_foreach_backend
                0x00000000080020e4       0x64 zephyr/libzephyr.a(log_core.c.obj)
 .text.enable_logger
                0x0000000008002148       0x5c zephyr/libzephyr.a(log_core.c.obj)
 .text.log_process_thread_timer_expiry_fn
                0x00000000080021a4        0xc zephyr/libzephyr.a(log_core.c.obj)
 .text.z_log_init
                0x00000000080021b0       0x8c zephyr/libzephyr.a(log_core.c.obj)
 .text.log_set_timestamp_func
                0x000000000800223c       0x20 zephyr/libzephyr.a(log_core.c.obj)
                0x000000000800223c                log_set_timestamp_func
 .text.z_log_notify_backend_enabled
                0x000000000800225c       0x1c zephyr/libzephyr.a(log_core.c.obj)
                0x000000000800225c                z_log_notify_backend_enabled
 .text.z_log_dropped
                0x0000000008002278       0x44 zephyr/libzephyr.a(log_core.c.obj)
                0x0000000008002278                z_log_dropped
 .text.z_log_dropped_read_and_clear
                0x00000000080022bc       0x20 zephyr/libzephyr.a(log_core.c.obj)
                0x00000000080022bc                z_log_dropped_read_and_clear
 .text.dropped_notify
                0x00000000080022dc       0x30 zephyr/libzephyr.a(log_core.c.obj)
                0x00000000080022dc                dropped_notify
 .text.z_log_msg_init
                0x000000000800230c       0x20 zephyr/libzephyr.a(log_core.c.obj)
                0x000000000800230c                z_log_msg_init
 .text.log_core_init
                0x000000000800232c       0x38 zephyr/libzephyr.a(log_core.c.obj)
                0x000000000800232c                log_core_init
 .text.z_log_msg_alloc
                0x0000000008002364       0x10 zephyr/libzephyr.a(log_core.c.obj)
                0x0000000008002364                z_log_msg_alloc
 .text.z_log_msg_local_claim
                0x0000000008002374        0xc zephyr/libzephyr.a(log_core.c.obj)
                0x0000000008002374                z_log_msg_local_claim
 .text.z_log_msg_free
                0x0000000008002380       0x10 zephyr/libzephyr.a(log_core.c.obj)
                0x0000000008002380                z_log_msg_free
 .text.z_log_msg_pending
                0x0000000008002390        0xc zephyr/libzephyr.a(log_core.c.obj)
                0x0000000008002390                z_log_msg_pending
 .text.z_impl_log_process
                0x000000000800239c       0xe4 zephyr/libzephyr.a(log_core.c.obj)
                0x000000000800239c                z_impl_log_process
 .text.z_impl_log_panic
                0x0000000008002480       0x44 zephyr/libzephyr.a(log_core.c.obj)
                0x0000000008002480                z_impl_log_panic
 .text.log_process_thread_func
                0x00000000080024c4       0xa4 zephyr/libzephyr.a(log_core.c.obj)
 .text.z_log_msg_post_finalize
                0x0000000008002568       0x78 zephyr/libzephyr.a(log_core.c.obj)
 .text.z_log_msg_commit
                0x00000000080025e0       0x24 zephyr/libzephyr.a(log_core.c.obj)
                0x00000000080025e0                z_log_msg_commit
 .text.log_source_name_get
                0x0000000008002604       0x1c zephyr/libzephyr.a(log_mgmt.c.obj)
                0x0000000008002604                log_source_name_get
 .text.z_log_runtime_filters_init
                0x0000000008002620       0x3c zephyr/libzephyr.a(log_mgmt.c.obj)
                0x0000000008002620                z_log_runtime_filters_init
 .text.log_source_id_get
                0x000000000800265c       0x38 zephyr/libzephyr.a(log_mgmt.c.obj)
                0x000000000800265c                log_source_id_get
 .text.filter_set
                0x0000000008002694       0xbc zephyr/libzephyr.a(log_mgmt.c.obj)
                0x0000000008002694                filter_set
 .text.backend_filter_set
                0x0000000008002750       0x30 zephyr/libzephyr.a(log_mgmt.c.obj)
 .text.log_backend_enable
                0x0000000008002780       0x34 zephyr/libzephyr.a(log_mgmt.c.obj)
                0x0000000008002780                log_backend_enable
 .text.log_filter_get
                0x00000000080027b4       0x4c zephyr/libzephyr.a(log_mgmt.c.obj)
                0x00000000080027b4                log_filter_get
 .text.z_impl_z_log_msg_static_create
                0x0000000008002800      0x110 zephyr/libzephyr.a(log_msg.c.obj)
                0x0000000008002800                z_impl_z_log_msg_static_create
 .text.z_log_msg_runtime_vcreate
                0x0000000008002910       0xb0 zephyr/libzephyr.a(log_msg.c.obj)
                0x0000000008002910                z_log_msg_runtime_vcreate
 .text.log_msg_get_source_id
                0x00000000080029c0       0x18 zephyr/libzephyr.a(log_msg.c.obj)
                0x00000000080029c0                log_msg_get_source_id
 .text.print_formatted
                0x00000000080029d8       0x24 zephyr/libzephyr.a(log_output.c.obj)
 .text.newline_print
                0x00000000080029fc       0x1c zephyr/libzephyr.a(log_output.c.obj)
 .text.log_output_process
                0x0000000008002a18      0x2d4 zephyr/libzephyr.a(log_output.c.obj)
                0x0000000008002a18                log_output_process
 .text.log_output_dropped_process
                0x0000000008002cec       0x58 zephyr/libzephyr.a(log_output.c.obj)
                0x0000000008002cec                log_output_dropped_process
 .text.log_output_timestamp_freq_set
                0x0000000008002d44       0x2c zephyr/libzephyr.a(log_output.c.obj)
                0x0000000008002d44                log_output_timestamp_freq_set
 .text.mem_attr_get_regions
                0x0000000008002d70        0xc zephyr/libzephyr.a(mem_attr.c.obj)
                0x0000000008002d70                mem_attr_get_regions
 .text.disk_access_get_di
                0x0000000008002d7c       0x64 zephyr/libzephyr.a(disk_access.c.obj)
                0x0000000008002d7c                disk_access_get_di
 .text.disk_access_ioctl
                0x0000000008002de0       0xb8 zephyr/libzephyr.a(disk_access.c.obj)
                0x0000000008002de0                disk_access_ioctl
 .text.disk_access_register
                0x0000000008002e98       0x68 zephyr/libzephyr.a(disk_access.c.obj)
                0x0000000008002e98                disk_access_register
 .text.cmd_kernel_cycles
                0x0000000008002f00       0x1c zephyr/libzephyr.a(cycles.c.obj)
 .text.cmd_kernel_sleep
                0x0000000008002f1c       0x40 zephyr/libzephyr.a(sleep.c.obj)
 .text.cmd_kernel_version
                0x0000000008002f5c       0x18 zephyr/libzephyr.a(version.c.obj)
 .text.cmd_kernel_log_level_set
                0x0000000008002f74       0x7c zephyr/libzephyr.a(log-level.c.obj)
 .text.cmd_kernel_thread_list
                0x0000000008002ff0       0x34 zephyr/libzephyr.a(list.c.obj)
 .text.shell_tdata_dump
                0x0000000008003024       0xc0 zephyr/libzephyr.a(list.c.obj)
 .text.cmd_kernel_thread_stacks
                0x00000000080030e4       0x70 zephyr/libzephyr.a(stacks.c.obj)
 .text.shell_stack_dump
                0x0000000008003154       0x60 zephyr/libzephyr.a(stacks.c.obj)
 .text.cmd_device_list
                0x00000000080031b4       0x8c zephyr/libzephyr.a(device_service.c.obj)
 .text.cmd_devmem
                0x0000000008003240       0xc4 zephyr/libzephyr.a(devmem_service.c.obj)
 .text.cmd_dump
                0x0000000008003304      0x198 zephyr/libzephyr.a(devmem_service.c.obj)
 .text.set_bypass.isra.0
                0x000000000800349c       0x4c zephyr/libzephyr.a(devmem_service.c.obj)
 .text.bypass_cb
                0x00000000080034e8      0x114 zephyr/libzephyr.a(devmem_service.c.obj)
 .text.cmd_load
                0x00000000080035fc       0xd8 zephyr/libzephyr.a(devmem_service.c.obj)
 .text.enable_shell_uart
                0x00000000080036d4       0x38 zephyr/libzephyr.a(shell_uart.c.obj)
 .text.init     0x000000000800370c       0x60 zephyr/libzephyr.a(shell_uart.c.obj)
 .text.uart_callback
                0x000000000800376c      0x100 zephyr/libzephyr.a(shell_uart.c.obj)
 .text.shell_internal_help_print
                0x000000000800386c       0x20 zephyr/libzephyr.a(shell.c.obj)
 .text.kill_handler
                0x000000000800388c       0x54 zephyr/libzephyr.a(shell.c.obj)
 .text.z_cursor_next_line_move.isra.0
                0x00000000080038e0        0xc zephyr/libzephyr.a(shell.c.obj)
 .text.history_handle
                0x00000000080038ec       0xac zephyr/libzephyr.a(shell.c.obj)
 .text.execute  0x0000000008003998      0x2c8 zephyr/libzephyr.a(shell.c.obj)
 .text.state_set.constprop.0
                0x0000000008003c60       0x4c zephyr/libzephyr.a(shell.c.obj)
 .text.shell_process
                0x0000000008003cac      0x6b4 zephyr/libzephyr.a(shell.c.obj)
                0x0000000008003cac                shell_process
 .text.shell_thread
                0x0000000008004360       0xd8 zephyr/libzephyr.a(shell.c.obj)
                0x0000000008004360                shell_thread
 .text.cmd_help
                0x0000000008004438       0x44 zephyr/libzephyr.a(shell.c.obj)
 .text.shell_hexdump_line
                0x000000000800447c       0xcc zephyr/libzephyr.a(shell.c.obj)
                0x000000000800447c                shell_hexdump_line
 .text.shell_init
                0x0000000008004548       0xe8 zephyr/libzephyr.a(shell.c.obj)
                0x0000000008004548                shell_init
 .text.z_shell_fprintf_fmt
                0x0000000008004630       0x28 zephyr/libzephyr.a(shell_fprintf.c.obj)
                0x0000000008004630                z_shell_fprintf_fmt
 .text.z_shell_cmd_get
                0x0000000008004658       0x74 zephyr/libzephyr.a(shell_utils.c.obj)
                0x0000000008004658                z_shell_cmd_get
 .text.shell_strtoul
                0x00000000080046cc       0x54 zephyr/libzephyr.a(shell_utils.c.obj)
                0x00000000080046cc                shell_strtoul
 .text.z_clear_eos
                0x0000000008004720       0x18 zephyr/libzephyr.a(shell_ops.c.obj)
 .text.z_cursor_next_line_move.isra.0
                0x0000000008004738        0xc zephyr/libzephyr.a(shell_ops.c.obj)
 .text.z_shell_op_cursor_vert_move
                0x0000000008004744       0x2c zephyr/libzephyr.a(shell_ops.c.obj)
                0x0000000008004744                z_shell_op_cursor_vert_move
 .text.z_shell_op_cursor_horiz_move
                0x0000000008004770       0x2c zephyr/libzephyr.a(shell_ops.c.obj)
                0x0000000008004770                z_shell_op_cursor_horiz_move
 .text.z_shell_print_cmd
                0x000000000800479c       0x78 zephyr/libzephyr.a(shell_ops.c.obj)
                0x000000000800479c                z_shell_print_cmd
 .text.z_shell_vt100_color_set
                0x0000000008004814       0x40 zephyr/libzephyr.a(shell_ops.c.obj)
                0x0000000008004814                z_shell_vt100_color_set
 .text.z_shell_vt100_colors_restore
                0x0000000008004854       0x3c zephyr/libzephyr.a(shell_ops.c.obj)
                0x0000000008004854                z_shell_vt100_colors_restore
 .text.z_shell_op_word_remove
                0x0000000008004890       0xc8 zephyr/libzephyr.a(shell_ops.c.obj)
                0x0000000008004890                z_shell_op_word_remove
 .text.reprint_from_cursor
                0x0000000008004958       0x7c zephyr/libzephyr.a(shell_ops.c.obj)
 .text.z_shell_op_char_insert
                0x00000000080049d4       0x70 zephyr/libzephyr.a(shell_ops.c.obj)
                0x00000000080049d4                z_shell_op_char_insert
 .text.z_shell_print_prompt_and_cmd
                0x0000000008004a44       0x30 zephyr/libzephyr.a(shell_ops.c.obj)
                0x0000000008004a44                z_shell_print_prompt_and_cmd
 .text.z_cursor_next_line_move.isra.0
                0x0000000008004a74        0xc zephyr/libzephyr.a(shell_help.c.obj)
 .text.z_shell_help_subcmd_print
                0x0000000008004a80       0xb4 zephyr/libzephyr.a(shell_help.c.obj)
                0x0000000008004a80                z_shell_help_subcmd_print
 .text.z_shell_help_cmd_print
                0x0000000008004b34       0x40 zephyr/libzephyr.a(shell_help.c.obj)
                0x0000000008004b34                z_shell_help_cmd_print
 .text.z_shell_help_request
                0x0000000008004b74       0x28 zephyr/libzephyr.a(shell_help.c.obj)
                0x0000000008004b74                z_shell_help_request
 .text.cmd_resize_default
                0x0000000008004b9c       0x2c zephyr/libzephyr.a(shell_cmds.c.obj)
 .text.cmd_shell_stats_show
                0x0000000008004bc8       0x14 zephyr/libzephyr.a(shell_cmds.c.obj)
 .text.cmd_backends
                0x0000000008004bdc       0x50 zephyr/libzephyr.a(shell_cmds.c.obj)
 .text.cmd_prompt_off
                0x0000000008004c2c       0x10 zephyr/libzephyr.a(shell_cmds.c.obj)
 .text.cmd_history
                0x0000000008004c3c       0x3c zephyr/libzephyr.a(shell_cmds.c.obj)
 .text.cmd_get_retval
                0x0000000008004c78       0x1c zephyr/libzephyr.a(shell_cmds.c.obj)
 .text.cmd_echo
                0x0000000008004c94       0x50 zephyr/libzephyr.a(shell_cmds.c.obj)
 .text.cmd_clear
                0x0000000008004ce4       0x34 zephyr/libzephyr.a(shell_cmds.c.obj)
 .text.cmd_resize
                0x0000000008004d18      0x194 zephyr/libzephyr.a(shell_cmds.c.obj)
 .text.z_shell_wildcard_process
                0x0000000008004eac       0xe0 zephyr/libzephyr.a(shell_wildcard.c.obj)
                0x0000000008004eac                z_shell_wildcard_process
 .text.z_arm_fatal_error
                0x0000000008004f8c       0xe0 zephyr/arch/arch/arm/core/libarch__arm__core.a(fatal.c.obj)
                0x0000000008004f8c                z_arm_fatal_error
 .text.z_arm_nmi
                0x000000000800506c       0x14 zephyr/arch/arch/arm/core/libarch__arm__core.a(nmi.c.obj)
                0x000000000800506c                z_arm_nmi
 .text.z_SysNmiOnReset
                0x0000000008005080        0x8 zephyr/arch/arch/arm/core/libarch__arm__core.a(nmi_on_reset.S.obj)
                0x0000000008005080                z_SysNmiOnReset
 .text.arch_tls_stack_setup
                0x0000000008005088       0x40 zephyr/arch/arch/arm/core/libarch__arm__core.a(tls.c.obj)
                0x0000000008005088                arch_tls_stack_setup
 .text._HandlerModeExit
                0x00000000080050c8       0x28 zephyr/arch/arch/arm/core/cortex_m/libarch__arm__core__cortex_m.a(exc_exit.c.obj)
                0x00000000080050c8                z_arm_exc_exit
                0x00000000080050c8                z_arm_int_exit
 .text.bus_fault.constprop.0
                0x00000000080050f0      0x108 zephyr/arch/arch/arm/core/cortex_m/libarch__arm__core__cortex_m.a(fault.c.obj)
 .text.usage_fault.constprop.0
                0x00000000080051f8       0xdc zephyr/arch/arch/arm/core/cortex_m/libarch__arm__core__cortex_m.a(fault.c.obj)
 .text.mem_manage_fault
                0x00000000080052d4      0x140 zephyr/arch/arch/arm/core/cortex_m/libarch__arm__core__cortex_m.a(fault.c.obj)
 .text.z_arm_fault
                0x0000000008005414      0x20c zephyr/arch/arch/arm/core/cortex_m/libarch__arm__core__cortex_m.a(fault.c.obj)
                0x0000000008005414                z_arm_fault
 .text.z_arm_fault_init
                0x0000000008005620       0x18 zephyr/arch/arch/arm/core/cortex_m/libarch__arm__core__cortex_m.a(fault.c.obj)
                0x0000000008005620                z_arm_fault_init
 .text.__fault  0x0000000008005638       0x14 zephyr/arch/arch/arm/core/cortex_m/libarch__arm__core__cortex_m.a(fault_s.S.obj)
                0x0000000008005638                z_arm_bus_fault
                0x0000000008005638                z_arm_usage_fault
                0x0000000008005638                z_arm_mpu_fault
                0x0000000008005638                z_arm_exc_spurious
                0x0000000008005638                z_arm_debug_monitor
                0x0000000008005638                z_arm_hard_fault
 .text._reset_section
                0x000000000800564c       0x38 zephyr/arch/arch/arm/core/cortex_m/libarch__arm__core__cortex_m.a(reset.S.obj)
                0x000000000800564c                z_arm_reset
                0x000000000800564c                __start
 .text.sys_arch_reboot
                0x0000000008005684       0x24 zephyr/arch/arch/arm/core/cortex_m/libarch__arm__core__cortex_m.a(scb.c.obj)
                0x0000000008005684                sys_arch_reboot
 .text.z_impl_k_thread_abort
                0x00000000080056a8       0x2c zephyr/arch/arch/arm/core/cortex_m/libarch__arm__core__cortex_m.a(thread_abort.c.obj)
                0x00000000080056a8                z_impl_k_thread_abort
 .text.arch_swap
                0x00000000080056d4       0x34 zephyr/arch/arch/arm/core/cortex_m/libarch__arm__core__cortex_m.a(swap.c.obj)
                0x00000000080056d4                arch_swap
 .text.z_arm_pendsv_c
                0x0000000008005708       0x50 zephyr/arch/arch/arm/core/cortex_m/libarch__arm__core__cortex_m.a(swap.c.obj)
                0x0000000008005708                z_arm_pendsv_c
 .text.z_arm_pendsv
                0x0000000008005758       0x34 zephyr/arch/arch/arm/core/cortex_m/libarch__arm__core__cortex_m.a(swap_helper.S.obj)
                0x0000000008005758                z_arm_pendsv
 .text.z_arm_svc
                0x000000000800578c       0x20 zephyr/arch/arch/arm/core/cortex_m/libarch__arm__core__cortex_m.a(swap_helper.S.obj)
                0x000000000800578c                z_arm_svc
 .text.arch_irq_enable
                0x00000000080057ac       0x1c zephyr/arch/arch/arm/core/cortex_m/libarch__arm__core__cortex_m.a(irq_manage.c.obj)
                0x00000000080057ac                arch_irq_enable
 .text.z_arm_irq_priority_set
                0x00000000080057c8       0x2c zephyr/arch/arch/arm/core/cortex_m/libarch__arm__core__cortex_m.a(irq_manage.c.obj)
                0x00000000080057c8                z_arm_irq_priority_set
 .text.z_prep_c
                0x00000000080057f4       0x4c zephyr/arch/arch/arm/core/cortex_m/libarch__arm__core__cortex_m.a(prep_c.c.obj)
                0x00000000080057f4                z_prep_c
 .text.arch_new_thread
                0x0000000008005840       0x30 zephyr/arch/arch/arm/core/cortex_m/libarch__arm__core__cortex_m.a(thread.c.obj)
                0x0000000008005840                arch_new_thread
 .text.z_check_thread_stack_fail
                0x0000000008005870       0x30 zephyr/arch/arch/arm/core/cortex_m/libarch__arm__core__cortex_m.a(thread.c.obj)
                0x0000000008005870                z_check_thread_stack_fail
 .text.arch_switch_to_main_thread
                0x00000000080058a0       0x48 zephyr/arch/arch/arm/core/cortex_m/libarch__arm__core__cortex_m.a(thread.c.obj)
                0x00000000080058a0                arch_switch_to_main_thread
 .text.z_arm_cpu_idle_init
                0x00000000080058e8        0xc zephyr/arch/arch/arm/core/cortex_m/libarch__arm__core__cortex_m.a(cpu_idle.c.obj)
                0x00000000080058e8                z_arm_cpu_idle_init
 .text.z_arm_interrupt_init
                0x00000000080058f4       0x18 zephyr/arch/arch/arm/core/cortex_m/libarch__arm__core__cortex_m.a(irq_init.c.obj)
                0x00000000080058f4                z_arm_interrupt_init
 .text._isr_wrapper
                0x000000000800590c       0x24 zephyr/arch/arch/arm/core/cortex_m/libarch__arm__core__cortex_m.a(isr_wrapper.c.obj)
                0x000000000800590c                _isr_wrapper
 .text.arch_dcache_enable
                0x0000000008005930       0x5c zephyr/arch/arch/arm/core/cortex_m/libarch__arm__core__cortex_m.a(cache.c.obj)
                0x0000000008005930                arch_dcache_enable
 .text.arch_dcache_disable
                0x000000000800598c       0x54 zephyr/arch/arch/arm/core/cortex_m/libarch__arm__core__cortex_m.a(cache.c.obj)
                0x000000000800598c                arch_dcache_disable
 .text.arch_dcache_flush_range
                0x00000000080059e0       0x30 zephyr/arch/arch/arm/core/cortex_m/libarch__arm__core__cortex_m.a(cache.c.obj)
                0x00000000080059e0                arch_dcache_flush_range
 .text.arch_dcache_invd_range
                0x0000000008005a10       0x30 zephyr/arch/arch/arm/core/cortex_m/libarch__arm__core__cortex_m.a(cache.c.obj)
                0x0000000008005a10                arch_dcache_invd_range
 .text.arch_icache_enable
                0x0000000008005a40       0x34 zephyr/arch/arch/arm/core/cortex_m/libarch__arm__core__cortex_m.a(cache.c.obj)
                0x0000000008005a40                arch_icache_enable
 .text.arch_icache_disable
                0x0000000008005a74       0x28 zephyr/arch/arch/arm/core/cortex_m/libarch__arm__core__cortex_m.a(cache.c.obj)
                0x0000000008005a74                arch_icache_disable
 .text.z_arm_configure_static_mpu_regions
                0x0000000008005a9c       0x18 zephyr/arch/arch/arm/core/mpu/libarch__arm__core__mpu.a(arm_core_mpu.c.obj)
                0x0000000008005a9c                z_arm_configure_static_mpu_regions
 .text.z_arm_configure_dynamic_mpu_regions
                0x0000000008005ab4       0x24 zephyr/arch/arch/arm/core/mpu/libarch__arm__core__mpu.a(arm_core_mpu.c.obj)
                0x0000000008005ab4                z_arm_configure_dynamic_mpu_regions
 .text.region_allocate_and_init
                0x0000000008005ad8       0x58 zephyr/arch/arch/arm/core/mpu/libarch__arm__core__mpu.a(arm_mpu.c.obj)
 .text.mpu_configure_regions
                0x0000000008005b30       0x70 zephyr/arch/arch/arm/core/mpu/libarch__arm__core__mpu.a(arm_mpu.c.obj)
 .text.arm_core_mpu_enable
                0x0000000008005ba0       0x18 zephyr/arch/arch/arm/core/mpu/libarch__arm__core__mpu.a(arm_mpu.c.obj)
                0x0000000008005ba0                arm_core_mpu_enable
 .text.arm_core_mpu_disable
                0x0000000008005bb8       0x14 zephyr/arch/arch/arm/core/mpu/libarch__arm__core__mpu.a(arm_mpu.c.obj)
                0x0000000008005bb8                arm_core_mpu_disable
 .text.arm_core_mpu_configure_static_mpu_regions
                0x0000000008005bcc       0x14 zephyr/arch/arch/arm/core/mpu/libarch__arm__core__mpu.a(arm_mpu.c.obj)
                0x0000000008005bcc                arm_core_mpu_configure_static_mpu_regions
 .text.arm_core_mpu_configure_dynamic_mpu_regions
                0x0000000008005be0       0x38 zephyr/arch/arch/arm/core/mpu/libarch__arm__core__mpu.a(arm_mpu.c.obj)
                0x0000000008005be0                arm_core_mpu_configure_dynamic_mpu_regions
 .text.z_arm_mpu_init
                0x0000000008005c18      0x17c zephyr/arch/arch/arm/core/mpu/libarch__arm__core__mpu.a(arm_mpu.c.obj)
                0x0000000008005c18                z_arm_mpu_init
 .text.z_impl_zephyr_fputc
                0x0000000008005d94       0x10 zephyr/lib/libc/picolibc/liblib__libc__picolibc.a(libc-hooks.c.obj)
                0x0000000008005d94                z_impl_zephyr_fputc
 .text.__stdout_hook_install
                0x0000000008005da4       0x18 zephyr/lib/libc/picolibc/liblib__libc__picolibc.a(libc-hooks.c.obj)
                0x0000000008005da4                __stdout_hook_install
 .text.cbvprintf
                0x0000000008005dbc       0x38 zephyr/lib/libc/picolibc/liblib__libc__picolibc.a(libc-hooks.c.obj)
                0x0000000008005dbc                cbvprintf
 .text.malloc_prepare
                0x0000000008005df4       0x24 zephyr/lib/libc/common/liblib__libc__common.a(malloc.c.obj)
 .text.malloc_lock
                0x0000000008005e18       0x14 zephyr/lib/libc/common/liblib__libc__common.a(malloc.c.obj)
 .text.malloc_unlock
                0x0000000008005e2c        0xc zephyr/lib/libc/common/liblib__libc__common.a(malloc.c.obj)
 .text.malloc   0x0000000008005e38       0x34 zephyr/lib/libc/common/liblib__libc__common.a(malloc.c.obj)
                0x0000000008005e38                malloc
 .text.free     0x0000000008005e6c       0x1c zephyr/lib/libc/common/liblib__libc__common.a(malloc.c.obj)
                0x0000000008005e6c                free
 .text.getopt_init
                0x0000000008005e88       0x48 zephyr/lib/posix/options/liblib__posix__options.a(getopt.c.obj)
                0x0000000008005e88                getopt_init
 .text.getopt   0x0000000008005ed0       0xf8 zephyr/lib/posix/options/liblib__posix__options.a(getopt.c.obj)
                0x0000000008005ed0                getopt
 .text.z_getopt_global_state_update
                0x0000000008005fc8       0x34 zephyr/lib/posix/options/liblib__posix__options.a(getopt_common.c.obj)
                0x0000000008005fc8                z_getopt_global_state_update
 .text.getopt_state_get
                0x0000000008005ffc        0x8 zephyr/lib/posix/options/liblib__posix__options.a(getopt_common.c.obj)
                0x0000000008005ffc                getopt_state_get
 .text.registry_find
                0x0000000008006004       0x2c zephyr/subsys/fs/libsubsys__fs.a(fs.c.obj)
 .text.k_mutex_lock.constprop.0.isra.0
                0x0000000008006030       0x10 zephyr/subsys/fs/libsubsys__fs.a(fs.c.obj)
 .text.k_mutex_unlock.constprop.0.isra.0
                0x0000000008006040        0xc zephyr/subsys/fs/libsubsys__fs.a(fs.c.obj)
 .text.fs_get_mnt_point
                0x000000000800604c       0x90 zephyr/subsys/fs/libsubsys__fs.a(fs.c.obj)
 .text.fs_open  0x00000000080060dc      0x124 zephyr/subsys/fs/libsubsys__fs.a(fs.c.obj)
                0x00000000080060dc                fs_open
 .text.fs_close
                0x0000000008006200       0x3c zephyr/subsys/fs/libsubsys__fs.a(fs.c.obj)
                0x0000000008006200                fs_close
 .text.fs_read  0x000000000800623c       0x3c zephyr/subsys/fs/libsubsys__fs.a(fs.c.obj)
                0x000000000800623c                fs_read
 .text.fs_opendir
                0x0000000008006278       0xd0 zephyr/subsys/fs/libsubsys__fs.a(fs.c.obj)
                0x0000000008006278                fs_opendir
 .text.fs_readdir
                0x0000000008006348       0xf0 zephyr/subsys/fs/libsubsys__fs.a(fs.c.obj)
                0x0000000008006348                fs_readdir
 .text.fs_closedir
                0x0000000008006438       0x44 zephyr/subsys/fs/libsubsys__fs.a(fs.c.obj)
                0x0000000008006438                fs_closedir
 .text.fs_mount
                0x000000000800647c      0x194 zephyr/subsys/fs/libsubsys__fs.a(fs.c.obj)
                0x000000000800647c                fs_mount
 .text.fs_unmount
                0x0000000008006610       0xa8 zephyr/subsys/fs/libsubsys__fs.a(fs.c.obj)
                0x0000000008006610                fs_unmount
 .text.fs_register
                0x00000000080066b8       0x50 zephyr/subsys/fs/libsubsys__fs.a(fs.c.obj)
                0x00000000080066b8                fs_register
 .text.translate_error
                0x0000000008006708       0x14 zephyr/subsys/fs/libsubsys__fs.a(fat_fs.c.obj)
 .text.fatfs_init
                0x000000000800671c        0xc zephyr/subsys/fs/libsubsys__fs.a(fat_fs.c.obj)
 .text.fatfs_mount
                0x0000000008006728       0x74 zephyr/subsys/fs/libsubsys__fs.a(fat_fs.c.obj)
 .text.fatfs_closedir
                0x000000000800679c       0x24 zephyr/subsys/fs/libsubsys__fs.a(fat_fs.c.obj)
 .text.fatfs_opendir
                0x00000000080067c0       0x50 zephyr/subsys/fs/libsubsys__fs.a(fat_fs.c.obj)
 .text.fatfs_close
                0x0000000008006810       0x28 zephyr/subsys/fs/libsubsys__fs.a(fat_fs.c.obj)
 .text.fatfs_open
                0x0000000008006838       0x58 zephyr/subsys/fs/libsubsys__fs.a(fat_fs.c.obj)
 .text.fatfs_unmount
                0x0000000008006890       0x7c zephyr/subsys/fs/libsubsys__fs.a(fat_fs.c.obj)
 .text.stm32_sdmmc_access_deinit
                0x000000000800690c       0x44 zephyr/drivers/disk/libdrivers__disk.a(sdmmc_stm32.c.obj)
 .text.stm32_sdmmc_card_present
                0x0000000008006950       0x5c zephyr/drivers/disk/libdrivers__disk.a(sdmmc_stm32.c.obj)
 .text.stm32_sdmmc_access_init
                0x00000000080069ac       0xc4 zephyr/drivers/disk/libdrivers__disk.a(sdmmc_stm32.c.obj)
 .text.stm32_sdmmc_access_write
                0x0000000008006a70       0x90 zephyr/drivers/disk/libdrivers__disk.a(sdmmc_stm32.c.obj)
 .text.stm32_sdmmc_access_read
                0x0000000008006b00       0x90 zephyr/drivers/disk/libdrivers__disk.a(sdmmc_stm32.c.obj)
 .text.disk_stm32_sdmmc_init
                0x0000000008006b90      0x1bc zephyr/drivers/disk/libdrivers__disk.a(sdmmc_stm32.c.obj)
 .text.stm32_exti_isr
                0x0000000008006d4c       0x50 zephyr/drivers/interrupt_controller/libdrivers__interrupt_controller.a(intc_exti_stm32.c.obj)
 .text.stm32_fill_irq_table
                0x0000000008006d9c       0x18 zephyr/drivers/interrupt_controller/libdrivers__interrupt_controller.a(intc_exti_stm32.c.obj)
 .text.stm32_exti_init
                0x0000000008006db4       0xb4 zephyr/drivers/interrupt_controller/libdrivers__interrupt_controller.a(intc_exti_stm32.c.obj)
 .text.stm32_gpio_intc_enable_line
                0x0000000008006e68       0x30 zephyr/drivers/interrupt_controller/libdrivers__interrupt_controller.a(intc_exti_stm32.c.obj)
                0x0000000008006e68                stm32_gpio_intc_enable_line
 .text.stm32_gpio_intc_set_irq_callback
                0x0000000008006e98       0x40 zephyr/drivers/interrupt_controller/libdrivers__interrupt_controller.a(intc_exti_stm32.c.obj)
                0x0000000008006e98                stm32_gpio_intc_set_irq_callback
 .text.stm32_gpio_intc_remove_irq_callback
                0x0000000008006ed8       0x24 zephyr/drivers/interrupt_controller/libdrivers__interrupt_controller.a(intc_exti_stm32.c.obj)
                0x0000000008006ed8                stm32_gpio_intc_remove_irq_callback
 .text.stm32_exti_get_line_src_port
                0x0000000008006efc       0x38 zephyr/drivers/interrupt_controller/libdrivers__interrupt_controller.a(intc_exti_stm32.c.obj)
                0x0000000008006efc                stm32_exti_get_line_src_port
 .text.get_pllsrc_frequency
                0x0000000008006f34       0x1c zephyr/drivers/clock_control/libdrivers__clock_control.a(clock_stm32_ll_h7.c.obj)
 .text.get_hclk_frequency
                0x0000000008006f50       0x34 zephyr/drivers/clock_control/libdrivers__clock_control.a(clock_stm32_ll_h7.c.obj)
 .text.stm32_clock_control_get_subsys_rate
                0x0000000008006f84       0xd8 zephyr/drivers/clock_control/libdrivers__clock_control.a(clock_stm32_ll_h7.c.obj)
 .text.stm32_clock_control_init
                0x000000000800705c      0x288 zephyr/drivers/clock_control/libdrivers__clock_control.a(clock_stm32_ll_h7.c.obj)
                0x000000000800705c                stm32_clock_control_init
 .text.uart_console_init
                0x00000000080072e4       0x28 zephyr/drivers/console/libdrivers__console.a(uart_console.c.obj)
 .text.console_out
                0x000000000800730c       0x28 zephyr/drivers/console/libdrivers__console.a(uart_console.c.obj)
 .text.dma_stm32_get_status
                0x0000000008007334       0x44 zephyr/drivers/dma/libdrivers__dma.a(dma_stm32.c.obj)
                0x0000000008007334                dma_stm32_get_status
 .text.dma_stm32_stop
                0x0000000008007378       0x78 zephyr/drivers/dma/libdrivers__dma.a(dma_stm32.c.obj)
                0x0000000008007378                dma_stm32_stop
 .text.dma_stm32_reload
                0x00000000080073f0       0xf4 zephyr/drivers/dma/libdrivers__dma.a(dma_stm32.c.obj)
                0x00000000080073f0                dma_stm32_reload
 .text.dma_stm32_init
                0x00000000080074e4       0x94 zephyr/drivers/dma/libdrivers__dma.a(dma_stm32.c.obj)
 .text.dma_stm32_irq_handler
                0x0000000008007578       0xc8 zephyr/drivers/dma/libdrivers__dma.a(dma_stm32.c.obj)
 .text.dma_stm32_configure
                0x0000000008007640      0x424 zephyr/drivers/dma/libdrivers__dma.a(dma_stm32.c.obj)
                0x0000000008007640                dma_stm32_configure
 .text.dma_stm32_id_to_stream
                0x0000000008007a64        0xc zephyr/drivers/dma/libdrivers__dma.a(dma_stm32_v1.c.obj)
                0x0000000008007a64                dma_stm32_id_to_stream
 .text.dma_stm32_clear_ht
                0x0000000008007a70        0xc zephyr/drivers/dma/libdrivers__dma.a(dma_stm32_v1.c.obj)
                0x0000000008007a70                dma_stm32_clear_ht
 .text.dma_stm32_clear_tc
                0x0000000008007a7c        0xc zephyr/drivers/dma/libdrivers__dma.a(dma_stm32_v1.c.obj)
                0x0000000008007a7c                dma_stm32_clear_tc
 .text.dma_stm32_is_ht_active
                0x0000000008007a88       0x18 zephyr/drivers/dma/libdrivers__dma.a(dma_stm32_v1.c.obj)
                0x0000000008007a88                dma_stm32_is_ht_active
 .text.dma_stm32_is_tc_active
                0x0000000008007aa0       0x18 zephyr/drivers/dma/libdrivers__dma.a(dma_stm32_v1.c.obj)
                0x0000000008007aa0                dma_stm32_is_tc_active
 .text.dma_stm32_clear_te
                0x0000000008007ab8        0xc zephyr/drivers/dma/libdrivers__dma.a(dma_stm32_v1.c.obj)
                0x0000000008007ab8                dma_stm32_clear_te
 .text.dma_stm32_clear_dme
                0x0000000008007ac4        0xc zephyr/drivers/dma/libdrivers__dma.a(dma_stm32_v1.c.obj)
                0x0000000008007ac4                dma_stm32_clear_dme
 .text.dma_stm32_clear_fe
                0x0000000008007ad0        0xc zephyr/drivers/dma/libdrivers__dma.a(dma_stm32_v1.c.obj)
                0x0000000008007ad0                dma_stm32_clear_fe
 .text.dma_stm32_is_te_active
                0x0000000008007adc       0x18 zephyr/drivers/dma/libdrivers__dma.a(dma_stm32_v1.c.obj)
                0x0000000008007adc                dma_stm32_is_te_active
 .text.dma_stm32_is_dme_active
                0x0000000008007af4       0x18 zephyr/drivers/dma/libdrivers__dma.a(dma_stm32_v1.c.obj)
                0x0000000008007af4                dma_stm32_is_dme_active
 .text.dma_stm32_is_fe_active
                0x0000000008007b0c       0x18 zephyr/drivers/dma/libdrivers__dma.a(dma_stm32_v1.c.obj)
                0x0000000008007b0c                dma_stm32_is_fe_active
 .text.stm32_dma_dump_stream_irq.part.0
                0x0000000008007b24       0x68 zephyr/drivers/dma/libdrivers__dma.a(dma_stm32_v1.c.obj)
 .text.stm32_dma_dump_stream_irq
                0x0000000008007b8c       0x18 zephyr/drivers/dma/libdrivers__dma.a(dma_stm32_v1.c.obj)
                0x0000000008007b8c                stm32_dma_dump_stream_irq
 .text.stm32_dma_is_tc_irq_active
                0x0000000008007ba4       0x2c zephyr/drivers/dma/libdrivers__dma.a(dma_stm32_v1.c.obj)
                0x0000000008007ba4                stm32_dma_is_tc_irq_active
 .text.stm32_dma_is_ht_irq_active
                0x0000000008007bd0       0x2c zephyr/drivers/dma/libdrivers__dma.a(dma_stm32_v1.c.obj)
                0x0000000008007bd0                stm32_dma_is_ht_irq_active
 .text.stm32_dma_is_unexpected_irq_happened
                0x0000000008007bfc       0x5c zephyr/drivers/dma/libdrivers__dma.a(dma_stm32_v1.c.obj)
                0x0000000008007bfc                stm32_dma_is_unexpected_irq_happened
 .text.stm32_dma_enable_stream
                0x0000000008007c58       0x1c zephyr/drivers/dma/libdrivers__dma.a(dma_stm32_v1.c.obj)
                0x0000000008007c58                stm32_dma_enable_stream
 .text.stm32_dma_is_enabled_stream
                0x0000000008007c74       0x1c zephyr/drivers/dma/libdrivers__dma.a(dma_stm32_v1.c.obj)
                0x0000000008007c74                stm32_dma_is_enabled_stream
 .text.stm32_dma_disable_stream
                0x0000000008007c90       0x34 zephyr/drivers/dma/libdrivers__dma.a(dma_stm32_v1.c.obj)
                0x0000000008007c90                stm32_dma_disable_stream
 .text.stm32_dma_disable_fifo_irq
                0x0000000008007cc4       0x20 zephyr/drivers/dma/libdrivers__dma.a(dma_stm32_v1.c.obj)
                0x0000000008007cc4                stm32_dma_disable_fifo_irq
 .text.stm32_dma_get_mburst
                0x0000000008007ce4       0x4c zephyr/drivers/dma/libdrivers__dma.a(dma_stm32_v1.c.obj)
                0x0000000008007ce4                stm32_dma_get_mburst
 .text.stm32_dma_get_pburst
                0x0000000008007d30       0x4c zephyr/drivers/dma/libdrivers__dma.a(dma_stm32_v1.c.obj)
                0x0000000008007d30                stm32_dma_get_pburst
 .text.stm32_dma_get_fifo_threshold
                0x0000000008007d7c       0x38 zephyr/drivers/dma/libdrivers__dma.a(dma_stm32_v1.c.obj)
                0x0000000008007d7c                stm32_dma_get_fifo_threshold
 .text.dmamux_stm32_get_status
                0x0000000008007db4       0x64 zephyr/drivers/dma/libdrivers__dma.a(dmamux_stm32.c.obj)
                0x0000000008007db4                dmamux_stm32_get_status
 .text.dmamux_stm32_reload
                0x0000000008007e18       0x6c zephyr/drivers/dma/libdrivers__dma.a(dmamux_stm32.c.obj)
                0x0000000008007e18                dmamux_stm32_reload
 .text.dmamux_stm32_stop
                0x0000000008007e84       0x64 zephyr/drivers/dma/libdrivers__dma.a(dmamux_stm32.c.obj)
                0x0000000008007e84                dmamux_stm32_stop
 .text.dmamux_stm32_start
                0x0000000008007ee8       0x64 zephyr/drivers/dma/libdrivers__dma.a(dmamux_stm32.c.obj)
                0x0000000008007ee8                dmamux_stm32_start
 .text.dmamux_stm32_configure
                0x0000000008007f4c       0x98 zephyr/drivers/dma/libdrivers__dma.a(dmamux_stm32.c.obj)
                0x0000000008007f4c                dmamux_stm32_configure
 .text.dmamux_stm32_init
                0x0000000008007fe4       0x84 zephyr/drivers/dma/libdrivers__dma.a(dmamux_stm32.c.obj)
 .text.gpio_stm32_pin_interrupt_configure
                0x0000000008008068       0xb0 zephyr/drivers/gpio/libdrivers__gpio.a(gpio_stm32.c.obj)
 .text.gpio_stm32_init
                0x0000000008008118       0x30 zephyr/drivers/gpio/libdrivers__gpio.a(gpio_stm32.c.obj)
 .text.msg_init
                0x0000000008008148       0x9c zephyr/drivers/i2c/libdrivers__i2c.a(i2c_ll_stm32_v2.c.obj)
 .text.stm32_i2c_configure_timing
                0x00000000080081e4      0x170 zephyr/drivers/i2c/libdrivers__i2c.a(i2c_ll_stm32_v2.c.obj)
                0x00000000080081e4                stm32_i2c_configure_timing
 .text.i2c_stm32_get_config.part.0
                0x0000000008008354       0x20 zephyr/drivers/i2c/libdrivers__i2c.a(i2c_ll_stm32.c.obj)
 .text.i2c_stm32_set_smbus_mode
                0x0000000008008374       0x5c zephyr/drivers/i2c/libdrivers__i2c.a(i2c_ll_stm32.c.obj)
                0x0000000008008374                i2c_stm32_set_smbus_mode
 .text.i2c_stm32_runtime_configure
                0x00000000080083d0       0x90 zephyr/drivers/i2c/libdrivers__i2c.a(i2c_ll_stm32.c.obj)
                0x00000000080083d0                i2c_stm32_runtime_configure
 .text.i2c_stm32_init
                0x0000000008008460      0x154 zephyr/drivers/i2c/libdrivers__i2c.a(i2c_ll_stm32.c.obj)
 .text.i2s_stm32_isr
                0x00000000080085b4       0x48 zephyr/drivers/i2s/libdrivers__i2s.a(i2s_ll_stm32.c.obj)
 .text.tx_stream_disable
                0x00000000080085fc       0x70 zephyr/drivers/i2s/libdrivers__i2s.a(i2s_ll_stm32.c.obj)
 .text.rx_stream_disable
                0x000000000800866c       0x68 zephyr/drivers/i2s/libdrivers__i2s.a(i2s_ll_stm32.c.obj)
 .text.i2s_stm32_configure
                0x00000000080086d4      0x260 zephyr/drivers/i2s/libdrivers__i2s.a(i2s_ll_stm32.c.obj)
 .text.i2s_stm32_trigger
                0x0000000008008934      0x1d8 zephyr/drivers/i2s/libdrivers__i2s.a(i2s_ll_stm32.c.obj)
 .text.rx_stream_start
                0x0000000008008b0c       0xdc zephyr/drivers/i2s/libdrivers__i2s.a(i2s_ll_stm32.c.obj)
 .text.dma_rx_callback
                0x0000000008008be8       0x84 zephyr/drivers/i2s/libdrivers__i2s.a(i2s_ll_stm32.c.obj)
 .text.dma_tx_callback
                0x0000000008008c6c       0xd8 zephyr/drivers/i2s/libdrivers__i2s.a(i2s_ll_stm32.c.obj)
 .text.tx_stream_start
                0x0000000008008d44       0xe4 zephyr/drivers/i2s/libdrivers__i2s.a(i2s_ll_stm32.c.obj)
 .text.i2s_stm32_initialize
                0x0000000008008e28      0x1fc zephyr/drivers/i2s/libdrivers__i2s.a(i2s_ll_stm32.c.obj)
 .text.pinctrl_configure_pins
                0x0000000008009024       0x84 zephyr/drivers/pinctrl/libdrivers__pinctrl.a(pinctrl_stm32.c.obj)
                0x0000000008009024                pinctrl_configure_pins
 .text.uart_stm32_irq_err_enable
                0x00000000080090a8       0x88 zephyr/drivers/serial/libdrivers__serial.a(uart_stm32.c.obj)
 .text.uart_stm32_irq_err_disable
                0x0000000008009130       0x88 zephyr/drivers/serial/libdrivers__serial.a(uart_stm32.c.obj)
 .text.uart_stm32_set_baudrate.part.0
                0x00000000080091b8       0x1c zephyr/drivers/serial/libdrivers__serial.a(uart_stm32.c.obj)
 .text.uart_stm32_parameters_set
                0x00000000080091d4      0x134 zephyr/drivers/serial/libdrivers__serial.a(uart_stm32.c.obj)
 .text.uart_stm32_init
                0x0000000008009308      0x220 zephyr/drivers/serial/libdrivers__serial.a(uart_stm32.c.obj)
 .text.uart_stm32_configure
                0x0000000008009528      0x188 zephyr/drivers/serial/libdrivers__serial.a(uart_stm32.c.obj)
 .text.elapsed  0x00000000080096b0       0x4c zephyr/drivers/timer/libdrivers__timer.a(cortex_m_systick.c.obj)
 .text.sys_clock_driver_init
                0x00000000080096fc       0x38 zephyr/drivers/timer/libdrivers__timer.a(cortex_m_systick.c.obj)
 .text.sys_clock_isr
                0x0000000008009734       0x60 zephyr/drivers/timer/libdrivers__timer.a(cortex_m_systick.c.obj)
                0x0000000008009734                sys_clock_isr
 .text.sys_clock_set_timeout
                0x0000000008009794       0xfc zephyr/drivers/timer/libdrivers__timer.a(cortex_m_systick.c.obj)
                0x0000000008009794                sys_clock_set_timeout
 .text.sys_clock_elapsed
                0x0000000008009890       0x3c zephyr/drivers/timer/libdrivers__timer.a(cortex_m_systick.c.obj)
                0x0000000008009890                sys_clock_elapsed
 .text.sys_clock_cycle_get_32
                0x00000000080098cc       0x28 zephyr/drivers/timer/libdrivers__timer.a(cortex_m_systick.c.obj)
                0x00000000080098cc                sys_clock_cycle_get_32
 .text.get_ldnumber
                0x00000000080098f4       0x8c modules/fatfs/libmodules__fatfs.a(ff.c.obj)
 .text.check_fs
                0x0000000008009980       0xc0 modules/fatfs/libmodules__fatfs.a(ff.c.obj)
 .text.mount_volume
                0x0000000008009a40      0x228 modules/fatfs/libmodules__fatfs.a(ff.c.obj)
 .text.follow_path
                0x0000000008009c68      0x188 modules/fatfs/libmodules__fatfs.a(ff.c.obj)
 .text.f_mount  0x0000000008009df0       0x50 modules/fatfs/libmodules__fatfs.a(ff.c.obj)
                0x0000000008009df0                f_mount
 .text.f_mkfs   0x0000000008009e40      0x724 modules/fatfs/libmodules__fatfs.a(ff.c.obj)
                0x0000000008009e40                f_mkfs
 .text.disk_status
                0x000000000800a564       0x18 modules/fatfs/libmodules__fatfs.a(zfs_diskio.c.obj)
                0x000000000800a564                disk_status
 .text.disk_read
                0x000000000800a57c       0x18 modules/fatfs/libmodules__fatfs.a(zfs_diskio.c.obj)
                0x000000000800a57c                disk_read
 .text.disk_write
                0x000000000800a594       0x18 modules/fatfs/libmodules__fatfs.a(zfs_diskio.c.obj)
                0x000000000800a594                disk_write
 .text.disk_ioctl
                0x000000000800a5ac       0x74 modules/fatfs/libmodules__fatfs.a(zfs_diskio.c.obj)
                0x000000000800a5ac                disk_ioctl
 .text.HAL_RCC_GetSysClockFreq
                0x000000000800a620      0x158 modules/hal_stm32/stm32cube/lib..__modules__hal__stm32__stm32cube.a(stm32h7xx_hal_rcc.c.obj)
                0x000000000800a620                HAL_RCC_GetSysClockFreq
 .text.HAL_RCC_GetHCLKFreq
                0x000000000800a778       0x44 modules/hal_stm32/stm32cube/lib..__modules__hal__stm32__stm32cube.a(stm32h7xx_hal_rcc.c.obj)
                0x000000000800a778                HAL_RCC_GetHCLKFreq
 .text.HAL_RCC_GetPCLK1Freq
                0x000000000800a7bc       0x24 modules/hal_stm32/stm32cube/lib..__modules__hal__stm32__stm32cube.a(stm32h7xx_hal_rcc.c.obj)
                0x000000000800a7bc                HAL_RCC_GetPCLK1Freq
 .text.HAL_RCCEx_GetD3PCLK1Freq
                0x000000000800a7e0       0x24 modules/hal_stm32/stm32cube/lib..__modules__hal__stm32__stm32cube.a(stm32h7xx_hal_rcc_ex.c.obj)
                0x000000000800a7e0                HAL_RCCEx_GetD3PCLK1Freq
 .text.HAL_RCCEx_GetPLL2ClockFreq
                0x000000000800a804      0x174 modules/hal_stm32/stm32cube/lib..__modules__hal__stm32__stm32cube.a(stm32h7xx_hal_rcc_ex.c.obj)
                0x000000000800a804                HAL_RCCEx_GetPLL2ClockFreq
 .text.HAL_RCCEx_GetPLL3ClockFreq
                0x000000000800a978      0x174 modules/hal_stm32/stm32cube/lib..__modules__hal__stm32__stm32cube.a(stm32h7xx_hal_rcc_ex.c.obj)
                0x000000000800a978                HAL_RCCEx_GetPLL3ClockFreq
 .text.HAL_RCCEx_GetPLL1ClockFreq
                0x000000000800aaec      0x174 modules/hal_stm32/stm32cube/lib..__modules__hal__stm32__stm32cube.a(stm32h7xx_hal_rcc_ex.c.obj)
                0x000000000800aaec                HAL_RCCEx_GetPLL1ClockFreq
 .text.HAL_RCCEx_GetPeriphCLKFreq
                0x000000000800ac60      0x2cc modules/hal_stm32/stm32cube/lib..__modules__hal__stm32__stm32cube.a(stm32h7xx_hal_rcc_ex.c.obj)
                0x000000000800ac60                HAL_RCCEx_GetPeriphCLKFreq
 .text.SD_FindSCR.constprop.0
                0x000000000800af2c       0xcc modules/hal_stm32/stm32cube/lib..__modules__hal__stm32__stm32cube.a(stm32h7xx_hal_sd.c.obj)
 .text.HAL_SD_ReadBlocks_IT
                0x000000000800aff8       0xc4 modules/hal_stm32/stm32cube/lib..__modules__hal__stm32__stm32cube.a(stm32h7xx_hal_sd.c.obj)
                0x000000000800aff8                HAL_SD_ReadBlocks_IT
 .text.HAL_SD_WriteBlocks_IT
                0x000000000800b0bc       0xc4 modules/hal_stm32/stm32cube/lib..__modules__hal__stm32__stm32cube.a(stm32h7xx_hal_sd.c.obj)
                0x000000000800b0bc                HAL_SD_WriteBlocks_IT
 .text.HAL_SD_GetCardCSD
                0x000000000800b180      0x1b0 modules/hal_stm32/stm32cube/lib..__modules__hal__stm32__stm32cube.a(stm32h7xx_hal_sd.c.obj)
                0x000000000800b180                HAL_SD_GetCardCSD
 .text.HAL_SD_InitCard
                0x000000000800b330      0x234 modules/hal_stm32/stm32cube/lib..__modules__hal__stm32__stm32cube.a(stm32h7xx_hal_sd.c.obj)
                0x000000000800b330                HAL_SD_InitCard
 .text.HAL_SD_GetCardStatus
                0x000000000800b564      0x18c modules/hal_stm32/stm32cube/lib..__modules__hal__stm32__stm32cube.a(stm32h7xx_hal_sd.c.obj)
                0x000000000800b564                HAL_SD_GetCardStatus
 .text.HAL_SD_ConfigWideBusOperation
                0x000000000800b6f0      0x170 modules/hal_stm32/stm32cube/lib..__modules__hal__stm32__stm32cube.a(stm32h7xx_hal_sd.c.obj)
                0x000000000800b6f0                HAL_SD_ConfigWideBusOperation
 .text.HAL_SD_IRQHandler
                0x000000000800b860      0x268 modules/hal_stm32/stm32cube/lib..__modules__hal__stm32__stm32cube.a(stm32h7xx_hal_sd.c.obj)
                0x000000000800b860                HAL_SD_IRQHandler
 .text.LL_DMA_Init
                0x000000000800bac8       0xa4 modules/hal_stm32/stm32cube/lib..__modules__hal__stm32__stm32cube.a(stm32h7xx_ll_dma.c.obj)
                0x000000000800bac8                LL_DMA_Init
 .text.SDMMC_Init
                0x000000000800bb6c       0x34 modules/hal_stm32/stm32cube/lib..__modules__hal__stm32__stm32cube.a(stm32h7xx_ll_sdmmc.c.obj)
                0x000000000800bb6c                SDMMC_Init
 .text.SDMMC_SendCommand
                0x000000000800bba0       0x28 modules/hal_stm32/stm32cube/lib..__modules__hal__stm32__stm32cube.a(stm32h7xx_ll_sdmmc.c.obj)
                0x000000000800bba0                SDMMC_SendCommand
 .text.SDMMC_CmdGoIdleState
                0x000000000800bbc8       0x50 modules/hal_stm32/stm32cube/lib..__modules__hal__stm32__stm32cube.a(stm32h7xx_ll_sdmmc.c.obj)
                0x000000000800bbc8                SDMMC_CmdGoIdleState
 .text.SDMMC_GetCmdResp1
                0x000000000800bc18      0x124 modules/hal_stm32/stm32cube/lib..__modules__hal__stm32__stm32cube.a(stm32h7xx_ll_sdmmc.c.obj)
                0x000000000800bc18                SDMMC_GetCmdResp1
 .text.SDMMC_CmdStopTransfer
                0x000000000800bd3c       0x54 modules/hal_stm32/stm32cube/lib..__modules__hal__stm32__stm32cube.a(stm32h7xx_ll_sdmmc.c.obj)
                0x000000000800bd3c                SDMMC_CmdStopTransfer
 .text.SDMMC_GetCmdResp2
                0x000000000800bd90       0x50 modules/hal_stm32/stm32cube/lib..__modules__hal__stm32__stm32cube.a(stm32h7xx_ll_sdmmc.c.obj)
                0x000000000800bd90                SDMMC_GetCmdResp2
 .text.SDMMC_GetCmdResp3
                0x000000000800bde0       0x48 modules/hal_stm32/stm32cube/lib..__modules__hal__stm32__stm32cube.a(stm32h7xx_ll_sdmmc.c.obj)
                0x000000000800bde0                SDMMC_GetCmdResp3
 .text.SDMMC_GetCmdResp6
                0x000000000800be28       0x84 modules/hal_stm32/stm32cube/lib..__modules__hal__stm32__stm32cube.a(stm32h7xx_ll_sdmmc.c.obj)
                0x000000000800be28                SDMMC_GetCmdResp6
 .text.SDMMC_GetCmdResp7
                0x000000000800beac       0x54 modules/hal_stm32/stm32cube/lib..__modules__hal__stm32__stm32cube.a(stm32h7xx_ll_sdmmc.c.obj)
                0x000000000800beac                SDMMC_GetCmdResp7
 .text.LL_SetFlashLatency
                0x000000000800bf00      0x198 modules/hal_stm32/stm32cube/lib..__modules__hal__stm32__stm32cube.a(stm32h7xx_ll_utils.c.obj)
                0x000000000800bf00                LL_SetFlashLatency
 .text.z_device_get_all_static
                0x000000000800c098       0x18 zephyr/kernel/libkernel.a(device.c.obj)
                0x000000000800c098                z_device_get_all_static
 .text.k_sys_fatal_error_handler
                0x000000000800c0b0       0x28 zephyr/kernel/libkernel.a(fatal.c.obj)
                0x000000000800c0b0                k_sys_fatal_error_handler
 .text.z_fatal_error
                0x000000000800c0d8      0x110 zephyr/kernel/libkernel.a(fatal.c.obj)
                0x000000000800c0d8                z_fatal_error
 .text.z_sys_init_run_level
                0x000000000800c1e8       0x2c zephyr/kernel/libkernel.a(init.c.obj)
 .text.bg_thread_main
                0x000000000800c214       0xc4 zephyr/kernel/libkernel.a(init.c.obj)
 .text.z_bss_zero
                0x000000000800c2d8       0x2c zephyr/kernel/libkernel.a(init.c.obj)
                0x000000000800c2d8                z_bss_zero
 .text.z_init_cpu
                0x000000000800c304       0x78 zephyr/kernel/libkernel.a(init.c.obj)
                0x000000000800c304                z_init_cpu
 .text.z_cstart
                0x000000000800c37c       0xdc zephyr/kernel/libkernel.a(init.c.obj)
                0x000000000800c37c                z_cstart
 .text.init_mem_slab_obj_core_list
                0x000000000800c458       0x24 zephyr/kernel/libkernel.a(mem_slab.c.obj)
 .text.k_mem_slab_alloc
                0x000000000800c47c       0x5c zephyr/kernel/libkernel.a(mem_slab.c.obj)
                0x000000000800c47c                k_mem_slab_alloc
 .text.z_impl_k_mutex_lock
                0x000000000800c4d8       0xf0 zephyr/kernel/libkernel.a(mutex.c.obj)
                0x000000000800c4d8                z_impl_k_mutex_lock
 .text.z_impl_k_mutex_unlock
                0x000000000800c5c8       0xa0 zephyr/kernel/libkernel.a(mutex.c.obj)
                0x000000000800c5c8                z_impl_k_mutex_unlock
 .text.z_impl_k_sem_give
                0x000000000800c668       0x6c zephyr/kernel/libkernel.a(sem.c.obj)
                0x000000000800c668                z_impl_k_sem_give
 .text.z_impl_k_sem_take
                0x000000000800c6d4       0x4c zephyr/kernel/libkernel.a(sem.c.obj)
                0x000000000800c6d4                z_impl_k_sem_take
 .text.z_impl_k_sem_reset
                0x000000000800c720       0x6c zephyr/kernel/libkernel.a(sem.c.obj)
                0x000000000800c720                z_impl_k_sem_reset
 .text.work_queue_main
                0x000000000800c78c      0x144 zephyr/kernel/libkernel.a(work.c.obj)
 .text.submit_to_queue_locked
                0x000000000800c8d0       0xb0 zephyr/kernel/libkernel.a(work.c.obj)
 .text.k_work_submit
                0x000000000800c980        0xc zephyr/kernel/libkernel.a(work.c.obj)
                0x000000000800c980                k_work_submit
 .text.k_work_queue_start
                0x000000000800c98c       0x7c zephyr/kernel/libkernel.a(work.c.obj)
                0x000000000800c98c                k_work_queue_start
 .text.z_impl_k_thread_name_set
                0x000000000800ca08       0x20 zephyr/kernel/libkernel.a(thread.c.obj)
                0x000000000800ca08                z_impl_k_thread_name_set
 .text.k_thread_state_str
                0x000000000800ca28       0x90 zephyr/kernel/libkernel.a(thread.c.obj)
                0x000000000800ca28                k_thread_state_str
 .text.z_setup_new_thread
                0x000000000800cab8       0xf8 zephyr/kernel/libkernel.a(thread.c.obj)
                0x000000000800cab8                z_setup_new_thread
 .text.z_impl_k_thread_create
                0x000000000800cbb0       0x58 zephyr/kernel/libkernel.a(thread.c.obj)
                0x000000000800cbb0                z_impl_k_thread_create
 .text.unready_thread
                0x000000000800cc08       0x54 zephyr/kernel/libkernel.a(sched.c.obj)
 .text.ready_thread
                0x000000000800cc5c       0x8c zephyr/kernel/libkernel.a(sched.c.obj)
 .text.z_thread_halt
                0x000000000800cce8      0x118 zephyr/kernel/libkernel.a(sched.c.obj)
 .text.move_thread_to_end_of_prio_q
                0x000000000800ce00       0x94 zephyr/kernel/libkernel.a(sched.c.obj)
                0x000000000800ce00                move_thread_to_end_of_prio_q
 .text.z_pend_curr
                0x000000000800ce94       0x58 zephyr/kernel/libkernel.a(sched.c.obj)
                0x000000000800ce94                z_pend_curr
 .text.z_thread_prio_set
                0x000000000800ceec       0x9c zephyr/kernel/libkernel.a(sched.c.obj)
                0x000000000800ceec                z_thread_prio_set
 .text.z_reschedule
                0x000000000800cf88       0x24 zephyr/kernel/libkernel.a(sched.c.obj)
                0x000000000800cf88                z_reschedule
 .text.z_sched_start
                0x000000000800cfac       0x3c zephyr/kernel/libkernel.a(sched.c.obj)
                0x000000000800cfac                z_sched_start
 .text.z_reschedule_irqlock
                0x000000000800cfe8       0x28 zephyr/kernel/libkernel.a(sched.c.obj)
                0x000000000800cfe8                z_reschedule_irqlock
 .text.k_sched_lock
                0x000000000800d010       0x28 zephyr/kernel/libkernel.a(sched.c.obj)
                0x000000000800d010                k_sched_lock
 .text.k_sched_unlock
                0x000000000800d038       0x68 zephyr/kernel/libkernel.a(sched.c.obj)
                0x000000000800d038                k_sched_unlock
 .text.z_sched_init
                0x000000000800d0a0       0x10 zephyr/kernel/libkernel.a(sched.c.obj)
                0x000000000800d0a0                z_sched_init
 .text.z_impl_k_yield
                0x000000000800d0b0       0x8c zephyr/kernel/libkernel.a(sched.c.obj)
                0x000000000800d0b0                z_impl_k_yield
 .text.z_tick_sleep
                0x000000000800d13c       0x88 zephyr/kernel/libkernel.a(sched.c.obj)
 .text.z_impl_k_sleep
                0x000000000800d1c4       0x38 zephyr/kernel/libkernel.a(sched.c.obj)
                0x000000000800d1c4                z_impl_k_sleep
 .text.z_impl_k_sched_current_thread_query
                0x000000000800d1fc        0xc zephyr/kernel/libkernel.a(sched.c.obj)
                0x000000000800d1fc                z_impl_k_sched_current_thread_query
 .text.z_sched_wait
                0x000000000800d208       0x24 zephyr/kernel/libkernel.a(sched.c.obj)
                0x000000000800d208                z_sched_wait
 .text.slice_timeout
                0x000000000800d22c       0x20 zephyr/kernel/libkernel.a(timeslicing.c.obj)
 .text.thread_is_sliceable
                0x000000000800d24c       0x3c zephyr/kernel/libkernel.a(timeslicing.c.obj)
                0x000000000800d24c                thread_is_sliceable
 .text.z_reset_time_slice
                0x000000000800d288       0x50 zephyr/kernel/libkernel.a(timeslicing.c.obj)
                0x000000000800d288                z_reset_time_slice
 .text.z_time_slice
                0x000000000800d2d8       0x60 zephyr/kernel/libkernel.a(timeslicing.c.obj)
                0x000000000800d2d8                z_time_slice
 .text.z_thread_monitor_exit
                0x000000000800d338       0x3c zephyr/kernel/libkernel.a(thread_monitor.c.obj)
                0x000000000800d338                z_thread_monitor_exit
 .text.k_thread_foreach_unlocked
                0x000000000800d374       0x48 zephyr/kernel/libkernel.a(thread_monitor.c.obj)
                0x000000000800d374                k_thread_foreach_unlocked
 .text.z_data_copy
                0x000000000800d3bc       0x4c zephyr/kernel/libkernel.a(xip.c.obj)
                0x000000000800d3bc                z_data_copy
 .text.elapsed  0x000000000800d408       0x14 zephyr/kernel/libkernel.a(timeout.c.obj)
 .text.remove_timeout
                0x000000000800d41c       0x38 zephyr/kernel/libkernel.a(timeout.c.obj)
 .text.next_timeout
                0x000000000800d454       0x40 zephyr/kernel/libkernel.a(timeout.c.obj)
 .text.z_add_timeout
                0x000000000800d494       0xf4 zephyr/kernel/libkernel.a(timeout.c.obj)
                0x000000000800d494                z_add_timeout
 .text.sys_clock_announce
                0x000000000800d588       0xd4 zephyr/kernel/libkernel.a(timeout.c.obj)
                0x000000000800d588                sys_clock_announce
 .text.sys_clock_tick_get
                0x000000000800d65c       0x30 zephyr/kernel/libkernel.a(timeout.c.obj)
                0x000000000800d65c                sys_clock_tick_get
 .text.z_timer_expiration_handler
                0x000000000800d68c       0xe0 zephyr/kernel/libkernel.a(timer.c.obj)
                0x000000000800d68c                z_timer_expiration_handler
 .text.z_impl_k_timer_start
                0x000000000800d76c       0x74 zephyr/kernel/libkernel.a(timer.c.obj)
                0x000000000800d76c                z_impl_k_timer_start
 .text.z_impl_k_poll
                0x000000000800d7e0       0xb0 zephyr/kernel/libkernel.a(poll.c.obj)
                0x000000000800d7e0                z_impl_k_poll
 .text.z_impl_k_poll_signal_raise
                0x000000000800d890       0x50 zephyr/kernel/libkernel.a(poll.c.obj)
                0x000000000800d890                z_impl_k_poll_signal_raise
 .text.k_thread_system_pool_assign
                0x000000000800d8e0        0xc zephyr/kernel/libkernel.a(mempool.c.obj)
                0x000000000800d8e0                k_thread_system_pool_assign
 .text.boot_banner
                0x000000000800d8ec        0xc zephyr/kernel/libkernel.a(banner.c.obj)
                0x000000000800d8ec                boot_banner
 .text.statics_init
                0x000000000800d8f8       0x24 zephyr/kernel/libkernel.a(kheap.c.obj)
 .text.k_sys_work_q_init
                0x000000000800d91c       0x34 zephyr/kernel/libkernel.a(system_work_q.c.obj)
 .text.puts     0x000000000800d950       0x40 /opt/zephyr-sdk-0.16.8/arm-zephyr-eabi/bin/../lib/gcc/../../picolibc/arm-zephyr-eabi/lib/thumb/v7e-m/nofp/libc.a(libc_tinystdio_puts.c.o)
                0x000000000800d950                puts
 .text.snprintf
                0x000000000800d990       0x58 /opt/zephyr-sdk-0.16.8/arm-zephyr-eabi/bin/../lib/gcc/../../picolibc/arm-zephyr-eabi/lib/thumb/v7e-m/nofp/libc.a(libc_tinystdio_snprintf.c.o)
                0x000000000800d990                snprintf
 .text.strtol   0x000000000800d9e8       0xec /opt/zephyr-sdk-0.16.8/arm-zephyr-eabi/bin/../lib/gcc/../../picolibc/arm-zephyr-eabi/lib/thumb/v7e-m/nofp/libc.a(libc_tinystdio_strtol.c.o)
                0x000000000800d9e8                strtol
 .text.strtoul  0x000000000800dad4       0xcc /opt/zephyr-sdk-0.16.8/arm-zephyr-eabi/bin/../lib/gcc/../../picolibc/arm-zephyr-eabi/lib/thumb/v7e-m/nofp/libc.a(libc_tinystdio_strtoul.c.o)
                0x000000000800dad4                strtoul
 .text.__l_vfprintf
                0x000000000800dba0      0x4b8 /opt/zephyr-sdk-0.16.8/arm-zephyr-eabi/bin/../lib/gcc/../../picolibc/arm-zephyr-eabi/lib/thumb/v7e-m/nofp/libc.a(libc_tinystdio_vflprintf.c.o)
                0x000000000800dba0                __l_vfprintf
 .text.sinf     0x000000000800e058       0x78 /opt/zephyr-sdk-0.16.8/arm-zephyr-eabi/bin/../lib/gcc/../../picolibc/arm-zephyr-eabi/lib/thumb/v7e-m/nofp/libc.a(libm_math_sf_sin.c.o)
                0x000000000800e058                _sinf
                0x000000000800e058                sinf
 .text.__math_invalidf
                0x000000000800e0d0       0x10 /opt/zephyr-sdk-0.16.8/arm-zephyr-eabi/bin/../lib/gcc/../../picolibc/arm-zephyr-eabi/lib/thumb/v7e-m/nofp/libc.a(libm_common_math_errf_invalidf.c.o)
                0x000000000800e0d0                __math_invalidf
 .text.__kernel_cosf
                0x000000000800e0e0       0xf4 /opt/zephyr-sdk-0.16.8/arm-zephyr-eabi/bin/../lib/gcc/../../picolibc/arm-zephyr-eabi/lib/thumb/v7e-m/nofp/libc.a(libm_math_kf_cos.c.o)
                0x000000000800e0e0                __kernel_cosf
 .text.__kernel_sinf
                0x000000000800e1d4       0xe4 /opt/zephyr-sdk-0.16.8/arm-zephyr-eabi/bin/../lib/gcc/../../picolibc/arm-zephyr-eabi/lib/thumb/v7e-m/nofp/libc.a(libm_math_kf_sin.c.o)
                0x000000000800e1d4                __kernel_sinf
 .text.__rem_pio2f
                0x000000000800e2b8      0x2cc /opt/zephyr-sdk-0.16.8/arm-zephyr-eabi/bin/../lib/gcc/../../picolibc/arm-zephyr-eabi/lib/thumb/v7e-m/nofp/libc.a(libm_math_sf_rem_pio2.c.o)
                0x000000000800e2b8                __rem_pio2f
 .text.__fpclassifyf
                0x000000000800e584       0x34 /opt/zephyr-sdk-0.16.8/arm-zephyr-eabi/bin/../lib/gcc/../../picolibc/arm-zephyr-eabi/lib/thumb/v7e-m/nofp/libc.a(libm_common_sf_fpclassify.c.o)
                0x000000000800e584                __fpclassifyf
 .text.__kernel_rem_pio2f
                0x000000000800e5b8      0x55c /opt/zephyr-sdk-0.16.8/arm-zephyr-eabi/bin/../lib/gcc/../../picolibc/arm-zephyr-eabi/lib/thumb/v7e-m/nofp/libc.a(libm_math_kf_rem_pio2.c.o)
                0x000000000800e5b8                __kernel_rem_pio2f
 .text.scalbnf  0x000000000800eb14       0x88 /opt/zephyr-sdk-0.16.8/arm-zephyr-eabi/bin/../lib/gcc/../../picolibc/arm-zephyr-eabi/lib/thumb/v7e-m/nofp/libc.a(libm_common_sf_scalbn.c.o)
                0x000000000800eb14                ldexpf
                0x000000000800eb14                scalbnf
 .text.__math_oflowf
                0x000000000800eb9c       0x10 /opt/zephyr-sdk-0.16.8/arm-zephyr-eabi/bin/../lib/gcc/../../picolibc/arm-zephyr-eabi/lib/thumb/v7e-m/nofp/libc.a(libm_common_math_errf_oflowf.c.o)
                0x000000000800eb9c                __math_oflowf
 .text.floorf   0x000000000800ebac       0x60 /opt/zephyr-sdk-0.16.8/arm-zephyr-eabi/bin/../lib/gcc/../../picolibc/arm-zephyr-eabi/lib/thumb/v7e-m/nofp/libc.a(libm_machine_arm_sf_floor.c.o)
                0x000000000800ebac                floorf
 .text._OffsetAbsSyms
                0x000000000800ec0c        0x2 zephyr/CMakeFiles/offsets.dir/./arch/arm/core/offsets/offsets.c.obj
                0x000000000800ec0c                _OffsetAbsSyms
 .text.aic3120Init
                0x000000000800ec0e       0xf6 app/libapp.a(main.c.obj)
                0x000000000800ec0e                aic3120Init
 .text.chunk_field
                0x000000000800ed04       0x16 zephyr/libzephyr.a(heap.c.obj)
 .text.chunk_set
                0x000000000800ed1a       0x16 zephyr/libzephyr.a(heap.c.obj)
 .text.chunk_size
                0x000000000800ed30        0xc zephyr/libzephyr.a(heap.c.obj)
 .text.set_chunk_used
                0x000000000800ed3c       0x30 zephyr/libzephyr.a(heap.c.obj)
 .text.set_chunk_size
                0x000000000800ed6c        0x8 zephyr/libzephyr.a(heap.c.obj)
 .text.mem_to_chunkid
                0x000000000800ed74       0x14 zephyr/libzephyr.a(heap.c.obj)
 .text.bucket_idx.isra.0
                0x000000000800ed88       0x1e zephyr/libzephyr.a(heap.c.obj)
 .text.free_list_remove_bidx
                0x000000000800eda6       0x5c zephyr/libzephyr.a(heap.c.obj)
 .text.free_list_remove
                0x000000000800ee02       0x2e zephyr/libzephyr.a(heap.c.obj)
 .text.alloc_chunk
                0x000000000800ee30       0x74 zephyr/libzephyr.a(heap.c.obj)
 .text.split_chunks
                0x000000000800eea4       0x4e zephyr/libzephyr.a(heap.c.obj)
 .text.merge_chunks
                0x000000000800eef2       0x3c zephyr/libzephyr.a(heap.c.obj)
 .text.free_list_add
                0x000000000800ef2e       0x84 zephyr/libzephyr.a(heap.c.obj)
 .text.free_chunk
                0x000000000800efb2       0x84 zephyr/libzephyr.a(heap.c.obj)
 .text.sys_heap_free
                0x000000000800f036       0x24 zephyr/libzephyr.a(heap.c.obj)
                0x000000000800f036                sys_heap_free
 .text.sys_heap_alloc
                0x000000000800f05a       0x70 zephyr/libzephyr.a(heap.c.obj)
                0x000000000800f05a                sys_heap_alloc
 .text.sys_heap_aligned_alloc
                0x000000000800f0ca       0xec zephyr/libzephyr.a(heap.c.obj)
                0x000000000800f0ca                sys_heap_aligned_alloc
 .text.sys_heap_init
                0x000000000800f1b6       0xb0 zephyr/libzephyr.a(heap.c.obj)
                0x000000000800f1b6                sys_heap_init
 .text.cbpprintf_external
                0x000000000800f266       0x62 zephyr/libzephyr.a(cbprintf_packaged.c.obj)
                0x000000000800f266                cbpprintf_external
 .text.is_ptr   0x000000000800f2c8       0x4a zephyr/libzephyr.a(cbprintf_packaged.c.obj)
                0x000000000800f2c8                is_ptr
 .text.arch_printk_char_out
                0x000000000800f312        0x4 zephyr/libzephyr.a(printk.c.obj)
                0x000000000800f312                arch_printk_char_out
 .text.printk   0x000000000800f316       0x1a zephyr/libzephyr.a(printk.c.obj)
                0x000000000800f316                printk
 .text.free_space
                0x000000000800f330       0x26 zephyr/libzephyr.a(mpsc_pbuf.c.obj)
 .text.get_usage
                0x000000000800f356       0x22 zephyr/libzephyr.a(mpsc_pbuf.c.obj)
 .text.idx_inc  0x000000000800f378       0x1c zephyr/libzephyr.a(mpsc_pbuf.c.obj)
 .text.rd_idx_inc
                0x000000000800f394       0x18 zephyr/libzephyr.a(mpsc_pbuf.c.obj)
 .text.add_skip_item
                0x000000000800f3ac       0x3a zephyr/libzephyr.a(mpsc_pbuf.c.obj)
 .text.drop_item_locked
                0x000000000800f3e6       0xee zephyr/libzephyr.a(mpsc_pbuf.c.obj)
 .text.post_drop_action
                0x000000000800f4d4       0x36 zephyr/libzephyr.a(mpsc_pbuf.c.obj)
 .text.max_utilization_update
                0x000000000800f50a       0x1a zephyr/libzephyr.a(mpsc_pbuf.c.obj)
 .text.mpsc_pbuf_init
                0x000000000800f524       0x42 zephyr/libzephyr.a(mpsc_pbuf.c.obj)
                0x000000000800f524                mpsc_pbuf_init
 .text.mpsc_pbuf_alloc
                0x000000000800f566       0xf8 zephyr/libzephyr.a(mpsc_pbuf.c.obj)
                0x000000000800f566                mpsc_pbuf_alloc
 .text.mpsc_pbuf_commit
                0x000000000800f65e       0x3e zephyr/libzephyr.a(mpsc_pbuf.c.obj)
                0x000000000800f65e                mpsc_pbuf_commit
 .text.mpsc_pbuf_claim
                0x000000000800f69c       0xa8 zephyr/libzephyr.a(mpsc_pbuf.c.obj)
                0x000000000800f69c                mpsc_pbuf_claim
 .text.mpsc_pbuf_free
                0x000000000800f744       0x76 zephyr/libzephyr.a(mpsc_pbuf.c.obj)
                0x000000000800f744                mpsc_pbuf_free
 .text.mpsc_pbuf_is_pending
                0x000000000800f7ba       0x32 zephyr/libzephyr.a(mpsc_pbuf.c.obj)
                0x000000000800f7ba                mpsc_pbuf_is_pending
 .text.ring_buf_put_claim
                0x000000000800f7ec       0x40 zephyr/libzephyr.a(ring_buffer.c.obj)
                0x000000000800f7ec                ring_buf_put_claim
 .text.ring_buf_put_finish
                0x000000000800f82c       0x2a zephyr/libzephyr.a(ring_buffer.c.obj)
                0x000000000800f82c                ring_buf_put_finish
 .text.ring_buf_put
                0x000000000800f856       0x3e zephyr/libzephyr.a(ring_buffer.c.obj)
                0x000000000800f856                ring_buf_put
 .text.ring_buf_get_claim
                0x000000000800f894       0x3e zephyr/libzephyr.a(ring_buffer.c.obj)
                0x000000000800f894                ring_buf_get_claim
 .text.ring_buf_get_finish
                0x000000000800f8d2       0x2a zephyr/libzephyr.a(ring_buffer.c.obj)
                0x000000000800f8d2                ring_buf_get_finish
 .text.ring_buf_get
                0x000000000800f8fc       0x40 zephyr/libzephyr.a(ring_buffer.c.obj)
                0x000000000800f8fc                ring_buf_get
 .text._ConfigAbsSyms
                0x000000000800f93c        0x2 zephyr/libzephyr.a(configs.c.obj)
                0x000000000800f93c                _ConfigAbsSyms
 .text.HAL_GetTick
                0x000000000800f93e       0x10 zephyr/libzephyr.a(stm32cube_hal.c.obj)
                0x000000000800f93e                HAL_GetTick
 .text.HAL_Delay
                0x000000000800f94e       0x16 zephyr/libzephyr.a(stm32cube_hal.c.obj)
                0x000000000800f94e                HAL_Delay
 .text.log_msg_generic_get_wlen
                0x000000000800f964       0x20 zephyr/libzephyr.a(log_core.c.obj)
 .text.dummy_timestamp
                0x000000000800f984        0x4 zephyr/libzephyr.a(log_core.c.obj)
 .text.atomic_inc
                0x000000000800f988       0x1a zephyr/libzephyr.a(log_core.c.obj)
 .text.default_lf_get_timestamp
                0x000000000800f9a2       0x10 zephyr/libzephyr.a(log_core.c.obj)
 .text.z_log_vprintk
                0x000000000800f9b2       0x1c zephyr/libzephyr.a(log_core.c.obj)
                0x000000000800f9b2                z_log_vprintk
 .text.z_log_notify_drop
                0x000000000800f9ce        0x6 zephyr/libzephyr.a(log_core.c.obj)
 .text.z_log_get_tag
                0x000000000800f9d4        0x4 zephyr/libzephyr.a(log_core.c.obj)
                0x000000000800f9d4                z_log_get_tag
 .text.z_impl_log_filter_set
                0x000000000800f9d8       0x10 zephyr/libzephyr.a(log_mgmt.c.obj)
                0x000000000800f9d8                z_impl_log_filter_set
 .text.log_backend_disable
                0x000000000800f9e8       0x18 zephyr/libzephyr.a(log_mgmt.c.obj)
                0x000000000800f9e8                log_backend_disable
 .text.z_cbprintf_cpy
                0x000000000800fa00       0x2c zephyr/libzephyr.a(log_msg.c.obj)
 .text.z_log_msg_finalize
                0x000000000800fa2c       0x32 zephyr/libzephyr.a(log_msg.c.obj)
                0x000000000800fa2c                z_log_msg_finalize
 .text.z_log_msg_simple_create
                0x000000000800fa5e       0x6e zephyr/libzephyr.a(log_msg.c.obj)
 .text.z_impl_z_log_msg_simple_create_0
                0x000000000800facc       0x12 zephyr/libzephyr.a(log_msg.c.obj)
                0x000000000800facc                z_impl_z_log_msg_simple_create_0
 .text.z_impl_z_log_msg_simple_create_1
                0x000000000800fade       0x14 zephyr/libzephyr.a(log_msg.c.obj)
                0x000000000800fade                z_impl_z_log_msg_simple_create_1
 .text.log_output_write
                0x000000000800faf2       0x1c zephyr/libzephyr.a(log_output.c.obj)
 .text.log_output_flush
                0x000000000800fb0e       0x1a zephyr/libzephyr.a(log_output.c.obj)
 .text.out_func
                0x000000000800fb28       0x36 zephyr/libzephyr.a(log_output.c.obj)
 .text.cr_out_func
                0x000000000800fb5e       0x1c zephyr/libzephyr.a(log_output.c.obj)
 .text.log_output_msg_process
                0x000000000800fb7a       0x6c zephyr/libzephyr.a(log_output.c.obj)
                0x000000000800fb7a                log_output_msg_process
 .text.disk_access_status
                0x000000000800fbe6       0x1c zephyr/libzephyr.a(disk_access.c.obj)
                0x000000000800fbe6                disk_access_status
 .text.disk_access_read
                0x000000000800fc02       0x2e zephyr/libzephyr.a(disk_access.c.obj)
                0x000000000800fc02                disk_access_read
 .text.disk_access_write
                0x000000000800fc30       0x2e zephyr/libzephyr.a(disk_access.c.obj)
                0x000000000800fc30                disk_access_write
 .text.cmd_kernel_reboot_cold
                0x000000000800fc5e        0x8 zephyr/libzephyr.a(reboot.c.obj)
 .text.cmd_kernel_reboot_warm
                0x000000000800fc66        0x8 zephyr/libzephyr.a(reboot.c.obj)
 .text.log_msg_generic_get_wlen
                0x000000000800fc6e       0x20 zephyr/libzephyr.a(shell_uart.c.obj)
 .text.uart_irq_tx_disable
                0x000000000800fc8e        0xa zephyr/libzephyr.a(shell_uart.c.obj)
 .text.enable   0x000000000800fc98       0x12 zephyr/libzephyr.a(shell_uart.c.obj)
 .text.read_uart
                0x000000000800fcaa       0x12 zephyr/libzephyr.a(shell_uart.c.obj)
 .text.uninit   0x000000000800fcbc       0x20 zephyr/libzephyr.a(shell_uart.c.obj)
 .text.write_uart
                0x000000000800fcdc       0x6c zephyr/libzephyr.a(shell_uart.c.obj)
 .text.cmd_buffer_clear
                0x000000000800fd48       0x16 zephyr/libzephyr.a(shell.c.obj)
 .text.atomic_or
                0x000000000800fd5e       0x1e zephyr/libzephyr.a(shell.c.obj)
 .text.atomic_and
                0x000000000800fd7c       0x1e zephyr/libzephyr.a(shell.c.obj)
 .text.k_mutex_lock
                0x000000000800fd9a        0x4 zephyr/libzephyr.a(shell.c.obj)
 .text.shell_signal_handle
                0x000000000800fd9e       0x2c zephyr/libzephyr.a(shell.c.obj)
 .text.z_shell_raw_fprintf
                0x000000000800fdca       0x1a zephyr/libzephyr.a(shell.c.obj)
 .text.z_shell_strlen
                0x000000000800fde4        0xc zephyr/libzephyr.a(shell.c.obj)
 .text.transport_evt_handler
                0x000000000800fdf0       0x14 zephyr/libzephyr.a(shell.c.obj)
 .text.z_flag_cmd_ctx_set.isra.0
                0x000000000800fe04       0x16 zephyr/libzephyr.a(shell.c.obj)
 .text.z_flag_history_exit_set.isra.0
                0x000000000800fe1a       0x14 zephyr/libzephyr.a(shell.c.obj)
 .text.z_flag_insert_mode_set.isra.0
                0x000000000800fe2e       0x1e zephyr/libzephyr.a(shell.c.obj)
 .text.k_mutex_unlock.isra.0
                0x000000000800fe4c        0x4 zephyr/libzephyr.a(shell.c.obj)
 .text.shell_log_process
                0x000000000800fe50       0x48 zephyr/libzephyr.a(shell.c.obj)
 .text.shell_start
                0x000000000800fe98       0x66 zephyr/libzephyr.a(shell.c.obj)
                0x000000000800fe98                shell_start
 .text.shell_vfprintf
                0x000000000800fefe       0x8a zephyr/libzephyr.a(shell.c.obj)
                0x000000000800fefe                shell_vfprintf
 .text.shell_fprintf_impl
                0x000000000800ff88       0x1a zephyr/libzephyr.a(shell.c.obj)
                0x000000000800ff88                shell_fprintf_impl
 .text.shell_fprintf_normal
                0x000000000800ffa2       0x1c zephyr/libzephyr.a(shell.c.obj)
                0x000000000800ffa2                shell_fprintf_normal
 .text.shell_fprintf_warn
                0x000000000800ffbe       0x1c zephyr/libzephyr.a(shell.c.obj)
                0x000000000800ffbe                shell_fprintf_warn
 .text.shell_fprintf_error
                0x000000000800ffda       0x1c zephyr/libzephyr.a(shell.c.obj)
                0x000000000800ffda                shell_fprintf_error
 .text.shell_prompt_change
                0x000000000800fff6       0x5a zephyr/libzephyr.a(shell.c.obj)
                0x000000000800fff6                shell_prompt_change
 .text.shell_help
                0x0000000008010050       0x2a zephyr/libzephyr.a(shell.c.obj)
                0x0000000008010050                shell_help
 .text.shell_get_return_value
                0x000000000801007a       0x10 zephyr/libzephyr.a(shell.c.obj)
                0x000000000801007a                shell_get_return_value
 .text.shell_set_bypass
                0x000000000801008a        0xc zephyr/libzephyr.a(shell.c.obj)
                0x000000000801008a                shell_set_bypass
 .text.z_shell_fprintf_buffer_flush
                0x0000000008010096       0x18 zephyr/libzephyr.a(shell_fprintf.c.obj)
                0x0000000008010096                z_shell_fprintf_buffer_flush
 .text.out_func
                0x00000000080100ae       0x3c zephyr/libzephyr.a(shell_fprintf.c.obj)
 .text.z_shell_strlen
                0x00000000080100ea        0xc zephyr/libzephyr.a(shell_utils.c.obj)
 .text.z_column_span_with_buffer_offsets_get
                0x00000000080100f6       0x1e zephyr/libzephyr.a(shell_utils.c.obj)
                0x00000000080100f6                z_column_span_with_buffer_offsets_get
 .text.z_row_span_with_buffer_offsets_get
                0x0000000008010114       0x16 zephyr/libzephyr.a(shell_utils.c.obj)
                0x0000000008010114                z_row_span_with_buffer_offsets_get
 .text.z_shell_multiline_data_calc
                0x000000000801012a       0x2c zephyr/libzephyr.a(shell_utils.c.obj)
                0x000000000801012a                z_shell_multiline_data_calc
 .text.z_shell_make_argv
                0x0000000008010156      0x1a0 zephyr/libzephyr.a(shell_utils.c.obj)
                0x0000000008010156                z_shell_make_argv
 .text.z_shell_pattern_remove
                0x00000000080102f6       0x4e zephyr/libzephyr.a(shell_utils.c.obj)
                0x00000000080102f6                z_shell_pattern_remove
 .text.z_shell_find_cmd
                0x0000000008010344       0x58 zephyr/libzephyr.a(shell_utils.c.obj)
                0x0000000008010344                z_shell_find_cmd
 .text.z_shell_get_last_command
                0x000000000801039c       0x5c zephyr/libzephyr.a(shell_utils.c.obj)
                0x000000000801039c                z_shell_get_last_command
 .text.z_shell_spaces_trim
                0x00000000080103f8       0x60 zephyr/libzephyr.a(shell_utils.c.obj)
                0x00000000080103f8                z_shell_spaces_trim
 .text.z_shell_cmd_trim
                0x0000000008010458       0x74 zephyr/libzephyr.a(shell_utils.c.obj)
                0x0000000008010458                z_shell_cmd_trim
 .text.z_shell_raw_fprintf
                0x00000000080104cc       0x1a zephyr/libzephyr.a(shell_ops.c.obj)
 .text.full_line_cmd.isra.0
                0x00000000080104e6       0x24 zephyr/libzephyr.a(shell_ops.c.obj)
 .text.z_shell_cursor_in_empty_line
                0x000000000801050a       0x2e zephyr/libzephyr.a(shell_ops.c.obj)
                0x000000000801050a                z_shell_cursor_in_empty_line
 .text.z_shell_op_cond_next_line